test_causal_full_report_and_prefix_match_all_new_state (tests.test_source_primary_pdf.PrimaryPDFTests.test_causal_full_report_and_prefix_match_all_new_state) ... ok
test_flow_preserves_global_destination_through_new_confirmations (tests.test_source_primary_pdf.PrimaryPDFTests.test_flow_preserves_global_destination_through_new_confirmations) ... ok
test_full_manipulation_absorption_is_not_single_sweep_bar (tests.test_source_primary_pdf.PrimaryPDFTests.test_full_manipulation_absorption_is_not_single_sweep_bar) ... ok
test_independent_filled_closed_cost_case (tests.test_source_primary_pdf.PrimaryPDFTests.test_independent_filled_closed_cost_case) ... FAIL
test_raid_ob_can_form_without_mandatory_imb_or_body_dominance (tests.test_source_primary_pdf.PrimaryPDFTests.test_raid_ob_can_form_without_mandatory_imb_or_body_dominance) ... ok
test_remote_equal_pool_is_not_universal_blocker_below_active_leg (tests.test_source_primary_pdf.PrimaryPDFTests.test_remote_equal_pool_is_not_universal_blocker_below_active_leg) ... ok
test_repeat_ob_requires_distinct_visit_and_new_context (tests.test_source_primary_pdf.PrimaryPDFTests.test_repeat_ob_requires_distinct_visit_and_new_context) ... ok
test_repeat_visit_dedup_uses_actual_reaction_not_original_first_test (tests.test_source_primary_pdf.PrimaryPDFTests.test_repeat_visit_dedup_uses_actual_reaction_not_original_first_test) ... ok

======================================================================
FAIL: test_independent_filled_closed_cost_case (tests.test_source_primary_pdf.PrimaryPDFTests.test_independent_filled_closed_cost_case)
----------------------------------------------------------------------
Traceback (most recent call last):
  File "/workspace/-/tests/test_source_primary_pdf.py", line 111, in test_independent_filled_closed_cost_case
    self.assertEqual(a.trades[0]['status'],'CLOSED')
AssertionError: 'OPEN' != 'CLOSED'
- OPEN
+ CLOSED


----------------------------------------------------------------------
Ran 8 tests in 0.020s

FAILED (failures=1)
