All 21 original checkpoint fingerprints reproduced exactly
HOLDOUT_SEGMENT_00 verified complete exit case reused
REFERENCE_SEGMENT_00 verified complete exit case reused
VALIDATION_SEGMENT_00 verified complete exit case reused
HOLDOUT_SEGMENT_00 verified complete exit case reused
REFERENCE_SEGMENT_00 verified complete exit case reused
VALIDATION_SEGMENT_00 verified complete exit case reused
HOLDOUT_SEGMENT_00 verified complete exit case reused
REFERENCE_SEGMENT_00 verified complete exit case reused
VALIDATION_SEGMENT_00 verified complete exit case reused
HOLDOUT_SEGMENT_10 verified complete exit case reused
REFERENCE_SEGMENT_00 verified complete exit case reused
REFERENCE_SEGMENT_01 verified complete exit case reused
REFERENCE_SEGMENT_02 verified complete exit case reused
REFERENCE_SEGMENT_03 verified complete exit case reused
REFERENCE_SEGMENT_04 verified complete exit case reused
REFERENCE_SEGMENT_05 verified complete exit case reused
REFERENCE_SEGMENT_06 verified complete exit case reused
REFERENCE_SEGMENT_07 verified complete exit case reused
REFERENCE_SEGMENT_08 verified complete exit case reused
REFERENCE_SEGMENT_09 verified complete exit case reused
REFERENCE_SEGMENT_10 verified complete exit case reused
VALIDATION_SEGMENT_10 verified complete exit case reused
HOLDOUT_SEGMENT_10 verified complete exit case reused
REFERENCE_SEGMENT_00 verified complete exit case reused
REFERENCE_SEGMENT_01 verified complete exit case reused
REFERENCE_SEGMENT_02 verified complete exit case reused
REFERENCE_SEGMENT_03 verified complete exit case reused
REFERENCE_SEGMENT_04 verified complete exit case reused
REFERENCE_SEGMENT_05 verified complete exit case reused
REFERENCE_SEGMENT_06 verified complete exit case reused
REFERENCE_SEGMENT_07 verified complete exit case reused
REFERENCE_SEGMENT_08 verified complete exit case reused
REFERENCE_SEGMENT_09 verified complete exit case reused
REFERENCE_SEGMENT_10 verified complete exit case reused
VALIDATION_SEGMENT_10 verified complete exit case reused
HOLDOUT_SEGMENT_10 verified complete exit case reused
REFERENCE_SEGMENT_00 verified complete exit case reused
REFERENCE_SEGMENT_01 verified complete exit case reused
REFERENCE_SEGMENT_03 verified complete exit case reused
REFERENCE_SEGMENT_04 verified complete exit case reused
REFERENCE_SEGMENT_05 verified complete exit case reused
REFERENCE_SEGMENT_07 verified complete exit case reused
REFERENCE_SEGMENT_08 verified complete exit case reused
REFERENCE_SEGMENT_09 verified complete exit case reused
REFERENCE_SEGMENT_10 verified complete exit case reused
VALIDATION_SEGMENT_10 verified complete exit case reused
HOLDOUT_SEGMENT_10 verified complete exit case reused
REFERENCE_SEGMENT_00 verified complete exit case reused
REFERENCE_SEGMENT_01 verified complete exit case reused
REFERENCE_SEGMENT_02 verified complete exit case reused
REFERENCE_SEGMENT_03 verified complete exit case reused
REFERENCE_SEGMENT_04 verified complete exit case reused
REFERENCE_SEGMENT_05 verified complete exit case reused
REFERENCE_SEGMENT_06 verified complete exit case reused
REFERENCE_SEGMENT_07 verified complete exit case reused
REFERENCE_SEGMENT_08 verified complete exit case reused
REFERENCE_SEGMENT_09 verified complete exit case reused
REFERENCE_SEGMENT_10 verified complete exit case reused
VALIDATION_SEGMENT_10 verified complete exit case reused
HOLDOUT_SEGMENT_10 verified complete exit case reused
REFERENCE_SEGMENT_00 verified complete exit case reused
REFERENCE_SEGMENT_01 verified complete exit case reused
REFERENCE_SEGMENT_03 verified complete exit case reused
REFERENCE_SEGMENT_04 verified complete exit case reused
REFERENCE_SEGMENT_05 verified complete exit case reused
REFERENCE_SEGMENT_07 verified complete exit case reused
REFERENCE_SEGMENT_08 verified complete exit case reused
REFERENCE_SEGMENT_09 verified complete exit case reused
REFERENCE_SEGMENT_10 verified complete exit case reused
VALIDATION_SEGMENT_10 verified complete exit case reused
HOLDOUT_SEGMENT_10 verified complete exit case reused
REFERENCE_SEGMENT_00 verified complete exit case reused
REFERENCE_SEGMENT_03 verified complete exit case reused
REFERENCE_SEGMENT_05 verified complete exit case reused
REFERENCE_SEGMENT_07 verified complete exit case reused
REFERENCE_SEGMENT_08 verified complete exit case reused
REFERENCE_SEGMENT_09 verified complete exit case reused
REFERENCE_SEGMENT_10 verified complete exit case reused
VALIDATION_SEGMENT_10 verified complete exit case reused
limit_15_5 verified complete exit case reused
final_240_15 verified complete exit case reused
final_240_5 verified complete exit case reused
final_240_60 verified complete exit case reused
final_60_15 verified complete exit case reused
limit_60_5 verified complete exit case reused
EXIT_HOLDOUT_SEGMENT_17 verified complete exit case reused
EXIT_HOLDOUT_SEGMENT_19 verified complete exit case reused
EXIT_HOLDOUT_SEGMENT_20 verified complete exit case reused
{'trade_records_including_overlapping_research_windows': 68, 'actual_adverse_gap_exit': 0, 'entry_bar_exit': 10, 'old_stop_wins_stop_target_collision': 0}
Tables generated: 321 canonical rows; 616 exit rows; complete = True
Complete research reports generated; verdict INSUFFICIENT SAMPLE
