VERIFIED_RESUME data/reports/medium_term_2026_10_10/causal_final/native_bybit_2026/detection/BTCUSDT
VERIFIED_RESUME data/reports/medium_term_2026_10_10/causal_final/native_bybit_2026/detection/ETHUSDT
VERIFIED_RESUME data/reports/medium_term_2026_10_10/causal_final/native_bybit_2026/detection/SOLUSDT
VERIFIED_RESUME data/reports/medium_term_2026_10_10/causal_final/native_bybit_2026/detection/XRPUSDT
VERIFIED_RESUME data/reports/medium_term_2026_10_10/causal_final/native_bybit_2026/detection/BNBUSDT
VERIFIED_RESUME data/reports/medium_term_2026_10_10/causal_final/native_bybit_2026/detection/DOGEUSDT
VERIFIED_RESUME data/reports/medium_term_2026_10_10/causal_final/native_bybit_2026/detection/ADAUSDT
VERIFIED_RESUME data/reports/medium_term_2026_10_10/causal_final/native_bybit_2026/detection/LINKUSDT
VERIFIED_RESUME data/reports/medium_term_2026_10_10/causal_final/native_bybit_2026/detection/AVAXUSDT
VERIFIED_RESUME data/reports/medium_term_2026_10_10/causal_final/native_bybit_2026/detection/LTCUSDT
VERIFIED_RESUME data/reports/medium_term_2026_10_10/role_corrected_v2/native_bybit_2026/detection/BTCUSDT
VERIFIED_RESUME data/reports/medium_term_2026_10_10/role_corrected_v2/native_bybit_2026/detection/ETHUSDT
VERIFIED_RESUME data/reports/medium_term_2026_10_10/role_corrected_v2/native_bybit_2026/detection/SOLUSDT
VERIFIED_RESUME data/reports/medium_term_2026_10_10/role_corrected_v2/native_bybit_2026/detection/XRPUSDT
VERIFIED_RESUME data/reports/medium_term_2026_10_10/role_corrected_v2/native_bybit_2026/detection/BNBUSDT
VERIFIED_RESUME data/reports/medium_term_2026_10_10/role_corrected_v2/native_bybit_2026/detection/DOGEUSDT
VERIFIED_RESUME data/reports/medium_term_2026_10_10/role_corrected_v2/native_bybit_2026/detection/ADAUSDT
VERIFIED_RESUME data/reports/medium_term_2026_10_10/role_corrected_v2/native_bybit_2026/detection/LINKUSDT
VERIFIED_RESUME data/reports/medium_term_2026_10_10/role_corrected_v2/native_bybit_2026/detection/AVAXUSDT
VERIFIED_RESUME data/reports/medium_term_2026_10_10/role_corrected_v2/native_bybit_2026/detection/LTCUSDT
native_bybit_2026 enabled independent cases 1 / 6721
native_bybit_2026 enabled independent cases 51 / 6721
native_bybit_2026 enabled independent cases 101 / 6721
native_bybit_2026 enabled independent cases 151 / 6721
native_bybit_2026 enabled independent cases 201 / 6721
native_bybit_2026 enabled independent cases 251 / 6721
native_bybit_2026 enabled independent cases 301 / 6721
native_bybit_2026 enabled independent cases 351 / 6721
native_bybit_2026 enabled independent cases 401 / 6721
native_bybit_2026 enabled independent cases 451 / 6721
native_bybit_2026 enabled independent cases 501 / 6721
native_bybit_2026 enabled independent cases 551 / 6721
native_bybit_2026 enabled independent cases 601 / 6721
native_bybit_2026 enabled independent cases 651 / 6721
native_bybit_2026 enabled independent cases 701 / 6721
native_bybit_2026 enabled independent cases 751 / 6721
native_bybit_2026 enabled independent cases 801 / 6721
native_bybit_2026 enabled independent cases 851 / 6721
native_bybit_2026 enabled independent cases 901 / 6721
native_bybit_2026 enabled independent cases 951 / 6721
native_bybit_2026 enabled independent cases 1001 / 6721
native_bybit_2026 enabled independent cases 1051 / 6721
native_bybit_2026 enabled independent cases 1101 / 6721
native_bybit_2026 enabled independent cases 1151 / 6721
native_bybit_2026 enabled independent cases 1201 / 6721
native_bybit_2026 enabled independent cases 1251 / 6721
native_bybit_2026 enabled independent cases 1301 / 6721
native_bybit_2026 enabled independent cases 1351 / 6721
native_bybit_2026 enabled independent cases 1401 / 6721
native_bybit_2026 enabled independent cases 1451 / 6721
native_bybit_2026 enabled independent cases 1501 / 6721
native_bybit_2026 enabled independent cases 1551 / 6721
native_bybit_2026 enabled independent cases 1601 / 6721
native_bybit_2026 enabled independent cases 1651 / 6721
native_bybit_2026 enabled independent cases 1701 / 6721
native_bybit_2026 enabled independent cases 1751 / 6721
native_bybit_2026 enabled independent cases 1801 / 6721
native_bybit_2026 enabled independent cases 1851 / 6721
native_bybit_2026 enabled independent cases 1901 / 6721
native_bybit_2026 enabled independent cases 1951 / 6721
native_bybit_2026 enabled independent cases 2001 / 6721
native_bybit_2026 enabled independent cases 2051 / 6721
native_bybit_2026 enabled independent cases 2101 / 6721
native_bybit_2026 enabled independent cases 2151 / 6721
native_bybit_2026 enabled independent cases 2201 / 6721
native_bybit_2026 enabled independent cases 2251 / 6721
native_bybit_2026 enabled independent cases 2301 / 6721
native_bybit_2026 enabled independent cases 2351 / 6721
native_bybit_2026 enabled independent cases 2401 / 6721
native_bybit_2026 enabled independent cases 2451 / 6721
native_bybit_2026 enabled independent cases 2501 / 6721
native_bybit_2026 enabled independent cases 2551 / 6721
native_bybit_2026 enabled independent cases 2601 / 6721
native_bybit_2026 enabled independent cases 2651 / 6721
native_bybit_2026 enabled independent cases 2701 / 6721
native_bybit_2026 enabled independent cases 2751 / 6721
native_bybit_2026 enabled independent cases 2801 / 6721
native_bybit_2026 enabled independent cases 2851 / 6721
native_bybit_2026 enabled independent cases 2901 / 6721
native_bybit_2026 enabled independent cases 2951 / 6721
native_bybit_2026 enabled independent cases 3001 / 6721
native_bybit_2026 enabled independent cases 3051 / 6721
native_bybit_2026 enabled independent cases 3101 / 6721
native_bybit_2026 enabled independent cases 3151 / 6721
native_bybit_2026 enabled independent cases 3201 / 6721
native_bybit_2026 enabled independent cases 3251 / 6721
native_bybit_2026 enabled independent cases 3301 / 6721
native_bybit_2026 enabled independent cases 3351 / 6721
native_bybit_2026 enabled independent cases 3401 / 6721
native_bybit_2026 enabled independent cases 3451 / 6721
native_bybit_2026 enabled independent cases 3501 / 6721
native_bybit_2026 enabled independent cases 3551 / 6721
native_bybit_2026 enabled independent cases 3601 / 6721
native_bybit_2026 enabled independent cases 3651 / 6721
native_bybit_2026 enabled independent cases 3701 / 6721
native_bybit_2026 enabled independent cases 3751 / 6721
native_bybit_2026 enabled independent cases 3801 / 6721
native_bybit_2026 enabled independent cases 3851 / 6721
native_bybit_2026 enabled independent cases 3901 / 6721
native_bybit_2026 enabled independent cases 3951 / 6721
native_bybit_2026 enabled independent cases 4001 / 6721
native_bybit_2026 enabled independent cases 4051 / 6721
native_bybit_2026 enabled independent cases 4101 / 6721
native_bybit_2026 enabled independent cases 4151 / 6721
native_bybit_2026 enabled independent cases 4201 / 6721
native_bybit_2026 enabled independent cases 4251 / 6721
native_bybit_2026 enabled independent cases 4301 / 6721
native_bybit_2026 enabled independent cases 4351 / 6721
native_bybit_2026 enabled independent cases 4401 / 6721
native_bybit_2026 enabled independent cases 4451 / 6721
native_bybit_2026 enabled independent cases 4501 / 6721
native_bybit_2026 enabled independent cases 4551 / 6721
native_bybit_2026 enabled independent cases 4601 / 6721
native_bybit_2026 enabled independent cases 4651 / 6721
native_bybit_2026 enabled independent cases 4701 / 6721
native_bybit_2026 enabled independent cases 4751 / 6721
native_bybit_2026 enabled independent cases 4801 / 6721
native_bybit_2026 enabled independent cases 4851 / 6721
native_bybit_2026 enabled independent cases 4901 / 6721
native_bybit_2026 enabled independent cases 4951 / 6721
native_bybit_2026 enabled independent cases 5001 / 6721
native_bybit_2026 enabled independent cases 5051 / 6721
native_bybit_2026 enabled independent cases 5101 / 6721
native_bybit_2026 enabled independent cases 5151 / 6721
native_bybit_2026 enabled independent cases 5201 / 6721
native_bybit_2026 enabled independent cases 5251 / 6721
native_bybit_2026 enabled independent cases 5301 / 6721
native_bybit_2026 enabled independent cases 5351 / 6721
native_bybit_2026 enabled independent cases 5401 / 6721
native_bybit_2026 enabled independent cases 5451 / 6721
native_bybit_2026 enabled independent cases 5501 / 6721
native_bybit_2026 enabled independent cases 5551 / 6721
native_bybit_2026 enabled independent cases 5601 / 6721
native_bybit_2026 enabled independent cases 5651 / 6721
native_bybit_2026 enabled independent cases 5701 / 6721
native_bybit_2026 enabled independent cases 5751 / 6721
native_bybit_2026 enabled independent cases 5801 / 6721
native_bybit_2026 enabled independent cases 5851 / 6721
native_bybit_2026 enabled independent cases 5901 / 6721
native_bybit_2026 enabled independent cases 5951 / 6721
native_bybit_2026 enabled independent cases 6001 / 6721
native_bybit_2026 enabled independent cases 6051 / 6721
native_bybit_2026 enabled independent cases 6101 / 6721
native_bybit_2026 enabled independent cases 6151 / 6721
native_bybit_2026 enabled independent cases 6201 / 6721
native_bybit_2026 enabled independent cases 6251 / 6721
native_bybit_2026 enabled independent cases 6301 / 6721
native_bybit_2026 enabled independent cases 6351 / 6721
native_bybit_2026 enabled independent cases 6401 / 6721
native_bybit_2026 enabled independent cases 6451 / 6721
native_bybit_2026 enabled independent cases 6501 / 6721
native_bybit_2026 enabled independent cases 6551 / 6721
native_bybit_2026 enabled independent cases 6601 / 6721
native_bybit_2026 enabled independent cases 6651 / 6721
native_bybit_2026 enabled independent cases 6701 / 6721
native_bybit_2026 disabled_cost_gate independent cases 1 / 6753
native_bybit_2026 disabled_cost_gate independent cases 51 / 6753
native_bybit_2026 disabled_cost_gate independent cases 101 / 6753
native_bybit_2026 disabled_cost_gate independent cases 151 / 6753
native_bybit_2026 disabled_cost_gate independent cases 201 / 6753
native_bybit_2026 disabled_cost_gate independent cases 251 / 6753
native_bybit_2026 disabled_cost_gate independent cases 301 / 6753
native_bybit_2026 disabled_cost_gate independent cases 351 / 6753
native_bybit_2026 disabled_cost_gate independent cases 401 / 6753
native_bybit_2026 disabled_cost_gate independent cases 451 / 6753
native_bybit_2026 disabled_cost_gate independent cases 501 / 6753
native_bybit_2026 disabled_cost_gate independent cases 551 / 6753
native_bybit_2026 disabled_cost_gate independent cases 601 / 6753
native_bybit_2026 disabled_cost_gate independent cases 651 / 6753
native_bybit_2026 disabled_cost_gate independent cases 701 / 6753
native_bybit_2026 disabled_cost_gate independent cases 751 / 6753
native_bybit_2026 disabled_cost_gate independent cases 801 / 6753
native_bybit_2026 disabled_cost_gate independent cases 851 / 6753
native_bybit_2026 disabled_cost_gate independent cases 901 / 6753
native_bybit_2026 disabled_cost_gate independent cases 951 / 6753
native_bybit_2026 disabled_cost_gate independent cases 1001 / 6753
native_bybit_2026 disabled_cost_gate independent cases 1051 / 6753
native_bybit_2026 disabled_cost_gate independent cases 1101 / 6753
native_bybit_2026 disabled_cost_gate independent cases 1151 / 6753
native_bybit_2026 disabled_cost_gate independent cases 1201 / 6753
native_bybit_2026 disabled_cost_gate independent cases 1251 / 6753
native_bybit_2026 disabled_cost_gate independent cases 1301 / 6753
native_bybit_2026 disabled_cost_gate independent cases 1351 / 6753
native_bybit_2026 disabled_cost_gate independent cases 1401 / 6753
native_bybit_2026 disabled_cost_gate independent cases 1451 / 6753
native_bybit_2026 disabled_cost_gate independent cases 1501 / 6753
native_bybit_2026 disabled_cost_gate independent cases 1551 / 6753
native_bybit_2026 disabled_cost_gate independent cases 1601 / 6753
native_bybit_2026 disabled_cost_gate independent cases 1651 / 6753
native_bybit_2026 disabled_cost_gate independent cases 1701 / 6753
native_bybit_2026 disabled_cost_gate independent cases 1751 / 6753
native_bybit_2026 disabled_cost_gate independent cases 1801 / 6753
native_bybit_2026 disabled_cost_gate independent cases 1851 / 6753
native_bybit_2026 disabled_cost_gate independent cases 1901 / 6753
native_bybit_2026 disabled_cost_gate independent cases 1951 / 6753
native_bybit_2026 disabled_cost_gate independent cases 2001 / 6753
native_bybit_2026 disabled_cost_gate independent cases 2051 / 6753
native_bybit_2026 disabled_cost_gate independent cases 2101 / 6753
native_bybit_2026 disabled_cost_gate independent cases 2151 / 6753
native_bybit_2026 disabled_cost_gate independent cases 2201 / 6753
native_bybit_2026 disabled_cost_gate independent cases 2251 / 6753
native_bybit_2026 disabled_cost_gate independent cases 2301 / 6753
native_bybit_2026 disabled_cost_gate independent cases 2351 / 6753
native_bybit_2026 disabled_cost_gate independent cases 2401 / 6753
native_bybit_2026 disabled_cost_gate independent cases 2451 / 6753
native_bybit_2026 disabled_cost_gate independent cases 2501 / 6753
native_bybit_2026 disabled_cost_gate independent cases 2551 / 6753
native_bybit_2026 disabled_cost_gate independent cases 2601 / 6753
native_bybit_2026 disabled_cost_gate independent cases 2651 / 6753
native_bybit_2026 disabled_cost_gate independent cases 2701 / 6753
native_bybit_2026 disabled_cost_gate independent cases 2751 / 6753
native_bybit_2026 disabled_cost_gate independent cases 2801 / 6753
native_bybit_2026 disabled_cost_gate independent cases 2851 / 6753
native_bybit_2026 disabled_cost_gate independent cases 2901 / 6753
native_bybit_2026 disabled_cost_gate independent cases 2951 / 6753
native_bybit_2026 disabled_cost_gate independent cases 3001 / 6753
native_bybit_2026 disabled_cost_gate independent cases 3051 / 6753
native_bybit_2026 disabled_cost_gate independent cases 3101 / 6753
native_bybit_2026 disabled_cost_gate independent cases 3151 / 6753
native_bybit_2026 disabled_cost_gate independent cases 3201 / 6753
native_bybit_2026 disabled_cost_gate independent cases 3251 / 6753
native_bybit_2026 disabled_cost_gate independent cases 3301 / 6753
native_bybit_2026 disabled_cost_gate independent cases 3351 / 6753
native_bybit_2026 disabled_cost_gate independent cases 3401 / 6753
native_bybit_2026 disabled_cost_gate independent cases 3451 / 6753
native_bybit_2026 disabled_cost_gate independent cases 3501 / 6753
native_bybit_2026 disabled_cost_gate independent cases 3551 / 6753
native_bybit_2026 disabled_cost_gate independent cases 3601 / 6753
native_bybit_2026 disabled_cost_gate independent cases 3651 / 6753
native_bybit_2026 disabled_cost_gate independent cases 3701 / 6753
native_bybit_2026 disabled_cost_gate independent cases 3751 / 6753
native_bybit_2026 disabled_cost_gate independent cases 3801 / 6753
native_bybit_2026 disabled_cost_gate independent cases 3851 / 6753
native_bybit_2026 disabled_cost_gate independent cases 3901 / 6753
native_bybit_2026 disabled_cost_gate independent cases 3951 / 6753
native_bybit_2026 disabled_cost_gate independent cases 4001 / 6753
native_bybit_2026 disabled_cost_gate independent cases 4051 / 6753
native_bybit_2026 disabled_cost_gate independent cases 4101 / 6753
native_bybit_2026 disabled_cost_gate independent cases 4151 / 6753
native_bybit_2026 disabled_cost_gate independent cases 4201 / 6753
native_bybit_2026 disabled_cost_gate independent cases 4251 / 6753
native_bybit_2026 disabled_cost_gate independent cases 4301 / 6753
native_bybit_2026 disabled_cost_gate independent cases 4351 / 6753
native_bybit_2026 disabled_cost_gate independent cases 4401 / 6753
native_bybit_2026 disabled_cost_gate independent cases 4451 / 6753
native_bybit_2026 disabled_cost_gate independent cases 4501 / 6753
native_bybit_2026 disabled_cost_gate independent cases 4551 / 6753
native_bybit_2026 disabled_cost_gate independent cases 4601 / 6753
native_bybit_2026 disabled_cost_gate independent cases 4651 / 6753
native_bybit_2026 disabled_cost_gate independent cases 4701 / 6753
native_bybit_2026 disabled_cost_gate independent cases 4751 / 6753
native_bybit_2026 disabled_cost_gate independent cases 4801 / 6753
native_bybit_2026 disabled_cost_gate independent cases 4851 / 6753
native_bybit_2026 disabled_cost_gate independent cases 4901 / 6753
native_bybit_2026 disabled_cost_gate independent cases 4951 / 6753
native_bybit_2026 disabled_cost_gate independent cases 5001 / 6753
native_bybit_2026 disabled_cost_gate independent cases 5051 / 6753
native_bybit_2026 disabled_cost_gate independent cases 5101 / 6753
native_bybit_2026 disabled_cost_gate independent cases 5151 / 6753
native_bybit_2026 disabled_cost_gate independent cases 5201 / 6753
native_bybit_2026 disabled_cost_gate independent cases 5251 / 6753
native_bybit_2026 disabled_cost_gate independent cases 5301 / 6753
native_bybit_2026 disabled_cost_gate independent cases 5351 / 6753
native_bybit_2026 disabled_cost_gate independent cases 5401 / 6753
native_bybit_2026 disabled_cost_gate independent cases 5451 / 6753
native_bybit_2026 disabled_cost_gate independent cases 5501 / 6753
native_bybit_2026 disabled_cost_gate independent cases 5551 / 6753
native_bybit_2026 disabled_cost_gate independent cases 5601 / 6753
native_bybit_2026 disabled_cost_gate independent cases 5651 / 6753
native_bybit_2026 disabled_cost_gate independent cases 5701 / 6753
native_bybit_2026 disabled_cost_gate independent cases 5751 / 6753
native_bybit_2026 disabled_cost_gate independent cases 5801 / 6753
native_bybit_2026 disabled_cost_gate independent cases 5851 / 6753
native_bybit_2026 disabled_cost_gate independent cases 5901 / 6753
native_bybit_2026 disabled_cost_gate independent cases 5951 / 6753
native_bybit_2026 disabled_cost_gate independent cases 6001 / 6753
native_bybit_2026 disabled_cost_gate independent cases 6051 / 6753
native_bybit_2026 disabled_cost_gate independent cases 6101 / 6753
native_bybit_2026 disabled_cost_gate independent cases 6151 / 6753
native_bybit_2026 disabled_cost_gate independent cases 6201 / 6753
native_bybit_2026 disabled_cost_gate independent cases 6251 / 6753
native_bybit_2026 disabled_cost_gate independent cases 6301 / 6753
native_bybit_2026 disabled_cost_gate independent cases 6351 / 6753
native_bybit_2026 disabled_cost_gate independent cases 6401 / 6753
native_bybit_2026 disabled_cost_gate independent cases 6451 / 6753
native_bybit_2026 disabled_cost_gate independent cases 6501 / 6753
native_bybit_2026 disabled_cost_gate independent cases 6551 / 6753
native_bybit_2026 disabled_cost_gate independent cases 6601 / 6753
native_bybit_2026 disabled_cost_gate independent cases 6651 / 6753
native_bybit_2026 disabled_cost_gate independent cases 6701 / 6753
native_bybit_2026 disabled_cost_gate independent cases 6751 / 6753
