BTCUSDT analyze native 5m
BTCUSDT analyze native 15m
BTCUSDT analyze native 60m
BTCUSDT analyze native 240m
BTCUSDT COMPLETE: {'source_contexts': 10518, 'setups': 4039, 'qualified_structure': 1005, 'liquidity_passed': 488, 'poi_passed': 488, 'order_flow_passed': 311, 'pd_passed': 90, 'READY': 90}
ETHUSDT analyze native 5m
ETHUSDT analyze native 15m
ETHUSDT analyze native 60m
ETHUSDT analyze native 240m
Traceback (most recent call last):
  File "/workspace/-/scripts/run_source_bybit.py", line 345, in <module>
    main()
  File "/workspace/-/scripts/run_source_bybit.py", line 336, in main
    detect_symbol(symbol, output / 'segments' / symbol, symbol_inputs, code_hash, policy, losses)
  File "/workspace/-/scripts/run_source_bybit.py", line 175, in detect_symbol
    engine.advance(tf, index)
  File "/workspace/-/src/crypto_bot/strategy/source_engine.py", line 485, in advance
    self._evaluate(setup, now)
  File "/workspace/-/src/crypto_bot/strategy/source_engine.py", line 570, in _evaluate
    signal = SourceSignal(signal_id, setup.setup_id, self.symbol, now, direction, setup.htf, setup.ltf,
             ^^^^^^^^^^^^^^^^^^^^^^^^^^^^^^^^^^^^^^^^^^^^^^^^^^^^^^^^^^^^^^^^^^^^^^^^^^^^^^^^^^^^^^^^^^
  File "<string>", line 18, in __init__
  File "/workspace/-/src/crypto_bot/strategy/source_engine.py", line 408, in __post_init__
    raise ValueError('invalid entry/SL/target geometry')
ValueError: invalid entry/SL/target geometry
