{
  "real_prefix_future_mutation": {
    "status": "PASS",
    "fixed_cutoff": "2026-03-01T00:00:00+00:00",
    "native_prefix_candles": 14293,
    "exact_signals": 0,
    "exact_cancellations": 0,
    "exact_global_flows": 172,
    "exact_range_external_audits": 20,
    "future_mutation_4_native_TFs": "PASS",
    "cohort": "ALREADY_INSPECTED_DEVELOPMENT"
  },
  "ledger": {
    "status": "PASS",
    "source_ready_timestamp_and_flow_evidence": 3,
    "unique_strict_opportunities": 3,
    "unique_entries": 0,
    "full_strict_closed": 0,
    "primary_closed": 0,
    "case_occupancy_independent": true,
    "case_budget_independent": true,
    "scope_240_60_excluded": true,
    "cost_and_risk_accounting": "PASS",
    "actual_cost_and_risk_ledger_rows": 0,
    "nonempty_execution_cost_risk_validation": "CONSTRUCTED_UNIT_FIXTURES_NOT_HISTORY_PERFORMANCE",
    "intermediate13_exact_cutoff_audits": {
      "FALSE_POSITIVE_IMPLEMENTATION": 13
    },
    "five_old_range_losses_audited": 5,
    "trade_entry_allowed": false
  },
  "manifests": {
    "status": "PASS",
    "hashed_artifacts": 93,
    "native_inputs": 40,
    "implementation_files": 15
  },
  "verification_script_sha256": "5cbd5ac3d437f6ddab4dfc4fd62561bd48a3833fb171810bb7f7a664e9ae1e6b"
}
