BTCUSDT analyze native 5m
BTCUSDT analyze native 15m
BTCUSDT analyze native 60m
BTCUSDT analyze native 240m
BTCUSDT COMPLETE: {'source_contexts': 10531, 'setups': 4043, 'qualified_structure': 902, 'liquidity_passed': 446, 'poi_passed': 446, 'order_flow_passed': 286, 'pd_passed': 81, 'READY': 81}
ETHUSDT analyze native 5m
ETHUSDT analyze native 15m
ETHUSDT analyze native 60m
ETHUSDT analyze native 240m
ETHUSDT COMPLETE: {'source_contexts': 10341, 'setups': 4130, 'qualified_structure': 931, 'liquidity_passed': 423, 'poi_passed': 423, 'order_flow_passed': 288, 'pd_passed': 77, 'READY': 77}
SOLUSDT analyze native 5m
Traceback (most recent call last):
  File "/workspace/-/scripts/run_source_bybit.py", line 361, in <module>
    main()
  File "/workspace/-/scripts/run_source_bybit.py", line 352, in main
    detect_symbol(symbol, output / 'segments' / symbol, symbol_inputs, code_hash, policy, losses)
  File "/workspace/-/scripts/run_source_bybit.py", line 165, in detect_symbol
    report = analyze_market(cs, timeframe_minutes=tf)
             ^^^^^^^^^^^^^^^^^^^^^^^^^^^^^^^^^^^^^^^^
  File "/workspace/-/src/crypto_bot/strategy/market_analysis.py", line 1313, in analyze_market
    bullish_local = _post_bos_bullish_structure(
                    ^^^^^^^^^^^^^^^^^^^^^^^^^^^^
  File "/workspace/-/src/crypto_bot/strategy/market_analysis.py", line 416, in _post_bos_bullish_structure
    return _bullish_structure_ending_at_high(
           ^^^^^^^^^^^^^^^^^^^^^^^^^^^^^^^^^^
  File "/workspace/-/src/crypto_bot/strategy/market_analysis.py", line 268, in _bullish_structure_ending_at_high
    level for level in levels
    ^^^^^
KeyboardInterrupt
