{
  "ledger": {
    "status": "PASS",
    "source_ready_timestamp_and_flow_evidence": 9,
    "unique_strict_opportunities": 9,
    "unique_entries": 0,
    "full_strict_closed": 0,
    "primary_closed": 0,
    "case_occupancy_independent": true,
    "case_budget_independent": true,
    "scope_240_60_excluded": true,
    "cost_and_risk_accounting": "PASS",
    "actual_cost_and_risk_ledger_rows": 0,
    "nonempty_execution_cost_risk_validation": "CONSTRUCTED_UNIT_FIXTURES_NOT_HISTORY_PERFORMANCE",
    "intermediate13_exact_cutoff_audits": {
      "FALSE_POSITIVE_REGISTERED_SOURCE_IMPLEMENTATION": 11,
      "UNCERTAIN_OR_DIFFERENT_PERMITTED_VARIANT": 2
    },
    "five_old_range_losses_audited": 5,
    "trade_entry_allowed": false
  },
  "manifests": {
    "status": "PASS",
    "hashed_artifacts": 93,
    "native_inputs": 40,
    "implementation_files": 27
  },
  "verification_script_sha256": "3227c003b90f176a183f5bd4a54c53f271a40c305f8fe96ab97a831f3f060070"
}
