{
  "resume": "VERIFIED_COMPLETE_NO_MUTATION",
  "segments": 10,
  "summary": {
    "admission_decisions": {
      "CANCEL_CONFIRMED_LTF_STRUCTURE_BROKEN": 6,
      "CANCEL_FLOW_DESTINATION_TESTED": 2,
      "ONE_SEQUENTIAL_ACCOUNT_BUSY": 1,
      "VIRTUAL_LIMIT_PENDING": 8
    },
    "all_closed": {
      "AvgHoldingSeconds": null,
      "AvgLoss": null,
      "AvgR": null,
      "AvgWin": null,
      "BE": 0,
      "CLOSED": 0,
      "Expectancy": null,
      "Fees": 0,
      "GrossAfterSlippageBeforeFees": 0,
      "GrossPnL": 0,
      "Losses": 0,
      "MaxDrawdown": 0.0,
      "MaxDrawdownFraction": 0.0,
      "MaxLosingStreak": 0,
      "MaxWinningStreak": 0,
      "MedianR": null,
      "NetPnL": 0,
      "PayoffRatio": null,
      "ProfitFactor": null,
      "Slippage": 0,
      "WinRate": null,
      "Wins": 0
    },
    "cohort": "BYBIT_2026_ALREADY_INSPECTED_DEVELOPMENT",
    "final_cash": 1170.0,
    "final_equity": 1170.0,
    "funding": "UNAVAILABLE_NOT_MODELLED",
    "funnel": {
      "CLOSED": 0,
      "READY": 9,
      "entries": 0,
      "liquidity_passed": 182,
      "open_censored": 0,
      "order_flow_passed": 9,
      "pd_passed": 9,
      "pending_censored": 0,
      "poi_passed": 182,
      "qualified_structure": 8838,
      "setups": 59584,
      "source_contexts": 101827
    },
    "initial_equity": 1170.0,
    "mode": "BACKTEST",
    "one_position": true,
    "primary": {
      "AvgHoldingSeconds": null,
      "AvgLoss": null,
      "AvgR": null,
      "AvgWin": null,
      "BE": 0,
      "CLOSED": 0,
      "Expectancy": null,
      "Fees": 0,
      "GrossAfterSlippageBeforeFees": 0,
      "GrossPnL": 0,
      "Losses": 0,
      "MaxDrawdown": 0.0,
      "MaxDrawdownFraction": 0.0,
      "MaxLosingStreak": 0,
      "MaxWinningStreak": 0,
      "MedianR": null,
      "NetPnL": 0,
      "PayoffRatio": null,
      "ProfitFactor": null,
      "Slippage": 0,
      "WinRate": null,
      "Wins": 0
    },
    "primary_breakdown": {
      "direction": {},
      "mapping": {},
      "poi_type": {},
      "setup_type": {},
      "symbol": {}
    },
    "primary_selection": "PORTFOLIO_SIMULATION_SEPARATE_FROM_PRIMARY_CASES",
    "status": "COMPLETE_FULL_NATIVE_DATASET",
    "trade_entry_allowed": false
  },
  "trade_entry_allowed": false
}
