SOLUSDT analyze native 5m
ETHUSDT analyze native 5m
BTCUSDT analyze native 5m
XRPUSDT analyze native 5m
XRPUSDT analyze native 15m
SOLUSDT analyze native 15m
BTCUSDT analyze native 15m
ETHUSDT analyze native 15m
SOLUSDT analyze native 60m
XRPUSDT analyze native 60m
SOLUSDT analyze native 240m
XRPUSDT analyze native 240m
BTCUSDT analyze native 60m
BTCUSDT analyze native 240m
ETHUSDT analyze native 60m
ETHUSDT analyze native 240m
XRPUSDT observed through 2026-02-14T11:45:00+00:00; source contexts=977 path READY=732
SOLUSDT observed through 2026-02-15T01:20:00+00:00; source contexts=1093 path READY=909
BTCUSDT observed through 2026-02-14T17:40:00+00:00; source contexts=1033 path READY=779
ETHUSDT observed through 2026-02-13T16:00:00+00:00; source contexts=1051 path READY=879
XRPUSDT observed through 2026-02-22T16:55:00+00:00; source contexts=1458 path READY=1262
SOLUSDT observed through 2026-02-21T21:15:00+00:00; source contexts=1547 path READY=1383
BTCUSDT observed through 2026-02-23T02:10:00+00:00; source contexts=1563 path READY=1263
ETHUSDT observed through 2026-02-20T22:45:00+00:00; source contexts=1504 path READY=1203
XRPUSDT observed through 2026-03-01T06:50:00+00:00; source contexts=1811 path READY=1651
SOLUSDT observed through 2026-02-27T14:05:00+00:00; source contexts=1814 path READY=1696
BTCUSDT observed through 2026-03-01T07:10:00+00:00; source contexts=1901 path READY=1616
ETHUSDT observed through 2026-02-27T04:30:00+00:00; source contexts=1886 path READY=1510
XRPUSDT observed through 2026-03-06T06:45:00+00:00; source contexts=2093 path READY=1954
SOLUSDT observed through 2026-03-04T19:25:00+00:00; source contexts=2118 path READY=2017
BTCUSDT observed through 2026-03-06T06:55:00+00:00; source contexts=2208 path READY=1948
ETHUSDT observed through 2026-03-04T03:30:00+00:00; source contexts=2149 path READY=1850
XRPUSDT observed through 2026-03-11T02:50:00+00:00; source contexts=2407 path READY=2217
SOLUSDT observed through 2026-03-08T17:15:00+00:00; source contexts=2346 path READY=2224
BTCUSDT observed through 2026-03-11T14:15:00+00:00; source contexts=2540 path READY=2293
ETHUSDT observed through 2026-03-08T15:50:00+00:00; source contexts=2466 path READY=2138
XRPUSDT observed through 2026-03-15T02:25:00+00:00; source contexts=2619 path READY=2419
SOLUSDT observed through 2026-03-12T14:10:00+00:00; source contexts=2548 path READY=2433
BTCUSDT observed through 2026-03-15T15:15:00+00:00; source contexts=2761 path READY=2525
ETHUSDT observed through 2026-03-12T18:05:00+00:00; source contexts=2726 path READY=2446
SOLUSDT observed through 2026-03-16T15:15:00+00:00; source contexts=2800 path READY=2743
XRPUSDT observed through 2026-03-18T07:45:00+00:00; source contexts=2823 path READY=2642
BTCUSDT observed through 2026-03-19T07:00:00+00:00; source contexts=2982 path READY=2700
ETHUSDT observed through 2026-03-15T17:15:00+00:00; source contexts=2885 path READY=2616
SOLUSDT observed through 2026-03-20T19:35:00+00:00; source contexts=3023 path READY=2949
XRPUSDT observed through 2026-03-22T06:15:00+00:00; source contexts=3050 path READY=2876
BTCUSDT observed through 2026-03-22T12:10:00+00:00; source contexts=3166 path READY=2862
ETHUSDT observed through 2026-03-19T07:05:00+00:00; source contexts=3148 path READY=2895
SOLUSDT observed through 2026-03-23T11:00:00+00:00; source contexts=3173 path READY=3119
XRPUSDT observed through 2026-03-25T20:10:00+00:00; source contexts=3281 path READY=3131
BTCUSDT observed through 2026-03-25T15:40:00+00:00; source contexts=3345 path READY=3029
ETHUSDT observed through 2026-03-22T13:30:00+00:00; source contexts=3340 path READY=3120
SOLUSDT observed through 2026-03-26T09:45:00+00:00; source contexts=3351 path READY=3316
XRPUSDT observed through 2026-03-28T12:20:00+00:00; source contexts=3473 path READY=3291
BTCUSDT observed through 2026-03-28T16:25:00+00:00; source contexts=3484 path READY=3145
ETHUSDT observed through 2026-03-25T07:10:00+00:00; source contexts=3488 path READY=3299
SOLUSDT observed through 2026-03-29T12:45:00+00:00; source contexts=3575 path READY=3479
XRPUSDT observed through 2026-03-31T11:40:00+00:00; source contexts=3696 path READY=3500
BTCUSDT observed through 2026-03-31T04:30:00+00:00; source contexts=3655 path READY=3328
ETHUSDT observed through 2026-03-27T23:40:00+00:00; source contexts=3655 path READY=3488
SOLUSDT observed through 2026-04-01T09:45:00+00:00; source contexts=3755 path READY=3662
XRPUSDT observed through 2026-04-03T13:45:00+00:00; source contexts=3915 path READY=3737
BTCUSDT observed through 2026-04-03T05:40:00+00:00; source contexts=3856 path READY=3537
ETHUSDT observed through 2026-03-30T22:35:00+00:00; source contexts=3858 path READY=3708
SOLUSDT observed through 2026-04-04T13:10:00+00:00; source contexts=3963 path READY=3856
XRPUSDT observed through 2026-04-06T07:15:00+00:00; source contexts=4104 path READY=3906
BTCUSDT observed through 2026-04-05T19:15:00+00:00; source contexts=4006 path READY=3689
ETHUSDT observed through 2026-04-01T22:10:00+00:00; source contexts=3987 path READY=3843
SOLUSDT observed through 2026-04-07T00:30:00+00:00; source contexts=4098 path READY=4023
XRPUSDT observed through 2026-04-08T02:55:00+00:00; source contexts=4223 path READY=4030
BTCUSDT observed through 2026-04-07T21:40:00+00:00; source contexts=4120 path READY=3842
ETHUSDT observed through 2026-04-04T03:40:00+00:00; source contexts=4137 path READY=4022
SOLUSDT observed through 2026-04-08T14:50:00+00:00; source contexts=4195 path READY=4124
XRPUSDT observed through 2026-04-09T16:50:00+00:00; source contexts=4303 path READY=4104
BTCUSDT observed through 2026-04-09T21:30:00+00:00; source contexts=4257 path READY=3987
ETHUSDT observed through 2026-04-05T17:35:00+00:00; source contexts=4227 path READY=4100
SOLUSDT observed through 2026-04-10T08:25:00+00:00; source contexts=4288 path READY=4229
XRPUSDT observed through 2026-04-11T12:05:00+00:00; source contexts=4392 path READY=4188
BTCUSDT observed through 2026-04-11T16:40:00+00:00; source contexts=4369 path READY=4104
ETHUSDT observed through 2026-04-07T15:50:00+00:00; source contexts=4333 path READY=4189
SOLUSDT observed through 2026-04-11T23:55:00+00:00; source contexts=4396 path READY=4319
XRPUSDT observed through 2026-04-13T07:35:00+00:00; source contexts=4480 path READY=4286
BTCUSDT observed through 2026-04-13T01:20:00+00:00; source contexts=4449 path READY=4198
ETHUSDT observed through 2026-04-09T02:40:00+00:00; source contexts=4409 path READY=4276
SOLUSDT observed through 2026-04-13T20:15:00+00:00; source contexts=4496 path READY=4413
XRPUSDT observed through 2026-04-14T22:45:00+00:00; source contexts=4586 path READY=4386
BTCUSDT observed through 2026-04-14T17:25:00+00:00; source contexts=4545 path READY=4271
ETHUSDT observed through 2026-04-10T17:50:00+00:00; source contexts=4498 path READY=4389
SOLUSDT observed through 2026-04-15T09:45:00+00:00; source contexts=4574 path READY=4500
XRPUSDT observed through 2026-04-16T15:30:00+00:00; source contexts=4679 path READY=4506
BTCUSDT observed through 2026-04-16T06:15:00+00:00; source contexts=4646 path READY=4390
ETHUSDT observed through 2026-04-12T08:25:00+00:00; source contexts=4593 path READY=4479
SOLUSDT observed through 2026-04-17T07:20:00+00:00; source contexts=4680 path READY=4584
XRPUSDT observed through 2026-04-18T02:20:00+00:00; source contexts=4760 path READY=4594
BTCUSDT observed through 2026-04-17T14:30:00+00:00; source contexts=4739 path READY=4488
ETHUSDT observed through 2026-04-14T01:10:00+00:00; source contexts=4709 path READY=4591
SOLUSDT observed through 2026-04-18T19:00:00+00:00; source contexts=4752 path READY=4683
XRPUSDT observed through 2026-04-19T14:15:00+00:00; source contexts=4868 path READY=4746
BTCUSDT observed through 2026-04-19T03:40:00+00:00; source contexts=4817 path READY=4561
ETHUSDT observed through 2026-04-15T04:20:00+00:00; source contexts=4756 path READY=4692
SOLUSDT observed through 2026-04-20T18:10:00+00:00; source contexts=4844 path READY=4797
XRPUSDT observed through 2026-04-21T13:00:00+00:00; source contexts=5009 path READY=4924
BTCUSDT observed through 2026-04-21T01:50:00+00:00; source contexts=4936 path READY=4731
ETHUSDT observed through 2026-04-17T08:15:00+00:00; source contexts=4903 path READY=4808
SOLUSDT observed through 2026-04-23T01:20:00+00:00; source contexts=4979 path READY=4940
XRPUSDT observed through 2026-04-23T15:45:00+00:00; source contexts=5174 path READY=5059
BTCUSDT observed through 2026-04-22T21:45:00+00:00; source contexts=5080 path READY=4879
ETHUSDT observed through 2026-04-19T01:45:00+00:00; source contexts=5001 path READY=4912
SOLUSDT observed through 2026-04-25T06:40:00+00:00; source contexts=5127 path READY=5091
XRPUSDT observed through 2026-04-25T16:30:00+00:00; source contexts=5353 path READY=5202
BTCUSDT observed through 2026-04-24T23:05:00+00:00; source contexts=5193 path READY=4967
ETHUSDT observed through 2026-04-20T23:30:00+00:00; source contexts=5111 path READY=5036
SOLUSDT observed through 2026-04-27T14:40:00+00:00; source contexts=5283 path READY=5219
XRPUSDT observed through 2026-04-27T15:40:00+00:00; source contexts=5526 path READY=5341
BTCUSDT observed through 2026-04-26T18:35:00+00:00; source contexts=5246 path READY=4994
ETHUSDT observed through 2026-04-23T06:05:00+00:00; source contexts=5270 path READY=5223
SOLUSDT observed through 2026-04-29T09:25:00+00:00; source contexts=5379 path READY=5354
XRPUSDT observed through 2026-04-29T07:15:00+00:00; source contexts=5617 path READY=5447
BTCUSDT observed through 2026-04-28T07:20:00+00:00; source contexts=5392 path READY=5152
ETHUSDT observed through 2026-04-24T23:35:00+00:00; source contexts=5403 path READY=5331
