BTCUSDT analyze native 5m
XRPUSDT analyze native 5m
SOLUSDT analyze native 5m
ETHUSDT analyze native 5m
XRPUSDT analyze native 15m
SOLUSDT analyze native 15m
BTCUSDT analyze native 15m
ETHUSDT analyze native 15m
XRPUSDT analyze native 60m
SOLUSDT analyze native 60m
XRPUSDT analyze native 240m
SOLUSDT analyze native 240m
BTCUSDT analyze native 60m
BTCUSDT analyze native 240m
ETHUSDT analyze native 60m
ETHUSDT analyze native 240m
XRPUSDT observed through 2026-02-16T11:50:00+00:00; source contexts=1068 path READY=846
SOLUSDT observed through 2026-02-15T21:40:00+00:00; source contexts=1170 path READY=1001
BTCUSDT observed through 2026-02-18T01:15:00+00:00; source contexts=1265 path READY=985
ETHUSDT observed through 2026-02-16T02:20:00+00:00; source contexts=1205 path READY=1000
XRPUSDT observed through 2026-02-26T17:00:00+00:00; source contexts=1671 path READY=1493
SOLUSDT observed through 2026-02-25T01:55:00+00:00; source contexts=1691 path READY=1515
BTCUSDT observed through 2026-02-27T10:45:00+00:00; source contexts=1794 path READY=1498
ETHUSDT observed through 2026-02-24T18:45:00+00:00; source contexts=1749 path READY=1426
XRPUSDT observed through 2026-03-06T17:15:00+00:00; source contexts=2113 path READY=1996
SOLUSDT observed through 2026-03-05T01:15:00+00:00; source contexts=2134 path READY=2047
BTCUSDT observed through 2026-03-07T16:05:00+00:00; source contexts=2267 path READY=1999
ETHUSDT observed through 2026-03-04T05:50:00+00:00; source contexts=2157 path READY=1865
XRPUSDT observed through 2026-03-13T13:00:00+00:00; source contexts=2557 path READY=2373
SOLUSDT observed through 2026-03-11T07:15:00+00:00; source contexts=2475 path READY=2377
BTCUSDT observed through 2026-03-14T00:15:00+00:00; source contexts=2690 path READY=2427
ETHUSDT observed through 2026-03-10T13:15:00+00:00; source contexts=2595 path READY=2308
XRPUSDT observed through 2026-03-19T22:25:00+00:00; source contexts=2898 path READY=2726
SOLUSDT observed through 2026-03-17T23:20:00+00:00; source contexts=2883 path READY=2823
BTCUSDT observed through 2026-03-20T22:00:00+00:00; source contexts=3077 path READY=2800
ETHUSDT observed through 2026-03-17T14:25:00+00:00; source contexts=3010 path READY=2743
XRPUSDT observed through 2026-03-26T19:00:00+00:00; source contexts=3358 path READY=3189
SOLUSDT observed through 2026-03-24T12:20:00+00:00; source contexts=3242 path READY=3227
BTCUSDT observed through 2026-03-27T01:35:00+00:00; source contexts=3395 path READY=3079
ETHUSDT observed through 2026-03-23T05:00:00+00:00; source contexts=3380 path READY=3185
XRPUSDT observed through 2026-04-01T00:10:00+00:00; source contexts=3725 path READY=3541
SOLUSDT observed through 2026-03-30T09:35:00+00:00; source contexts=3635 path READY=3561
BTCUSDT observed through 2026-04-01T15:05:00+00:00; source contexts=3736 path READY=3433
ETHUSDT observed through 2026-03-29T11:40:00+00:00; source contexts=3740 path READY=3584
XRPUSDT observed through 2026-04-06T08:40:00+00:00; source contexts=4106 path READY=3907
SOLUSDT observed through 2026-04-04T23:25:00+00:00; source contexts=3982 path READY=3870
BTCUSDT observed through 2026-04-07T01:35:00+00:00; source contexts=4089 path READY=3792
ETHUSDT observed through 2026-04-04T05:50:00+00:00; source contexts=4144 path READY=4022
XRPUSDT observed through 2026-04-11T12:05:00+00:00; source contexts=4392 path READY=4188
SOLUSDT observed through 2026-04-09T20:35:00+00:00; source contexts=4258 path READY=4184
BTCUSDT observed through 2026-04-12T00:25:00+00:00; source contexts=4393 path READY=4129
ETHUSDT observed through 2026-04-09T01:35:00+00:00; source contexts=4409 path READY=4276
XRPUSDT observed through 2026-04-15T21:55:00+00:00; source contexts=4633 path READY=4469
SOLUSDT observed through 2026-04-14T10:30:00+00:00; source contexts=4511 path READY=4424
BTCUSDT observed through 2026-04-16T01:55:00+00:00; source contexts=4642 path READY=4386
ETHUSDT observed through 2026-04-13T11:20:00+00:00; source contexts=4673 path READY=4571
XRPUSDT observed through 2026-04-19T16:30:00+00:00; source contexts=4873 path READY=4752
SOLUSDT observed through 2026-04-18T15:15:00+00:00; source contexts=4743 path READY=4668
BTCUSDT observed through 2026-04-19T20:05:00+00:00; source contexts=4861 path READY=4622
ETHUSDT observed through 2026-04-17T07:40:00+00:00; source contexts=4902 path READY=4808
XRPUSDT observed through 2026-04-23T15:00:00+00:00; source contexts=5174 path READY=5059
SOLUSDT observed through 2026-04-22T20:55:00+00:00; source contexts=4968 path READY=4930
BTCUSDT observed through 2026-04-23T10:20:00+00:00; source contexts=5113 path READY=4904
ETHUSDT observed through 2026-04-21T07:05:00+00:00; source contexts=5123 path READY=5044
XRPUSDT observed through 2026-04-27T04:30:00+00:00; source contexts=5480 path READY=5321
SOLUSDT observed through 2026-04-26T21:25:00+00:00; source contexts=5222 path READY=5153
BTCUSDT observed through 2026-04-26T22:30:00+00:00; source contexts=5269 path READY=5012
ETHUSDT observed through 2026-04-25T01:00:00+00:00; source contexts=5408 path READY=5335
XRPUSDT observed through 2026-04-30T11:05:00+00:00; source contexts=5698 path READY=5566
SOLUSDT observed through 2026-04-30T15:15:00+00:00; source contexts=5456 path READY=5434
BTCUSDT observed through 2026-04-30T01:20:00+00:00; source contexts=5508 path READY=5279
ETHUSDT observed through 2026-04-28T11:20:00+00:00; source contexts=5675 path READY=5604
XRPUSDT observed through 2026-05-03T22:10:00+00:00; source contexts=5882 path READY=5758
SOLUSDT observed through 2026-05-04T12:50:00+00:00; source contexts=5676 path READY=5696
BTCUSDT observed through 2026-05-03T07:40:00+00:00; source contexts=5706 path READY=5490
ETHUSDT observed through 2026-05-01T16:45:00+00:00; source contexts=5864 path READY=5793
XRPUSDT observed through 2026-05-07T01:50:00+00:00; source contexts=6050 path READY=5947
SOLUSDT observed through 2026-05-08T01:10:00+00:00; source contexts=5857 path READY=5877
BTCUSDT observed through 2026-05-06T02:50:00+00:00; source contexts=5901 path READY=5734
ETHUSDT observed through 2026-05-04T16:55:00+00:00; source contexts=6062 path READY=6023
XRPUSDT observed through 2026-05-09T17:30:00+00:00; source contexts=6226 path READY=6115
SOLUSDT observed through 2026-05-11T04:30:00+00:00; source contexts=6018 path READY=6080
BTCUSDT observed through 2026-05-08T16:40:00+00:00; source contexts=6041 path READY=5897
ETHUSDT observed through 2026-05-07T08:20:00+00:00; source contexts=6237 path READY=6173
XRPUSDT observed through 2026-05-12T14:05:00+00:00; source contexts=6389 path READY=6263
SOLUSDT observed through 2026-05-14T04:40:00+00:00; source contexts=6177 path READY=6229
BTCUSDT observed through 2026-05-11T11:40:00+00:00; source contexts=6236 path READY=6087
ETHUSDT observed through 2026-05-10T01:40:00+00:00; source contexts=6441 path READY=6431
XRPUSDT observed through 2026-05-15T08:10:00+00:00; source contexts=6560 path READY=6525
SOLUSDT observed through 2026-05-17T01:15:00+00:00; source contexts=6344 path READY=6378
BTCUSDT observed through 2026-05-14T00:55:00+00:00; source contexts=6392 path READY=6317
ETHUSDT observed through 2026-05-13T02:35:00+00:00; source contexts=6677 path READY=6728
XRPUSDT observed through 2026-05-18T05:00:00+00:00; source contexts=6711 path READY=6678
SOLUSDT observed through 2026-05-19T15:50:00+00:00; source contexts=6523 path READY=6482
BTCUSDT observed through 2026-05-16T16:55:00+00:00; source contexts=6535 path READY=6482
ETHUSDT observed through 2026-05-15T22:25:00+00:00; source contexts=6835 path READY=6894
XRPUSDT observed through 2026-05-20T23:00:00+00:00; source contexts=6986 path READY=6896
SOLUSDT observed through 2026-05-21T18:00:00+00:00; source contexts=6686 path READY=6684
BTCUSDT observed through 2026-05-19T03:35:00+00:00; source contexts=6688 path READY=6646
ETHUSDT observed through 2026-05-18T11:20:00+00:00; source contexts=6939 path READY=7016
XRPUSDT observed through 2026-05-23T11:30:00+00:00; source contexts=7183 path READY=7092
SOLUSDT observed through 2026-05-24T05:55:00+00:00; source contexts=6880 path READY=6875
BTCUSDT observed through 2026-05-21T17:20:00+00:00; source contexts=6899 path READY=6850
ETHUSDT observed through 2026-05-20T23:10:00+00:00; source contexts=7104 path READY=7206
XRPUSDT observed through 2026-05-26T00:30:00+00:00; source contexts=7287 path READY=7199
SOLUSDT observed through 2026-05-26T17:45:00+00:00; source contexts=6993 path READY=6961
BTCUSDT observed through 2026-05-24T02:00:00+00:00; source contexts=7062 path READY=7028
ETHUSDT observed through 2026-05-23T12:15:00+00:00; source contexts=7301 path READY=7395
XRPUSDT observed through 2026-05-28T12:55:00+00:00; source contexts=7430 path READY=7366
SOLUSDT observed through 2026-05-29T04:10:00+00:00; source contexts=7150 path READY=7128
BTCUSDT observed through 2026-05-26T11:30:00+00:00; source contexts=7203 path READY=7177
ETHUSDT observed through 2026-05-25T23:50:00+00:00; source contexts=7414 path READY=7519
XRPUSDT observed through 2026-05-31T03:20:00+00:00; source contexts=7633 path READY=7514
SOLUSDT observed through 2026-05-31T18:15:00+00:00; source contexts=7312 path READY=7338
BTCUSDT observed through 2026-05-28T22:30:00+00:00; source contexts=7355 path READY=7370
ETHUSDT observed through 2026-05-28T06:30:00+00:00; source contexts=7551 path READY=7689
XRPUSDT observed through 2026-06-02T13:20:00+00:00; source contexts=7767 path READY=7676
SOLUSDT observed through 2026-06-03T00:20:00+00:00; source contexts=7481 path READY=7465
BTCUSDT observed through 2026-05-31T04:00:00+00:00; source contexts=7469 path READY=7521
ETHUSDT observed through 2026-05-30T08:30:00+00:00; source contexts=7676 path READY=7771
XRPUSDT observed through 2026-06-05T00:40:00+00:00; source contexts=7867 path READY=7733
SOLUSDT observed through 2026-06-05T09:35:00+00:00; source contexts=7592 path READY=7560
BTCUSDT observed through 2026-06-02T14:30:00+00:00; source contexts=7622 path READY=7661
ETHUSDT observed through 2026-06-01T15:50:00+00:00; source contexts=7870 path READY=7910
XRPUSDT observed through 2026-06-07T08:15:00+00:00; source contexts=7979 path READY=7835
SOLUSDT observed through 2026-06-07T11:10:00+00:00; source contexts=7689 path READY=7624
BTCUSDT observed through 2026-06-05T00:50:00+00:00; source contexts=7805 path READY=7786
ETHUSDT observed through 2026-06-03T16:30:00+00:00; source contexts=8036 path READY=8076
XRPUSDT observed through 2026-06-09T10:05:00+00:00; source contexts=8079 path READY=7967
SOLUSDT observed through 2026-06-09T13:50:00+00:00; source contexts=7803 path READY=7741
BTCUSDT observed through 2026-06-07T12:25:00+00:00; source contexts=7922 path READY=7882
ETHUSDT observed through 2026-06-05T15:55:00+00:00; source contexts=8137 path READY=8161
XRPUSDT observed through 2026-06-11T10:35:00+00:00; source contexts=8215 path READY=8104
SOLUSDT observed through 2026-06-11T15:20:00+00:00; source contexts=7924 path READY=7859
BTCUSDT observed through 2026-06-09T19:55:00+00:00; source contexts=8084 path READY=8034
ETHUSDT observed through 2026-06-07T10:50:00+00:00; source contexts=8225 path READY=8237
XRPUSDT observed through 2026-06-13T11:00:00+00:00; source contexts=8341 path READY=8245
SOLUSDT observed through 2026-06-13T13:55:00+00:00; source contexts=8054 path READY=8010
BTCUSDT observed through 2026-06-11T23:40:00+00:00; source contexts=8225 path READY=8164
ETHUSDT observed through 2026-06-09T01:30:00+00:00; source contexts=8298 path READY=8294
XRPUSDT observed through 2026-06-15T05:40:00+00:00; source contexts=8449 path READY=8369
SOLUSDT observed through 2026-06-15T05:35:00+00:00; source contexts=8123 path READY=8078
BTCUSDT observed through 2026-06-14T01:40:00+00:00; source contexts=8359 path READY=8288
ETHUSDT observed through 2026-06-10T16:35:00+00:00; source contexts=8386 path READY=8415
XRPUSDT observed through 2026-06-17T03:35:00+00:00; source contexts=8547 path READY=8491
SOLUSDT observed through 2026-06-16T20:35:00+00:00; source contexts=8216 path READY=8186
BTCUSDT observed through 2026-06-15T23:15:00+00:00; source contexts=8463 path READY=8422
ETHUSDT observed through 2026-06-12T08:15:00+00:00; source contexts=8508 path READY=8576
XRPUSDT observed through 2026-06-18T23:45:00+00:00; source contexts=8620 path READY=8597
SOLUSDT observed through 2026-06-18T14:10:00+00:00; source contexts=8342 path READY=8358
BTCUSDT observed through 2026-06-18T01:50:00+00:00; source contexts=8585 path READY=8540
ETHUSDT observed through 2026-06-14T01:05:00+00:00; source contexts=8602 path READY=8662
XRPUSDT observed through 2026-06-20T20:10:00+00:00; source contexts=8728 path READY=8727
SOLUSDT observed through 2026-06-20T10:10:00+00:00; source contexts=8449 path READY=8469
BTCUSDT observed through 2026-06-20T00:25:00+00:00; source contexts=8677 path READY=8630
ETHUSDT observed through 2026-06-15T13:45:00+00:00; source contexts=8733 path READY=8794
XRPUSDT observed through 2026-06-22T14:30:00+00:00; source contexts=8831 path READY=8803
SOLUSDT observed through 2026-06-21T23:10:00+00:00; source contexts=8526 path READY=8544
BTCUSDT observed through 2026-06-21T19:00:00+00:00; source contexts=8759 path READY=8697
ETHUSDT observed through 2026-06-16T18:30:00+00:00; source contexts=8780 path READY=8843
XRPUSDT observed through 2026-06-24T02:05:00+00:00; source contexts=8927 path READY=8874
SOLUSDT observed through 2026-06-23T07:15:00+00:00; source contexts=8604 path READY=8636
BTCUSDT observed through 2026-06-23T08:40:00+00:00; source contexts=8858 path READY=8777
ETHUSDT observed through 2026-06-18T01:20:00+00:00; source contexts=8852 path READY=8905
XRPUSDT observed through 2026-06-25T13:40:00+00:00; source contexts=9017 path READY=8988
SOLUSDT observed through 2026-06-24T19:55:00+00:00; source contexts=8673 path READY=8682
BTCUSDT observed through 2026-06-25T04:25:00+00:00; source contexts=8944 path READY=8838
ETHUSDT observed through 2026-06-19T14:55:00+00:00; source contexts=8927 path READY=8976
XRPUSDT observed through 2026-06-27T05:25:00+00:00; source contexts=9097 path READY=9036
SOLUSDT observed through 2026-06-26T10:20:00+00:00; source contexts=8718 path READY=8764
BTCUSDT observed through 2026-06-27T02:55:00+00:00; source contexts=9024 path READY=8889
ETHUSDT observed through 2026-06-21T04:00:00+00:00; source contexts=8992 path READY=9022
XRPUSDT observed through 2026-06-28T18:50:00+00:00; source contexts=9191 path READY=9144
SOLUSDT observed through 2026-06-28T04:55:00+00:00; source contexts=8800 path READY=8845
BTCUSDT observed through 2026-06-29T00:00:00+00:00; source contexts=9153 path READY=9014
ETHUSDT observed through 2026-06-22T18:10:00+00:00; source contexts=9083 path READY=9126
XRPUSDT observed through 2026-06-30T10:35:00+00:00; source contexts=9330 path READY=9258
SOLUSDT observed through 2026-06-29T23:50:00+00:00; source contexts=8922 path READY=8974
BTCUSDT observed through 2026-06-30T18:15:00+00:00; source contexts=9265 path READY=9087
ETHUSDT observed through 2026-06-24T05:20:00+00:00; source contexts=9166 path READY=9159
XRPUSDT observed through 2026-07-01T23:05:00+00:00; source contexts=9458 path READY=9371
SOLUSDT observed through 2026-07-01T17:35:00+00:00; source contexts=9037 path READY=9111
BTCUSDT observed through 2026-07-02T09:15:00+00:00; source contexts=9364 path READY=9186
ETHUSDT observed through 2026-06-25T15:40:00+00:00; source contexts=9275 path READY=9303
XRPUSDT observed through 2026-07-03T10:45:00+00:00; source contexts=9534 path READY=9413
SOLUSDT observed through 2026-07-03T08:20:00+00:00; source contexts=9102 path READY=9190
BTCUSDT observed through 2026-07-04T01:50:00+00:00; source contexts=9464 path READY=9316
ETHUSDT observed through 2026-06-27T01:00:00+00:00; source contexts=9362 path READY=9383
XRPUSDT observed through 2026-07-04T21:10:00+00:00; source contexts=9621 path READY=9505
SOLUSDT observed through 2026-07-04T21:15:00+00:00; source contexts=9204 path READY=9276
BTCUSDT observed through 2026-07-05T15:35:00+00:00; source contexts=9539 path READY=9445
ETHUSDT observed through 2026-06-28T09:00:00+00:00; source contexts=9464 path READY=9467
XRPUSDT observed through 2026-07-06T05:15:00+00:00; source contexts=9701 path READY=9616
SOLUSDT observed through 2026-07-06T07:55:00+00:00; source contexts=9280 path READY=9363
BTCUSDT observed through 2026-07-07T05:20:00+00:00; source contexts=9635 path READY=9560
ETHUSDT observed through 2026-06-29T16:45:00+00:00; source contexts=9622 path READY=9575
XRPUSDT observed through 2026-07-07T17:15:00+00:00; source contexts=9799 path READY=9728
SOLUSDT observed through 2026-07-07T22:00:00+00:00; source contexts=9368 path READY=9457
BTCUSDT observed through 2026-07-08T21:05:00+00:00; source contexts=9740 path READY=9731
ETHUSDT observed through 2026-07-01T00:20:00+00:00; source contexts=9711 path READY=9657
XRPUSDT observed through 2026-07-09T04:40:00+00:00; source contexts=9879 path READY=9826
SOLUSDT observed through 2026-07-09T10:40:00+00:00; source contexts=9456 path READY=9552
BTCUSDT observed through 2026-07-10T12:15:00+00:00; source contexts=9852 path READY=9839
ETHUSDT observed through 2026-07-02T06:40:00+00:00; source contexts=9816 path READY=9750
XRPUSDT observed through 2026-07-10T14:25:00+00:00; source contexts=9973 path READY=9949
SOLUSDT observed through 2026-07-10T22:40:00+00:00; source contexts=9527 path READY=9636
BTCUSDT observed through 2026-07-12T00:20:00+00:00; source contexts=9955 path READY=9989
ETHUSDT observed through 2026-07-03T11:50:00+00:00; source contexts=9901 path READY=9836
XRPUSDT observed through 2026-07-11T23:45:00+00:00; source contexts=10062 path READY=10043
SOLUSDT observed through 2026-07-12T12:30:00+00:00; source contexts=9582 path READY=9675
BTCUSDT observed through 2026-07-13T07:55:00+00:00; source contexts=10065 path READY=10092
ETHUSDT observed through 2026-07-04T13:25:00+00:00; source contexts=9996 path READY=9927
XRPUSDT observed through 2026-07-13T01:20:00+00:00; source contexts=10146 path READY=10100
SOLUSDT observed through 2026-07-13T16:40:00+00:00; source contexts=9664 path READY=9810
BTCUSDT observed through 2026-07-14T16:10:00+00:00; source contexts=10156 path READY=10183
ETHUSDT observed through 2026-07-05T14:40:00+00:00; source contexts=10056 path READY=10019
XRPUSDT observed through 2026-07-14T12:00:00+00:00; source contexts=10225 path READY=10198
SOLUSDT observed through 2026-07-15T04:40:00+00:00; source contexts=9749 path READY=9885
BTCUSDT observed through 2026-07-16T05:00:00+00:00; source contexts=10262 path READY=10308
ETHUSDT observed through 2026-07-06T23:00:00+00:00; source contexts=10155 path READY=10114
XRPUSDT observed through 2026-07-16T00:35:00+00:00; source contexts=10315 path READY=10257
SOLUSDT observed through 2026-07-16T19:10:00+00:00; source contexts=9834 path READY=9973
BTCUSDT observed through 2026-07-17T16:45:00+00:00; source contexts=10350 path READY=10395
ETHUSDT observed through 2026-07-08T06:15:00+00:00; source contexts=10234 path READY=10207
XRPUSDT observed through 2026-07-17T13:30:00+00:00; source contexts=10385 path READY=10331
SOLUSDT observed through 2026-07-18T08:40:00+00:00; source contexts=9929 path READY=10069
BTCUSDT observed through 2026-07-19T05:55:00+00:00; source contexts=10437 path READY=10477
ETHUSDT observed through 2026-07-09T15:00:00+00:00; source contexts=10332 path READY=10312
XRPUSDT observed through 2026-07-19T01:35:00+00:00; source contexts=10466 path READY=10403
SOLUSDT observed through 2026-07-19T23:05:00+00:00; source contexts=10010 path READY=10173
BTCUSDT observed through 2026-07-20T18:25:00+00:00; source contexts=10544 path READY=10579
ETHUSDT observed through 2026-07-11T00:10:00+00:00; source contexts=10442 path READY=10397
XRPUSDT observed through 2026-07-20T15:35:00+00:00; source contexts=10567 path READY=10500
SOLUSDT observed through 2026-07-21T13:00:00+00:00; source contexts=10110 path READY=10270
BTCUSDT observed through 2026-07-22T06:20:00+00:00; source contexts=10640 path READY=10664
ETHUSDT observed through 2026-07-12T09:25:00+00:00; source contexts=10536 path READY=10476
XRPUSDT observed through 2026-07-22T00:55:00+00:00; source contexts=10668 path READY=10610
SOLUSDT observed through 2026-07-23T03:35:00+00:00; source contexts=10214 path READY=10379
BTCUSDT observed through 2026-07-23T19:50:00+00:00; source contexts=10736 path READY=10735
ETHUSDT observed through 2026-07-13T17:05:00+00:00; source contexts=10643 path READY=10618
XRPUSDT observed through 2026-07-23T10:20:00+00:00; source contexts=10738 path READY=10728
SOLUSDT observed through 2026-07-24T15:00:00+00:00; source contexts=10314 path READY=10483
BTCUSDT observed through 2026-07-25T08:20:00+00:00; source contexts=10814 path READY=10808
ETHUSDT observed through 2026-07-14T23:45:00+00:00; source contexts=10735 path READY=10697
XRPUSDT observed through 2026-07-24T19:45:00+00:00; source contexts=10817 path READY=10813
SOLUSDT observed through 2026-07-26T01:30:00+00:00; source contexts=10398 path READY=10583
BTCUSDT observed through 2026-07-26T18:30:00+00:00; source contexts=10874 path READY=10856
ETHUSDT observed through 2026-07-16T07:10:00+00:00; source contexts=10802 path READY=10800
XRPUSDT observed through 2026-07-26T04:40:00+00:00; source contexts=10889 path READY=10888
SOLUSDT observed through 2026-07-27T14:20:00+00:00; source contexts=10484 path READY=10634
BTCUSDT observed through 2026-07-28T04:15:00+00:00; source contexts=10968 path READY=10953
ETHUSDT observed through 2026-07-17T13:10:00+00:00; source contexts=10870 path READY=10856
XRPUSDT observed through 2026-07-27T10:25:00+00:00; source contexts=10953 path READY=10975
SOLUSDT observed through 2026-07-28T23:30:00+00:00; source contexts=10561 path READY=10691
BTCUSDT observed through 2026-07-29T13:10:00+00:00; source contexts=11048 path READY=11037
ETHUSDT observed through 2026-07-18T16:55:00+00:00; source contexts=10902 path READY=10871
XRPUSDT observed through 2026-07-28T18:05:00+00:00; source contexts=11071 path READY=11074
SOLUSDT observed through 2026-07-30T09:55:00+00:00; source contexts=10675 path READY=10824
BTCUSDT observed through 2026-07-30T21:15:00+00:00; source contexts=11152 path READY=11134
ETHUSDT observed through 2026-07-19T18:45:00+00:00; source contexts=10950 path READY=10920
XRPUSDT observed through 2026-07-29T22:10:00+00:00; source contexts=11114 path READY=11123
SOLUSDT observed through 2026-07-31T19:55:00+00:00; source contexts=10790 path READY=10909
BTCUSDT observed through 2026-08-01T03:55:00+00:00; source contexts=11259 path READY=11265
ETHUSDT observed through 2026-07-21T00:50:00+00:00; source contexts=11039 path READY=11001
XRPUSDT observed through 2026-07-31T08:30:00+00:00; source contexts=11185 path READY=11165
SOLUSDT observed through 2026-08-02T08:15:00+00:00; source contexts=10845 path READY=10985
BTCUSDT observed through 2026-08-02T13:20:00+00:00; source contexts=11326 path READY=11337
ETHUSDT observed through 2026-07-22T09:15:00+00:00; source contexts=11119 path READY=11118
XRPUSDT observed through 2026-08-01T18:20:00+00:00; source contexts=11236 path READY=11205
SOLUSDT observed through 2026-08-03T18:15:00+00:00; source contexts=10930 path READY=11068
BTCUSDT observed through 2026-08-03T21:30:00+00:00; source contexts=11431 path READY=11442
ETHUSDT observed through 2026-07-23T15:45:00+00:00; source contexts=11197 path READY=11199
XRPUSDT observed through 2026-08-03T01:10:00+00:00; source contexts=11308 path READY=11273
SOLUSDT observed through 2026-08-05T01:30:00+00:00; source contexts=11025 path READY=11200
BTCUSDT observed through 2026-08-05T06:10:00+00:00; source contexts=11536 path READY=11540
ETHUSDT observed through 2026-07-24T21:50:00+00:00; source contexts=11281 path READY=11330
XRPUSDT observed through 2026-08-04T09:25:00+00:00; source contexts=11363 path READY=11313
SOLUSDT observed through 2026-08-06T10:05:00+00:00; source contexts=11105 path READY=11296
BTCUSDT observed through 2026-08-06T14:15:00+00:00; source contexts=11648 path READY=11627
ETHUSDT observed through 2026-07-26T02:25:00+00:00; source contexts=11335 path READY=11416
XRPUSDT observed through 2026-08-05T15:50:00+00:00; source contexts=11460 path READY=11422
SOLUSDT observed through 2026-08-07T19:00:00+00:00; source contexts=11173 path READY=11381
BTCUSDT observed through 2026-08-07T22:30:00+00:00; source contexts=11724 path READY=11718
ETHUSDT observed through 2026-07-27T08:00:00+00:00; source contexts=11402 path READY=11496
XRPUSDT observed through 2026-08-06T20:55:00+00:00; source contexts=11577 path READY=11490
SOLUSDT observed through 2026-08-09T03:05:00+00:00; source contexts=11229 path READY=11441
BTCUSDT observed through 2026-08-09T05:35:00+00:00; source contexts=11783 path READY=11770
ETHUSDT observed through 2026-07-28T10:30:00+00:00; source contexts=11495 path READY=11609
XRPUSDT observed through 2026-08-07T22:35:00+00:00; source contexts=11635 path READY=11540
SOLUSDT observed through 2026-08-10T06:10:00+00:00; source contexts=11301 path READY=11502
BTCUSDT observed through 2026-08-10T10:15:00+00:00; source contexts=11851 path READY=11843
ETHUSDT observed through 2026-07-29T11:35:00+00:00; source contexts=11579 path READY=11671
XRPUSDT observed through 2026-08-09T02:35:00+00:00; source contexts=11682 path READY=11585
SOLUSDT observed through 2026-08-11T12:10:00+00:00; source contexts=11375 path READY=11591
BTCUSDT observed through 2026-08-11T16:50:00+00:00; source contexts=11915 path READY=11885
ETHUSDT observed through 2026-07-30T15:45:00+00:00; source contexts=11691 path READY=11767
XRPUSDT observed through 2026-08-10T07:25:00+00:00; source contexts=11732 path READY=11626
SOLUSDT observed through 2026-08-12T18:50:00+00:00; source contexts=11456 path READY=11681
BTCUSDT observed through 2026-08-12T23:45:00+00:00; source contexts=11990 path READY=11978
ETHUSDT observed through 2026-07-31T18:35:00+00:00; source contexts=11801 path READY=11846
XRPUSDT observed through 2026-08-11T11:15:00+00:00; source contexts=11797 path READY=11680
SOLUSDT observed through 2026-08-13T23:30:00+00:00; source contexts=11515 path READY=11722
BTCUSDT observed through 2026-08-14T07:55:00+00:00; source contexts=12058 path READY=12045
ETHUSDT observed through 2026-08-01T19:15:00+00:00; source contexts=11862 path READY=11920
XRPUSDT observed through 2026-08-12T14:15:00+00:00; source contexts=11854 path READY=11720
SOLUSDT observed through 2026-08-15T03:55:00+00:00; source contexts=11565 path READY=11785
BTCUSDT observed through 2026-08-15T13:00:00+00:00; source contexts=12106 path READY=12110
ETHUSDT observed through 2026-08-02T19:55:00+00:00; source contexts=11919 path READY=11988
XRPUSDT observed through 2026-08-13T18:30:00+00:00; source contexts=11902 path READY=11776
SOLUSDT observed through 2026-08-16T12:20:00+00:00; source contexts=11608 path READY=11849
BTCUSDT observed through 2026-08-16T21:00:00+00:00; source contexts=12159 path READY=12187
ETHUSDT observed through 2026-08-03T21:45:00+00:00; source contexts=11976 path READY=12048
XRPUSDT observed through 2026-08-14T21:00:00+00:00; source contexts=11937 path READY=11795
SOLUSDT observed through 2026-08-17T16:00:00+00:00; source contexts=11688 path READY=11918
BTCUSDT observed through 2026-08-18T01:15:00+00:00; source contexts=12262 path READY=12292
ETHUSDT observed through 2026-08-05T00:50:00+00:00; source contexts=12047 path READY=12116
XRPUSDT observed through 2026-08-15T23:40:00+00:00; source contexts=11986 path READY=11852
SOLUSDT observed through 2026-08-18T20:30:00+00:00; source contexts=11796 path READY=11980
BTCUSDT observed through 2026-08-19T06:30:00+00:00; source contexts=12312 path READY=12359
ETHUSDT observed through 2026-08-06T02:25:00+00:00; source contexts=12125 path READY=12205
XRPUSDT observed through 2026-08-17T02:25:00+00:00; source contexts=12046 path READY=11921
SOLUSDT observed through 2026-08-20T01:30:00+00:00; source contexts=11898 path READY=12061
BTCUSDT observed through 2026-08-20T11:40:00+00:00; source contexts=12382 path READY=12463
ETHUSDT observed through 2026-08-07T07:10:00+00:00; source contexts=12197 path READY=12280
XRPUSDT observed through 2026-08-18T02:45:00+00:00; source contexts=12119 path READY=11980
SOLUSDT observed through 2026-08-21T02:45:00+00:00; source contexts=11979 path READY=12163
BTCUSDT observed through 2026-08-21T13:45:00+00:00; source contexts=12455 path READY=12530
ETHUSDT observed through 2026-08-08T07:15:00+00:00; source contexts=12276 path READY=12366
XRPUSDT observed through 2026-08-19T04:35:00+00:00; source contexts=12171 path READY=12011
SOLUSDT observed through 2026-08-22T06:10:00+00:00; source contexts=12054 path READY=12243
BTCUSDT observed through 2026-08-22T18:15:00+00:00; source contexts=12497 path READY=12568
ETHUSDT observed through 2026-08-09T08:50:00+00:00; source contexts=12378 path READY=12425
XRPUSDT observed through 2026-08-20T06:00:00+00:00; source contexts=12254 path READY=12072
SOLUSDT observed through 2026-08-23T12:05:00+00:00; source contexts=12128 path READY=12377
BTCUSDT observed through 2026-08-24T02:10:00+00:00; source contexts=12553 path READY=12625
ETHUSDT observed through 2026-08-10T09:30:00+00:00; source contexts=12457 path READY=12516
XRPUSDT observed through 2026-08-21T08:25:00+00:00; source contexts=12330 path READY=12178
SOLUSDT observed through 2026-08-24T17:20:00+00:00; source contexts=12202 path READY=12489
BTCUSDT observed through 2026-08-25T07:05:00+00:00; source contexts=12619 path READY=12685
ETHUSDT observed through 2026-08-11T10:45:00+00:00; source contexts=12536 path READY=12575
XRPUSDT observed through 2026-08-22T15:15:00+00:00; source contexts=12416 path READY=12287
SOLUSDT observed through 2026-08-25T19:00:00+00:00; source contexts=12254 path READY=12542
BTCUSDT observed through 2026-08-26T14:30:00+00:00; source contexts=12681 path READY=12799
ETHUSDT observed through 2026-08-12T10:00:00+00:00; source contexts=12629 path READY=12672
XRPUSDT observed through 2026-08-24T03:15:00+00:00; source contexts=12471 path READY=12362
SOLUSDT observed through 2026-08-27T00:00:00+00:00; source contexts=12292 path READY=12563
BTCUSDT observed through 2026-08-27T20:25:00+00:00; source contexts=12768 path READY=12961
ETHUSDT observed through 2026-08-13T09:45:00+00:00; source contexts=12698 path READY=12744
XRPUSDT observed through 2026-08-25T11:35:00+00:00; source contexts=12524 path READY=12447
SOLUSDT observed through 2026-08-27T23:30:00+00:00; source contexts=12363 path READY=12625
BTCUSDT observed through 2026-08-28T22:05:00+00:00; source contexts=12851 path READY=13037
ETHUSDT observed through 2026-08-14T08:35:00+00:00; source contexts=12753 path READY=12777
XRPUSDT observed through 2026-08-26T18:15:00+00:00; source contexts=12606 path READY=12532
SOLUSDT observed through 2026-08-28T23:00:00+00:00; source contexts=12412 path READY=12689
BTCUSDT observed through 2026-08-30T00:15:00+00:00; source contexts=12904 path READY=13079
ETHUSDT observed through 2026-08-15T07:50:00+00:00; source contexts=12794 path READY=12834
XRPUSDT observed through 2026-08-28T01:10:00+00:00; source contexts=12668 path READY=12603
SOLUSDT observed through 2026-08-30T00:05:00+00:00; source contexts=12453 path READY=12731
BTCUSDT observed through 2026-08-31T04:30:00+00:00; source contexts=12969 path READY=13137
ETHUSDT observed through 2026-08-16T09:15:00+00:00; source contexts=12862 path READY=12906
XRPUSDT observed through 2026-08-29T10:35:00+00:00; source contexts=12749 path READY=12666
SOLUSDT observed through 2026-08-31T03:25:00+00:00; source contexts=12525 path READY=12765
BTCUSDT observed through 2026-09-01T10:20:00+00:00; source contexts=13026 path READY=13209
ETHUSDT observed through 2026-08-17T10:40:00+00:00; source contexts=12937 path READY=13043
XRPUSDT observed through 2026-08-30T20:30:00+00:00; source contexts=12812 path READY=12736
SOLUSDT observed through 2026-09-01T06:55:00+00:00; source contexts=12589 path READY=12861
BTCUSDT observed through 2026-09-02T14:45:00+00:00; source contexts=13112 path READY=13283
ETHUSDT observed through 2026-08-18T11:55:00+00:00; source contexts=12996 path READY=13085
XRPUSDT observed through 2026-09-01T04:50:00+00:00; source contexts=12897 path READY=12825
SOLUSDT observed through 2026-09-02T09:55:00+00:00; source contexts=12642 path READY=12916
BTCUSDT observed through 2026-09-03T20:20:00+00:00; source contexts=13187 path READY=13348
ETHUSDT observed through 2026-08-19T13:10:00+00:00; source contexts=13103 path READY=13146
XRPUSDT observed through 2026-09-02T11:00:00+00:00; source contexts=12960 path READY=12897
SOLUSDT observed through 2026-09-03T10:50:00+00:00; source contexts=12705 path READY=13000
BTCUSDT observed through 2026-09-04T20:35:00+00:00; source contexts=13268 path READY=13457
ETHUSDT observed through 2026-08-20T11:05:00+00:00; source contexts=13180 path READY=13295
XRPUSDT observed through 2026-09-03T15:40:00+00:00; source contexts=13021 path READY=12950
SOLUSDT observed through 2026-09-04T09:30:00+00:00; source contexts=12774 path READY=13066
BTCUSDT observed through 2026-09-05T22:55:00+00:00; source contexts=13297 path READY=13488
ETHUSDT observed through 2026-08-21T10:45:00+00:00; source contexts=13243 path READY=13360
XRPUSDT observed through 2026-09-04T23:30:00+00:00; source contexts=13083 path READY=13031
SOLUSDT observed through 2026-09-05T11:10:00+00:00; source contexts=12808 path READY=13107
BTCUSDT observed through 2026-09-07T01:30:00+00:00; source contexts=13378 path READY=13602
ETHUSDT observed through 2026-08-22T13:40:00+00:00; source contexts=13308 path READY=13413
XRPUSDT observed through 2026-09-06T06:45:00+00:00; source contexts=13133 path READY=13073
SOLUSDT observed through 2026-09-06T11:50:00+00:00; source contexts=12867 path READY=13184
BTCUSDT observed through 2026-09-08T03:25:00+00:00; source contexts=13476 path READY=13712
ETHUSDT observed through 2026-08-23T14:50:00+00:00; source contexts=13402 path READY=13508
XRPUSDT observed through 2026-09-07T12:45:00+00:00; source contexts=13188 path READY=13117
SOLUSDT observed through 2026-09-07T12:50:00+00:00; source contexts=12931 path READY=13245
BTCUSDT observed through 2026-09-09T05:55:00+00:00; source contexts=13567 path READY=13784
ETHUSDT observed through 2026-08-24T19:35:00+00:00; source contexts=13450 path READY=13616
XRPUSDT observed through 2026-09-08T19:10:00+00:00; source contexts=13277 path READY=13199
SOLUSDT observed through 2026-09-08T14:30:00+00:00; source contexts=13003 path READY=13318
BTCUSDT observed through 2026-09-10T08:10:00+00:00; source contexts=13648 path READY=13866
ETHUSDT observed through 2026-08-25T22:05:00+00:00; source contexts=13537 path READY=13685
XRPUSDT observed through 2026-09-10T00:00:00+00:00; source contexts=13362 path READY=13288
SOLUSDT observed through 2026-09-09T13:05:00+00:00; source contexts=13069 path READY=13399
BTCUSDT observed through 2026-09-11T09:00:00+00:00; source contexts=13733 path READY=13936
ETHUSDT observed through 2026-08-27T00:00:00+00:00; source contexts=13597 path READY=13761
XRPUSDT observed through 2026-09-11T05:30:00+00:00; source contexts=13427 path READY=13349
SOLUSDT observed through 2026-09-10T14:40:00+00:00; source contexts=13128 path READY=13463
BTCUSDT observed through 2026-09-12T09:30:00+00:00; source contexts=13800 path READY=13991
ETHUSDT observed through 2026-08-28T01:30:00+00:00; source contexts=13678 path READY=13840
XRPUSDT observed through 2026-09-12T10:50:00+00:00; source contexts=13498 path READY=13432
SOLUSDT observed through 2026-09-11T16:20:00+00:00; source contexts=13179 path READY=13514
BTCUSDT observed through 2026-09-13T07:00:00+00:00; source contexts=13855 path READY=14002
ETHUSDT observed through 2026-08-29T02:20:00+00:00; source contexts=13769 path READY=13920
XRPUSDT observed through 2026-09-13T15:40:00+00:00; source contexts=13559 path READY=13494
SOLUSDT observed through 2026-09-12T19:40:00+00:00; source contexts=13235 path READY=13581
BTCUSDT observed through 2026-09-14T08:10:00+00:00; source contexts=13946 path READY=14147
ETHUSDT observed through 2026-08-30T02:20:00+00:00; source contexts=13834 path READY=14044
XRPUSDT observed through 2026-09-14T21:25:00+00:00; source contexts=13638 path READY=13566
SOLUSDT observed through 2026-09-13T21:50:00+00:00; source contexts=13273 path READY=13639
BTCUSDT observed through 2026-09-15T10:15:00+00:00; source contexts=14007 path READY=14221
ETHUSDT observed through 2026-08-31T04:15:00+00:00; source contexts=13917 path READY=14110
XRPUSDT observed through 2026-09-16T03:45:00+00:00; source contexts=13698 path READY=13619
SOLUSDT observed through 2026-09-14T23:45:00+00:00; source contexts=13337 path READY=13716
BTCUSDT observed through 2026-09-16T12:45:00+00:00; source contexts=14096 path READY=14296
ETHUSDT observed through 2026-09-01T04:15:00+00:00; source contexts=13987 path READY=14227
XRPUSDT observed through 2026-09-17T11:00:00+00:00; source contexts=13782 path READY=13791
SOLUSDT observed through 2026-09-16T00:40:00+00:00; source contexts=13394 path READY=13745
BTCUSDT observed through 2026-09-17T13:35:00+00:00; source contexts=14177 path READY=14401
ETHUSDT observed through 2026-09-02T03:25:00+00:00; source contexts=14053 path READY=14313
XRPUSDT observed through 2026-09-18T16:00:00+00:00; source contexts=13859 path READY=13891
SOLUSDT observed through 2026-09-16T23:50:00+00:00; source contexts=13445 path READY=13758
BTCUSDT observed through 2026-09-18T15:15:00+00:00; source contexts=14249 path READY=14490
ETHUSDT observed through 2026-09-03T05:30:00+00:00; source contexts=14109 path READY=14358
XRPUSDT observed through 2026-09-19T21:25:00+00:00; source contexts=13932 path READY=13963
SOLUSDT observed through 2026-09-18T00:05:00+00:00; source contexts=13506 path READY=13884
BTCUSDT observed through 2026-09-19T18:10:00+00:00; source contexts=14354 path READY=14572
ETHUSDT observed through 2026-09-04T06:50:00+00:00; source contexts=14159 path READY=14436
XRPUSDT observed through 2026-09-21T00:00:00+00:00; source contexts=13979 path READY=14045
SOLUSDT observed through 2026-09-18T22:20:00+00:00; source contexts=13590 path READY=14005
BTCUSDT observed through 2026-09-20T18:25:00+00:00; source contexts=14407 path READY=14608
ETHUSDT observed through 2026-09-05T08:00:00+00:00; source contexts=14217 path READY=14506
XRPUSDT observed through 2026-09-22T02:45:00+00:00; source contexts=14064 path READY=14130
SOLUSDT observed through 2026-09-19T23:20:00+00:00; source contexts=13663 path READY=14053
BTCUSDT observed through 2026-09-21T18:55:00+00:00; source contexts=14476 path READY=14656
ETHUSDT observed through 2026-09-06T07:50:00+00:00; source contexts=14269 path READY=14532
SOLUSDT observed through 2026-09-20T23:30:00+00:00; source contexts=13695 path READY=14085
ETHUSDT observed through 2026-09-07T08:00:00+00:00; source contexts=14346 path READY=14582
SOLUSDT observed through 2026-09-21T22:40:00+00:00; source contexts=13758 path READY=14157
ETHUSDT observed through 2026-09-08T07:50:00+00:00; source contexts=14407 path READY=14634
XRPUSDT COMPLETE source paths={'SFP_BOS_POI': 4750, 'SFP_ATR_STOP': 4699, 'OB_DIRECT_FIRST_TEST': 140, 'OB_DIRECT_INSIDE': 141, 'OB_DIRECT_ENGULFING_STOP': 140, 'OB_DIRECT_INSIDE_ENGULFING_STOP': 109, 'BREAKER_CONSERVATIVE_STOP': 502, 'BREAKER_AGGRESSIVE_STOP': 502, 'RANGE_AGGRESSIVE_EXTERNAL_POI': 930, 'OB_CONSERVATIVE_BOS_POI': 594, 'STB_BTS_EDGE': 349, 'DEMAND_SUPPLY': 296, 'STB_BTS_HALF': 521, 'OB_ULTRA_CONSERVATIVE_CONF': 435, 'RANGE_CONSERVATIVE_RETEST': 43}
BNBUSDT analyze native 5m
BNBUSDT analyze native 15m
ETHUSDT observed through 2026-09-09T07:40:00+00:00; source contexts=14506 path READY=14724
BNBUSDT analyze native 60m
BNBUSDT analyze native 240m
BTCUSDT COMPLETE source paths={'SFP_BOS_POI': 4548, 'SFP_ATR_STOP': 4498, 'RANGE_AGGRESSIVE_EXTERNAL_POI': 1018, 'OB_CONSERVATIVE_BOS_POI': 693, 'OB_ULTRA_CONSERVATIVE_CONF': 450, 'STB_BTS_EDGE': 485, 'STB_BTS_HALF': 675, 'DEMAND_SUPPLY': 404, 'BREAKER_CONSERVATIVE_STOP': 616, 'BREAKER_AGGRESSIVE_STOP': 616, 'OB_DIRECT_FIRST_TEST': 181, 'OB_DIRECT_INSIDE': 183, 'OB_DIRECT_ENGULFING_STOP': 181, 'OB_DIRECT_INSIDE_ENGULFING_STOP': 138, 'RANGE_CONSERVATIVE_RETEST': 24}
DOGEUSDT analyze native 5m
ETHUSDT observed through 2026-09-10T09:30:00+00:00; source contexts=14588 path READY=14814
DOGEUSDT analyze native 15m
BNBUSDT observed through 2026-02-20T05:10:00+00:00; source contexts=1221 path READY=940
DOGEUSDT analyze native 60m
DOGEUSDT analyze native 240m
SOLUSDT COMPLETE source paths={'SFP_BOS_POI': 4622, 'SFP_ATR_STOP': 4545, 'DEMAND_SUPPLY': 363, 'RANGE_AGGRESSIVE_EXTERNAL_POI': 978, 'OB_CONSERVATIVE_BOS_POI': 608, 'OB_ULTRA_CONSERVATIVE_CONF': 377, 'BREAKER_CONSERVATIVE_STOP': 580, 'BREAKER_AGGRESSIVE_STOP': 580, 'STB_BTS_HALF': 572, 'OB_DIRECT_FIRST_TEST': 144, 'OB_DIRECT_INSIDE': 145, 'OB_DIRECT_ENGULFING_STOP': 144, 'OB_DIRECT_INSIDE_ENGULFING_STOP': 115, 'STB_BTS_EDGE': 421, 'RANGE_CONSERVATIVE_RETEST': 7}
ADAUSDT analyze native 5m
ETHUSDT observed through 2026-09-11T09:25:00+00:00; source contexts=14648 path READY=14885
BNBUSDT observed through 2026-03-02T19:00:00+00:00; source contexts=1745 path READY=1458
ADAUSDT analyze native 15m
DOGEUSDT observed through 2026-02-25T08:50:00+00:00; source contexts=1586 path READY=1461
ADAUSDT analyze native 60m
ADAUSDT analyze native 240m
ETHUSDT observed through 2026-09-12T10:30:00+00:00; source contexts=14697 path READY=14936
BNBUSDT observed through 2026-03-10T20:00:00+00:00; source contexts=2191 path READY=1910
DOGEUSDT observed through 2026-03-10T16:30:00+00:00; source contexts=2450 path READY=2324
ADAUSDT observed through 2026-02-26T23:10:00+00:00; source contexts=1566 path READY=1387
ETHUSDT observed through 2026-09-13T10:10:00+00:00; source contexts=14743 path READY=14981
BNBUSDT observed through 2026-03-17T21:15:00+00:00; source contexts=2590 path READY=2234
DOGEUSDT observed through 2026-03-21T03:20:00+00:00; source contexts=3081 path READY=3051
ADAUSDT observed through 2026-03-14T16:15:00+00:00; source contexts=2369 path READY=2287
ETHUSDT observed through 2026-09-14T09:35:00+00:00; source contexts=14805 path READY=15068
BNBUSDT observed through 2026-03-23T18:20:00+00:00; source contexts=2919 path READY=2550
DOGEUSDT observed through 2026-03-28T16:45:00+00:00; source contexts=3529 path READY=3471
ADAUSDT observed through 2026-03-25T02:30:00+00:00; source contexts=2943 path READY=2933
ETHUSDT observed through 2026-09-15T08:10:00+00:00; source contexts=14861 path READY=15135
BNBUSDT observed through 2026-03-28T22:45:00+00:00; source contexts=3192 path READY=2802
DOGEUSDT observed through 2026-04-04T11:35:00+00:00; source contexts=4005 path READY=3899
ADAUSDT observed through 2026-04-03T02:10:00+00:00; source contexts=3389 path READY=3385
ETHUSDT observed through 2026-09-16T09:00:00+00:00; source contexts=14950 path READY=15190
BNBUSDT observed through 2026-04-03T02:50:00+00:00; source contexts=3463 path READY=3117
DOGEUSDT observed through 2026-04-10T12:50:00+00:00; source contexts=4392 path READY=4270
ADAUSDT observed through 2026-04-10T14:50:00+00:00; source contexts=3799 path READY=3784
ETHUSDT observed through 2026-09-17T09:35:00+00:00; source contexts=15043 path READY=15311
BNBUSDT observed through 2026-04-07T22:10:00+00:00; source contexts=3683 path READY=3372
DOGEUSDT observed through 2026-04-16T04:30:00+00:00; source contexts=4698 path READY=4660
ADAUSDT observed through 2026-04-17T06:30:00+00:00; source contexts=4119 path READY=4153
ETHUSDT observed through 2026-09-18T07:45:00+00:00; source contexts=15085 path READY=15347
BNBUSDT observed through 2026-04-12T06:05:00+00:00; source contexts=3921 path READY=3585
DOGEUSDT observed through 2026-04-21T12:55:00+00:00; source contexts=5018 path READY=4989
ADAUSDT observed through 2026-04-23T11:15:00+00:00; source contexts=4448 path READY=4482
ETHUSDT observed through 2026-09-19T06:15:00+00:00; source contexts=15135 path READY=15428
BNBUSDT observed through 2026-04-16T00:15:00+00:00; source contexts=4133 path READY=3872
DOGEUSDT observed through 2026-04-26T22:20:00+00:00; source contexts=5344 path READY=5374
ADAUSDT observed through 2026-04-29T05:15:00+00:00; source contexts=4752 path READY=4843
ETHUSDT observed through 2026-09-20T06:40:00+00:00; source contexts=15189 path READY=15486
BNBUSDT observed through 2026-04-19T13:15:00+00:00; source contexts=4280 path READY=4017
DOGEUSDT observed through 2026-05-01T11:40:00+00:00; source contexts=5598 path READY=5617
ADAUSDT observed through 2026-05-04T08:30:00+00:00; source contexts=4984 path READY=5038
ETHUSDT observed through 2026-09-21T05:10:00+00:00; source contexts=15226 path READY=15534
BNBUSDT observed through 2026-04-23T03:30:00+00:00; source contexts=4489 path READY=4266
DOGEUSDT observed through 2026-05-05T22:45:00+00:00; source contexts=5864 path READY=5889
ADAUSDT observed through 2026-05-09T17:05:00+00:00; source contexts=5199 path READY=5268
ETHUSDT observed through 2026-09-22T01:45:00+00:00; source contexts=15269 path READY=15603
BNBUSDT observed through 2026-04-26T13:00:00+00:00; source contexts=4642 path READY=4499
DOGEUSDT observed through 2026-05-09T08:20:00+00:00; source contexts=6058 path READY=6086
ADAUSDT observed through 2026-05-13T14:35:00+00:00; source contexts=5364 path READY=5481
BNBUSDT observed through 2026-04-28T19:55:00+00:00; source contexts=4760 path READY=4635
DOGEUSDT observed through 2026-05-12T03:30:00+00:00; source contexts=6238 path READY=6272
ADAUSDT observed through 2026-05-16T17:55:00+00:00; source contexts=5472 path READY=5661
BNBUSDT observed through 2026-05-01T07:05:00+00:00; source contexts=4899 path READY=4765
DOGEUSDT observed through 2026-05-15T00:50:00+00:00; source contexts=6479 path READY=6520
ADAUSDT observed through 2026-05-20T21:40:00+00:00; source contexts=5748 path READY=5832
BNBUSDT observed through 2026-05-04T11:50:00+00:00; source contexts=5058 path READY=4905
DOGEUSDT observed through 2026-05-18T10:15:00+00:00; source contexts=6710 path READY=6726
ADAUSDT observed through 2026-05-24T21:35:00+00:00; source contexts=5934 path READY=5986
BNBUSDT observed through 2026-05-07T11:50:00+00:00; source contexts=5202 path READY=5063
ETHUSDT COMPLETE source paths={'SFP_BOS_POI': 4663, 'SFP_ATR_STOP': 4601, 'RANGE_AGGRESSIVE_EXTERNAL_POI': 1140, 'OB_CONSERVATIVE_BOS_POI': 840, 'OB_ULTRA_CONSERVATIVE_CONF': 558, 'STB_BTS_EDGE': 505, 'BREAKER_CONSERVATIVE_STOP': 674, 'BREAKER_AGGRESSIVE_STOP': 674, 'STB_BTS_HALF': 715, 'DEMAND_SUPPLY': 431, 'OB_DIRECT_FIRST_TEST': 215, 'OB_DIRECT_INSIDE': 215, 'OB_DIRECT_ENGULFING_STOP': 215, 'OB_DIRECT_INSIDE_ENGULFING_STOP': 154, 'RANGE_CONSERVATIVE_RETEST': 19}
LINKUSDT analyze native 5m
DOGEUSDT observed through 2026-05-22T01:30:00+00:00; source contexts=6910 path READY=6948
ADAUSDT observed through 2026-05-28T16:25:00+00:00; source contexts=6119 path READY=6156
LINKUSDT analyze native 15m
BNBUSDT observed through 2026-05-10T02:40:00+00:00; source contexts=5331 path READY=5203
DOGEUSDT observed through 2026-05-25T02:40:00+00:00; source contexts=7083 path READY=7158
LINKUSDT analyze native 60m
LINKUSDT analyze native 240m
ADAUSDT observed through 2026-06-01T05:05:00+00:00; source contexts=6280 path READY=6290
BNBUSDT observed through 2026-05-12T18:45:00+00:00; source contexts=5445 path READY=5333
DOGEUSDT observed through 2026-05-28T05:15:00+00:00; source contexts=7277 path READY=7396
LINKUSDT observed through 2026-02-21T00:35:00+00:00; source contexts=1462 path READY=1123
ADAUSDT observed through 2026-06-04T08:15:00+00:00; source contexts=6395 path READY=6421
BNBUSDT observed through 2026-05-15T10:20:00+00:00; source contexts=5594 path READY=5486
DOGEUSDT observed through 2026-05-31T03:40:00+00:00; source contexts=7401 path READY=7554
LINKUSDT observed through 2026-03-02T22:45:00+00:00; source contexts=2018 path READY=1732
ADAUSDT observed through 2026-06-06T18:45:00+00:00; source contexts=6493 path READY=6498
BNBUSDT observed through 2026-05-17T21:45:00+00:00; source contexts=5709 path READY=5625
DOGEUSDT observed through 2026-06-03T06:15:00+00:00; source contexts=7623 path READY=7798
LINKUSDT observed through 2026-03-11T23:35:00+00:00; source contexts=2540 path READY=2348
ADAUSDT observed through 2026-06-09T07:25:00+00:00; source contexts=6609 path READY=6632
BNBUSDT observed through 2026-05-20T10:35:00+00:00; source contexts=5852 path READY=5771
DOGEUSDT observed through 2026-06-06T02:20:00+00:00; source contexts=7833 path READY=7928
LINKUSDT observed through 2026-03-19T11:50:00+00:00; source contexts=3057 path READY=2829
ADAUSDT observed through 2026-06-11T20:40:00+00:00; source contexts=6753 path READY=6788
BNBUSDT observed through 2026-05-23T00:35:00+00:00; source contexts=6031 path READY=5959
DOGEUSDT observed through 2026-06-08T17:30:00+00:00; source contexts=7961 path READY=8072
LINKUSDT observed through 2026-03-25T22:25:00+00:00; source contexts=3450 path READY=3247
ADAUSDT observed through 2026-06-14T07:20:00+00:00; source contexts=6885 path READY=6955
BNBUSDT observed through 2026-05-25T11:30:00+00:00; source contexts=6153 path READY=6062
DOGEUSDT observed through 2026-06-11T05:50:00+00:00; source contexts=8107 path READY=8240
LINKUSDT observed through 2026-03-31T02:50:00+00:00; source contexts=3718 path READY=3566
ADAUSDT observed through 2026-06-16T09:00:00+00:00; source contexts=6976 path READY=7037
BNBUSDT observed through 2026-05-27T10:45:00+00:00; source contexts=6257 path READY=6188
DOGEUSDT observed through 2026-06-13T08:15:00+00:00; source contexts=8255 path READY=8399
LINKUSDT observed through 2026-04-04T17:05:00+00:00; source contexts=3967 path READY=3816
ADAUSDT observed through 2026-06-18T10:00:00+00:00; source contexts=7085 path READY=7147
BNBUSDT observed through 2026-05-29T14:30:00+00:00; source contexts=6418 path READY=6342
DOGEUSDT observed through 2026-06-15T15:20:00+00:00; source contexts=8379 path READY=8614
LINKUSDT observed through 2026-04-09T14:50:00+00:00; source contexts=4244 path READY=4104
ADAUSDT observed through 2026-06-20T16:05:00+00:00; source contexts=7183 path READY=7218
BNBUSDT observed through 2026-06-01T00:55:00+00:00; source contexts=6540 path READY=6530
DOGEUSDT observed through 2026-06-18T07:00:00+00:00; source contexts=8521 path READY=8778
LINKUSDT observed through 2026-04-14T11:55:00+00:00; source contexts=4511 path READY=4437
ADAUSDT observed through 2026-06-23T03:15:00+00:00; source contexts=7341 path READY=7344
BNBUSDT observed through 2026-06-03T14:15:00+00:00; source contexts=6655 path READY=6668
DOGEUSDT observed through 2026-06-20T21:45:00+00:00; source contexts=8617 path READY=8853
LINKUSDT observed through 2026-04-19T04:00:00+00:00; source contexts=4748 path READY=4714
ADAUSDT observed through 2026-06-25T07:30:00+00:00; source contexts=7417 path READY=7432
BNBUSDT observed through 2026-06-06T07:20:00+00:00; source contexts=6892 path READY=6848
DOGEUSDT observed through 2026-06-23T08:25:00+00:00; source contexts=8747 path READY=8971
LINKUSDT observed through 2026-04-23T16:10:00+00:00; source contexts=5033 path READY=5018
ADAUSDT observed through 2026-06-27T09:00:00+00:00; source contexts=7477 path READY=7475
BNBUSDT observed through 2026-06-09T02:40:00+00:00; source contexts=7017 path READY=6965
DOGEUSDT observed through 2026-06-25T11:30:00+00:00; source contexts=8821 path READY=9017
LINKUSDT observed through 2026-04-27T07:45:00+00:00; source contexts=5319 path READY=5312
ADAUSDT observed through 2026-06-29T09:40:00+00:00; source contexts=7562 path READY=7566
BNBUSDT observed through 2026-06-11T11:00:00+00:00; source contexts=7132 path READY=7091
DOGEUSDT observed through 2026-06-27T11:15:00+00:00; source contexts=8929 path READY=9099
LINKUSDT observed through 2026-04-30T14:20:00+00:00; source contexts=5524 path READY=5573
ADAUSDT observed through 2026-07-01T08:35:00+00:00; source contexts=7662 path READY=7623
BNBUSDT observed through 2026-06-13T23:40:00+00:00; source contexts=7260 path READY=7221
DOGEUSDT observed through 2026-06-29T13:25:00+00:00; source contexts=9039 path READY=9188
LINKUSDT observed through 2026-05-04T06:55:00+00:00; source contexts=5673 path READY=5725
ADAUSDT observed through 2026-07-03T06:05:00+00:00; source contexts=7769 path READY=7721
BNBUSDT observed through 2026-06-16T10:55:00+00:00; source contexts=7373 path READY=7330
DOGEUSDT observed through 2026-07-01T12:25:00+00:00; source contexts=9143 path READY=9269
LINKUSDT observed through 2026-05-07T17:35:00+00:00; source contexts=5844 path READY=5938
ADAUSDT observed through 2026-07-05T04:45:00+00:00; source contexts=7834 path READY=7815
BNBUSDT observed through 2026-06-18T18:45:00+00:00; source contexts=7515 path READY=7484
DOGEUSDT observed through 2026-07-03T09:50:00+00:00; source contexts=9243 path READY=9403
LINKUSDT observed through 2026-05-10T22:20:00+00:00; source contexts=6002 path READY=6051
ADAUSDT observed through 2026-07-07T01:50:00+00:00; source contexts=7919 path READY=7905
BNBUSDT observed through 2026-06-21T01:25:00+00:00; source contexts=7626 path READY=7590
DOGEUSDT observed through 2026-07-05T05:20:00+00:00; source contexts=9335 path READY=9500
LINKUSDT observed through 2026-05-13T18:30:00+00:00; source contexts=6181 path READY=6208
ADAUSDT observed through 2026-07-09T00:45:00+00:00; source contexts=7990 path READY=7985
BNBUSDT observed through 2026-06-23T03:00:00+00:00; source contexts=7739 path READY=7703
DOGEUSDT observed through 2026-07-06T22:50:00+00:00; source contexts=9408 path READY=9566
LINKUSDT observed through 2026-05-16T11:00:00+00:00; source contexts=6312 path READY=6380
ADAUSDT observed through 2026-07-11T00:10:00+00:00; source contexts=8087 path READY=8071
BNBUSDT observed through 2026-06-25T05:40:00+00:00; source contexts=7854 path READY=7792
DOGEUSDT observed through 2026-07-08T21:50:00+00:00; source contexts=9507 path READY=9669
LINKUSDT observed through 2026-05-19T06:50:00+00:00; source contexts=6471 path READY=6581
ADAUSDT observed through 2026-07-13T00:20:00+00:00; source contexts=8159 path READY=8188
BNBUSDT observed through 2026-06-27T09:20:00+00:00; source contexts=7934 path READY=7851
DOGEUSDT observed through 2026-07-10T19:10:00+00:00; source contexts=9608 path READY=9766
LINKUSDT observed through 2026-05-22T00:40:00+00:00; source contexts=6658 path READY=6806
ADAUSDT observed through 2026-07-14T22:55:00+00:00; source contexts=8234 path READY=8287
BNBUSDT observed through 2026-06-29T16:25:00+00:00; source contexts=8028 path READY=7924
DOGEUSDT observed through 2026-07-12T15:55:00+00:00; source contexts=9746 path READY=9920
LINKUSDT observed through 2026-05-24T22:25:00+00:00; source contexts=6806 path READY=7002
ADAUSDT observed through 2026-07-17T01:05:00+00:00; source contexts=8329 path READY=8395
BNBUSDT observed through 2026-07-01T17:45:00+00:00; source contexts=8126 path READY=8046
DOGEUSDT observed through 2026-07-14T13:20:00+00:00; source contexts=9858 path READY=10032
LINKUSDT observed through 2026-05-27T22:45:00+00:00; source contexts=6978 path READY=7171
ADAUSDT observed through 2026-07-18T21:15:00+00:00; source contexts=8419 path READY=8497
BNBUSDT observed through 2026-07-03T21:30:00+00:00; source contexts=8220 path READY=8146
DOGEUSDT observed through 2026-07-16T09:20:00+00:00; source contexts=9962 path READY=10138
LINKUSDT observed through 2026-05-30T15:55:00+00:00; source contexts=7117 path READY=7317
ADAUSDT observed through 2026-07-20T16:55:00+00:00; source contexts=8488 path READY=8603
BNBUSDT observed through 2026-07-05T22:20:00+00:00; source contexts=8325 path READY=8326
DOGEUSDT observed through 2026-07-18T07:20:00+00:00; source contexts=10034 path READY=10220
LINKUSDT observed through 2026-06-02T10:25:00+00:00; source contexts=7280 path READY=7493
ADAUSDT observed through 2026-07-22T13:25:00+00:00; source contexts=8563 path READY=8703
BNBUSDT observed through 2026-07-07T20:10:00+00:00; source contexts=8404 path READY=8435
DOGEUSDT observed through 2026-07-20T01:05:00+00:00; source contexts=10094 path READY=10253
LINKUSDT observed through 2026-06-05T01:50:00+00:00; source contexts=7448 path READY=7598
ADAUSDT observed through 2026-07-24T09:45:00+00:00; source contexts=8648 path READY=8786
BNBUSDT observed through 2026-07-09T18:50:00+00:00; source contexts=8498 path READY=8524
DOGEUSDT observed through 2026-07-21T19:15:00+00:00; source contexts=10198 path READY=10372
LINKUSDT observed through 2026-06-07T09:20:00+00:00; source contexts=7551 path READY=7678
ADAUSDT observed through 2026-07-26T03:05:00+00:00; source contexts=8692 path READY=8821
BNBUSDT observed through 2026-07-11T13:45:00+00:00; source contexts=8571 path READY=8633
DOGEUSDT observed through 2026-07-23T11:45:00+00:00; source contexts=10325 path READY=10483
LINKUSDT observed through 2026-06-09T18:45:00+00:00; source contexts=7674 path READY=7790
ADAUSDT observed through 2026-07-28T02:30:00+00:00; source contexts=8786 path READY=8870
BNBUSDT observed through 2026-07-13T13:05:00+00:00; source contexts=8651 path READY=8715
DOGEUSDT observed through 2026-07-25T03:50:00+00:00; source contexts=10392 path READY=10551
LINKUSDT observed through 2026-06-12T03:55:00+00:00; source contexts=7813 path READY=7958
ADAUSDT observed through 2026-07-29T22:10:00+00:00; source contexts=8860 path READY=8951
BNBUSDT observed through 2026-07-15T11:15:00+00:00; source contexts=8758 path READY=8836
DOGEUSDT observed through 2026-07-26T17:25:00+00:00; source contexts=10463 path READY=10617
LINKUSDT observed through 2026-06-14T10:40:00+00:00; source contexts=7916 path READY=8085
ADAUSDT observed through 2026-07-31T19:50:00+00:00; source contexts=8920 path READY=9051
BNBUSDT observed through 2026-07-17T05:45:00+00:00; source contexts=8858 path READY=8956
DOGEUSDT observed through 2026-07-28T06:15:00+00:00; source contexts=10561 path READY=10733
LINKUSDT observed through 2026-06-16T14:55:00+00:00; source contexts=8024 path READY=8201
ADAUSDT observed through 2026-08-02T12:15:00+00:00; source contexts=9015 path READY=9180
BNBUSDT observed through 2026-07-19T00:10:00+00:00; source contexts=8927 path READY=9027
DOGEUSDT observed through 2026-07-29T19:45:00+00:00; source contexts=10631 path READY=10781
LINKUSDT observed through 2026-06-18T20:30:00+00:00; source contexts=8154 path READY=8355
ADAUSDT observed through 2026-08-04T06:15:00+00:00; source contexts=9095 path READY=9267
BNBUSDT observed through 2026-07-20T18:05:00+00:00; source contexts=9054 path READY=9136
DOGEUSDT observed through 2026-07-31T10:10:00+00:00; source contexts=10792 path READY=10848
LINKUSDT observed through 2026-06-20T23:05:00+00:00; source contexts=8244 path READY=8455
ADAUSDT observed through 2026-08-06T00:15:00+00:00; source contexts=9154 path READY=9319
BNBUSDT observed through 2026-07-22T15:35:00+00:00; source contexts=9146 path READY=9214
DOGEUSDT observed through 2026-08-01T23:25:00+00:00; source contexts=10931 path READY=10959
LINKUSDT observed through 2026-06-22T23:45:00+00:00; source contexts=8361 path READY=8582
ADAUSDT observed through 2026-08-07T17:20:00+00:00; source contexts=9216 path READY=9397
BNBUSDT observed through 2026-07-24T13:10:00+00:00; source contexts=9266 path READY=9335
DOGEUSDT observed through 2026-08-03T11:00:00+00:00; source contexts=11035 path READY=11051
LINKUSDT observed through 2026-06-25T04:25:00+00:00; source contexts=8484 path READY=8683
ADAUSDT observed through 2026-08-09T15:30:00+00:00; source contexts=9300 path READY=9498
BNBUSDT observed through 2026-07-26T08:45:00+00:00; source contexts=9361 path READY=9387
DOGEUSDT observed through 2026-08-05T02:00:00+00:00; source contexts=11202 path READY=11145
LINKUSDT observed through 2026-06-27T03:45:00+00:00; source contexts=8603 path READY=8756
ADAUSDT observed through 2026-08-11T09:05:00+00:00; source contexts=9360 path READY=9596
BNBUSDT observed through 2026-07-28T01:45:00+00:00; source contexts=9464 path READY=9508
DOGEUSDT observed through 2026-08-06T12:30:00+00:00; source contexts=11327 path READY=11237
LINKUSDT observed through 2026-06-29T00:35:00+00:00; source contexts=8712 path READY=8876
ADAUSDT observed through 2026-08-12T22:15:00+00:00; source contexts=9425 path READY=9653
BNBUSDT observed through 2026-07-29T16:35:00+00:00; source contexts=9564 path READY=9588
DOGEUSDT observed through 2026-08-07T22:10:00+00:00; source contexts=11412 path READY=11338
LINKUSDT observed through 2026-06-30T21:40:00+00:00; source contexts=8872 path READY=9023
ADAUSDT observed through 2026-08-14T14:00:00+00:00; source contexts=9477 path READY=9706
BNBUSDT observed through 2026-07-31T05:00:00+00:00; source contexts=9672 path READY=9657
DOGEUSDT observed through 2026-08-09T03:35:00+00:00; source contexts=11498 path READY=11424
LINKUSDT observed through 2026-07-02T09:40:00+00:00; source contexts=8953 path READY=9108
ADAUSDT observed through 2026-08-15T19:15:00+00:00; source contexts=9530 path READY=9768
BNBUSDT observed through 2026-08-01T15:25:00+00:00; source contexts=9718 path READY=9736
DOGEUSDT observed through 2026-08-10T13:15:00+00:00; source contexts=11581 path READY=11481
LINKUSDT observed through 2026-07-04T03:05:00+00:00; source contexts=9022 path READY=9173
ADAUSDT observed through 2026-08-17T10:50:00+00:00; source contexts=9589 path READY=9837
BNBUSDT observed through 2026-08-03T06:40:00+00:00; source contexts=9783 path READY=9802
DOGEUSDT observed through 2026-08-11T23:50:00+00:00; source contexts=11666 path READY=11537
LINKUSDT observed through 2026-07-05T21:05:00+00:00; source contexts=9134 path READY=9315
ADAUSDT observed through 2026-08-19T00:45:00+00:00; source contexts=9646 path READY=9897
BNBUSDT observed through 2026-08-04T23:25:00+00:00; source contexts=9892 path READY=9936
DOGEUSDT observed through 2026-08-13T10:45:00+00:00; source contexts=11728 path READY=11599
LINKUSDT observed through 2026-07-07T17:10:00+00:00; source contexts=9236 path READY=9445
ADAUSDT observed through 2026-08-20T15:10:00+00:00; source contexts=9702 path READY=9964
BNBUSDT observed through 2026-08-06T15:45:00+00:00; source contexts=9985 path READY=10026
DOGEUSDT observed through 2026-08-14T21:45:00+00:00; source contexts=11802 path READY=11671
LINKUSDT observed through 2026-07-09T12:45:00+00:00; source contexts=9361 path READY=9550
ADAUSDT observed through 2026-08-22T03:15:00+00:00; source contexts=9811 path READY=10048
BNBUSDT observed through 2026-08-08T03:10:00+00:00; source contexts=10043 path READY=10090
DOGEUSDT observed through 2026-08-16T05:30:00+00:00; source contexts=11856 path READY=11717
LINKUSDT observed through 2026-07-11T06:25:00+00:00; source contexts=9453 path READY=9660
ADAUSDT observed through 2026-08-23T21:15:00+00:00; source contexts=9895 path READY=10170
BNBUSDT observed through 2026-08-09T13:10:00+00:00; source contexts=10093 path READY=10121
DOGEUSDT observed through 2026-08-17T14:45:00+00:00; source contexts=11926 path READY=11791
LINKUSDT observed through 2026-07-12T19:00:00+00:00; source contexts=9547 path READY=9765
ADAUSDT observed through 2026-08-25T11:25:00+00:00; source contexts=9965 path READY=10228
BNBUSDT observed through 2026-08-11T03:15:00+00:00; source contexts=10147 path READY=10159
DOGEUSDT observed through 2026-08-19T00:25:00+00:00; source contexts=12000 path READY=11841
LINKUSDT observed through 2026-07-14T11:45:00+00:00; source contexts=9658 path READY=9881
ADAUSDT observed through 2026-08-27T03:30:00+00:00; source contexts=10037 path READY=10302
BNBUSDT observed through 2026-08-12T14:35:00+00:00; source contexts=10208 path READY=10225
DOGEUSDT observed through 2026-08-20T09:20:00+00:00; source contexts=12093 path READY=11926
LINKUSDT observed through 2026-07-16T05:40:00+00:00; source contexts=9765 path READY=9975
ADAUSDT observed through 2026-08-28T18:15:00+00:00; source contexts=10135 path READY=10414
BNBUSDT observed through 2026-08-14T00:45:00+00:00; source contexts=10266 path READY=10301
DOGEUSDT observed through 2026-08-21T19:05:00+00:00; source contexts=12174 path READY=12036
LINKUSDT observed through 2026-07-18T00:10:00+00:00; source contexts=9854 path READY=10049
ADAUSDT observed through 2026-08-30T12:05:00+00:00; source contexts=10188 path READY=10484
BNBUSDT observed through 2026-08-15T14:30:00+00:00; source contexts=10348 path READY=10376
DOGEUSDT observed through 2026-08-23T12:45:00+00:00; source contexts=12273 path READY=12150
LINKUSDT observed through 2026-07-19T16:35:00+00:00; source contexts=9973 path READY=10187
ADAUSDT observed through 2026-09-01T04:15:00+00:00; source contexts=10270 path READY=10571
BNBUSDT observed through 2026-08-17T02:20:00+00:00; source contexts=10391 path READY=10452
DOGEUSDT observed through 2026-08-25T07:35:00+00:00; source contexts=12360 path READY=12258
LINKUSDT observed through 2026-07-21T08:55:00+00:00; source contexts=10089 path READY=10306
ADAUSDT observed through 2026-09-02T20:00:00+00:00; source contexts=10335 path READY=10669
BNBUSDT observed through 2026-08-18T12:50:00+00:00; source contexts=10436 path READY=10531
DOGEUSDT observed through 2026-08-26T21:15:00+00:00; source contexts=12413 path READY=12347
LINKUSDT observed through 2026-07-22T22:10:00+00:00; source contexts=10201 path READY=10400
ADAUSDT observed through 2026-09-04T11:00:00+00:00; source contexts=10439 path READY=10770
BNBUSDT observed through 2026-08-20T00:25:00+00:00; source contexts=10521 path READY=10615
DOGEUSDT observed through 2026-08-28T07:50:00+00:00; source contexts=12490 path READY=12521
LINKUSDT observed through 2026-07-24T09:25:00+00:00; source contexts=10278 path READY=10495
ADAUSDT observed through 2026-09-06T02:50:00+00:00; source contexts=10526 path READY=10839
BNBUSDT observed through 2026-08-21T08:35:00+00:00; source contexts=10597 path READY=10692
DOGEUSDT observed through 2026-08-29T17:10:00+00:00; source contexts=12574 path READY=12669
LINKUSDT observed through 2026-07-25T18:55:00+00:00; source contexts=10349 path READY=10585
ADAUSDT observed through 2026-09-07T15:45:00+00:00; source contexts=10611 path READY=10936
BNBUSDT observed through 2026-08-22T17:10:00+00:00; source contexts=10659 path READY=10791
DOGEUSDT observed through 2026-08-31T00:50:00+00:00; source contexts=12678 path READY=12833
LINKUSDT observed through 2026-07-27T03:45:00+00:00; source contexts=10430 path READY=10674
ADAUSDT observed through 2026-09-09T04:00:00+00:00; source contexts=10705 path READY=11006
BNBUSDT observed through 2026-08-24T02:40:00+00:00; source contexts=10727 path READY=10858
DOGEUSDT observed through 2026-09-01T14:25:00+00:00; source contexts=12759 path READY=12949
LINKUSDT observed through 2026-07-28T17:10:00+00:00; source contexts=10529 path READY=10817
ADAUSDT observed through 2026-09-10T21:10:00+00:00; source contexts=10797 path READY=11107
BNBUSDT observed through 2026-08-25T12:35:00+00:00; source contexts=10813 path READY=10926
DOGEUSDT observed through 2026-09-02T23:30:00+00:00; source contexts=12845 path READY=13041
LINKUSDT observed through 2026-07-30T05:05:00+00:00; source contexts=10597 path READY=10884
ADAUSDT observed through 2026-09-12T10:00:00+00:00; source contexts=10848 path READY=11162
BNBUSDT observed through 2026-08-26T21:10:00+00:00; source contexts=10875 path READY=10995
DOGEUSDT observed through 2026-09-04T04:20:00+00:00; source contexts=12913 path READY=13111
LINKUSDT observed through 2026-07-31T16:10:00+00:00; source contexts=10666 path READY=10916
ADAUSDT observed through 2026-09-13T23:45:00+00:00; source contexts=10912 path READY=11224
BNBUSDT observed through 2026-08-28T06:35:00+00:00; source contexts=10919 path READY=11034
DOGEUSDT observed through 2026-09-05T12:45:00+00:00; source contexts=12960 path READY=13143
LINKUSDT observed through 2026-08-01T23:50:00+00:00; source contexts=10701 path READY=10987
ADAUSDT observed through 2026-09-15T12:20:00+00:00; source contexts=11007 path READY=11356
BNBUSDT observed through 2026-08-29T11:15:00+00:00; source contexts=10961 path READY=11049
DOGEUSDT observed through 2026-09-06T15:50:00+00:00; source contexts=13033 path READY=13229
LINKUSDT observed through 2026-08-03T08:55:00+00:00; source contexts=10778 path READY=11085
ADAUSDT observed through 2026-09-17T00:25:00+00:00; source contexts=11086 path READY=11431
BNBUSDT observed through 2026-08-30T15:45:00+00:00; source contexts=11018 path READY=11096
DOGEUSDT observed through 2026-09-07T19:45:00+00:00; source contexts=13084 path READY=13304
LINKUSDT observed through 2026-08-04T19:10:00+00:00; source contexts=10856 path READY=11177
ADAUSDT observed through 2026-09-18T10:55:00+00:00; source contexts=11133 path READY=11464
BNBUSDT observed through 2026-08-31T22:00:00+00:00; source contexts=11080 path READY=11145
DOGEUSDT observed through 2026-09-09T01:40:00+00:00; source contexts=13164 path READY=13368
LINKUSDT observed through 2026-08-06T02:15:00+00:00; source contexts=10974 path READY=11272
ADAUSDT observed through 2026-09-19T15:00:00+00:00; source contexts=11193 path READY=11522
BNBUSDT observed through 2026-09-01T23:35:00+00:00; source contexts=11142 path READY=11206
DOGEUSDT observed through 2026-09-10T06:10:00+00:00; source contexts=13213 path READY=13395
LINKUSDT observed through 2026-08-07T12:15:00+00:00; source contexts=11052 path READY=11386
ADAUSDT observed through 2026-09-21T01:55:00+00:00; source contexts=11262 path READY=11617
BNBUSDT observed through 2026-09-03T06:20:00+00:00; source contexts=11195 path READY=11243
DOGEUSDT observed through 2026-09-11T10:00:00+00:00; source contexts=13237 path READY=13397
LINKUSDT observed through 2026-08-08T17:35:00+00:00; source contexts=11134 path READY=11433
ADAUSDT observed through 2026-09-22T06:55:00+00:00; source contexts=11323 path READY=11692
BNBUSDT observed through 2026-09-04T03:25:00+00:00; source contexts=11248 path READY=11338
DOGEUSDT observed through 2026-09-12T12:45:00+00:00; source contexts=13279 path READY=13473
LINKUSDT observed through 2026-08-09T23:10:00+00:00; source contexts=11226 path READY=11513
BNBUSDT observed through 2026-09-05T07:45:00+00:00; source contexts=11316 path READY=11421
DOGEUSDT observed through 2026-09-13T18:25:00+00:00; source contexts=13351 path READY=13563
LINKUSDT observed through 2026-08-11T03:40:00+00:00; source contexts=11343 path READY=11595
BNBUSDT observed through 2026-09-06T03:35:00+00:00; source contexts=11378 path READY=11494
ADAUSDT COMPLETE source paths={'SFP_BOS_POI': 4004, 'SFP_ATR_STOP': 3938, 'RANGE_AGGRESSIVE_EXTERNAL_POI': 814, 'DEMAND_SUPPLY': 252, 'STB_BTS_EDGE': 314, 'STB_BTS_HALF': 481, 'OB_CONSERVATIVE_BOS_POI': 511, 'OB_ULTRA_CONSERVATIVE_CONF': 339, 'OB_DIRECT_FIRST_TEST': 104, 'OB_DIRECT_INSIDE': 104, 'OB_DIRECT_ENGULFING_STOP': 104, 'OB_DIRECT_INSIDE_ENGULFING_STOP': 86, 'BREAKER_CONSERVATIVE_STOP': 319, 'BREAKER_AGGRESSIVE_STOP': 319, 'RANGE_CONSERVATIVE_RETEST': 5}
AVAXUSDT analyze native 5m
DOGEUSDT observed through 2026-09-14T18:35:00+00:00; source contexts=13415 path READY=13652
LINKUSDT observed through 2026-08-12T04:55:00+00:00; source contexts=11378 path READY=11650
BNBUSDT observed through 2026-09-07T02:55:00+00:00; source contexts=11416 path READY=11527
AVAXUSDT analyze native 15m
DOGEUSDT observed through 2026-09-15T22:45:00+00:00; source contexts=13521 path READY=13746
AVAXUSDT analyze native 60m
LINKUSDT observed through 2026-08-13T10:30:00+00:00; source contexts=11471 path READY=11709
AVAXUSDT analyze native 240m
BNBUSDT observed through 2026-09-08T07:15:00+00:00; source contexts=11478 path READY=11614
DOGEUSDT observed through 2026-09-17T03:45:00+00:00; source contexts=13582 path READY=13868
LINKUSDT observed through 2026-08-14T18:05:00+00:00; source contexts=11570 path READY=11788
AVAXUSDT observed through 2026-02-21T12:30:00+00:00; source contexts=1473 path READY=1221
BNBUSDT observed through 2026-09-09T09:05:00+00:00; source contexts=11538 path READY=11691
DOGEUSDT observed through 2026-09-18T12:00:00+00:00; source contexts=13634 path READY=13931
LINKUSDT observed through 2026-08-16T03:40:00+00:00; source contexts=11654 path READY=11852
AVAXUSDT observed through 2026-03-05T22:30:00+00:00; source contexts=2167 path READY=1892
BNBUSDT observed through 2026-09-10T12:15:00+00:00; source contexts=11626 path READY=11790
DOGEUSDT observed through 2026-09-19T19:00:00+00:00; source contexts=13709 path READY=14027
LINKUSDT observed through 2026-08-17T10:10:00+00:00; source contexts=11733 path READY=11944
AVAXUSDT observed through 2026-03-14T23:05:00+00:00; source contexts=2724 path READY=2604
BNBUSDT observed through 2026-09-11T13:50:00+00:00; source contexts=11668 path READY=11844
DOGEUSDT observed through 2026-09-20T22:30:00+00:00; source contexts=13756 path READY=14075
LINKUSDT observed through 2026-08-18T12:05:00+00:00; source contexts=11822 path READY=12042
AVAXUSDT observed through 2026-03-21T19:40:00+00:00; source contexts=3132 path READY=3108
BNBUSDT observed through 2026-09-12T10:50:00+00:00; source contexts=11704 path READY=11888
DOGEUSDT observed through 2026-09-21T23:15:00+00:00; source contexts=13823 path READY=14122
LINKUSDT observed through 2026-08-19T13:20:00+00:00; source contexts=11918 path READY=12146
AVAXUSDT observed through 2026-03-28T02:50:00+00:00; source contexts=3533 path READY=3521
BNBUSDT observed through 2026-09-13T13:25:00+00:00; source contexts=11741 path READY=11926
LINKUSDT observed through 2026-08-20T20:40:00+00:00; source contexts=11991 path READY=12215
AVAXUSDT observed through 2026-04-03T07:00:00+00:00; source contexts=3897 path READY=3912
BNBUSDT observed through 2026-09-14T16:00:00+00:00; source contexts=11814 path READY=11985
LINKUSDT observed through 2026-08-22T01:55:00+00:00; source contexts=12068 path READY=12289
AVAXUSDT observed through 2026-04-08T22:30:00+00:00; source contexts=4156 path READY=4159
BNBUSDT observed through 2026-09-15T17:15:00+00:00; source contexts=11908 path READY=12057
DOGEUSDT COMPLETE source paths={'SFP_BOS_POI': 4583, 'SFP_ATR_STOP': 4526, 'RANGE_AGGRESSIVE_EXTERNAL_POI': 938, 'OB_DIRECT_FIRST_TEST': 145, 'OB_DIRECT_INSIDE': 145, 'OB_DIRECT_ENGULFING_STOP': 145, 'OB_DIRECT_INSIDE_ENGULFING_STOP': 120, 'BREAKER_CONSERVATIVE_STOP': 454, 'BREAKER_AGGRESSIVE_STOP': 454, 'OB_CONSERVATIVE_BOS_POI': 624, 'STB_BTS_HALF': 703, 'STB_BTS_EDGE': 525, 'DEMAND_SUPPLY': 389, 'OB_ULTRA_CONSERVATIVE_CONF': 429, 'RANGE_CONSERVATIVE_RETEST': 10}
LTCUSDT analyze native 5m
LINKUSDT observed through 2026-08-23T08:05:00+00:00; source contexts=12083 path READY=12317
AVAXUSDT observed through 2026-04-14T08:25:00+00:00; source contexts=4428 path READY=4501
BNBUSDT observed through 2026-09-16T16:00:00+00:00; source contexts=11968 path READY=12111
LTCUSDT analyze native 15m
LINKUSDT observed through 2026-08-24T10:35:00+00:00; source contexts=12095 path READY=12325
AVAXUSDT observed through 2026-04-19T08:40:00+00:00; source contexts=4796 path READY=4847
LTCUSDT analyze native 60m
LTCUSDT analyze native 240m
BNBUSDT observed through 2026-09-17T17:35:00+00:00; source contexts=12040 path READY=12174
AVAXUSDT observed through 2026-04-24T07:15:00+00:00; source contexts=5051 path READY=5178
LINKUSDT observed through 2026-08-25T13:20:00+00:00; source contexts=12130 path READY=12329
LTCUSDT observed through 2026-02-22T15:55:00+00:00; source contexts=1450 path READY=1217
BNBUSDT observed through 2026-09-18T18:55:00+00:00; source contexts=12100 path READY=12249
LINKUSDT observed through 2026-08-26T13:05:00+00:00; source contexts=12152 path READY=12332
AVAXUSDT observed through 2026-04-28T07:15:00+00:00; source contexts=5332 path READY=5475
LTCUSDT observed through 2026-03-05T22:00:00+00:00; source contexts=2025 path READY=1797
BNBUSDT observed through 2026-09-19T19:40:00+00:00; source contexts=12148 path READY=12277
LINKUSDT observed through 2026-08-27T11:20:00+00:00; source contexts=12177 path READY=12343
AVAXUSDT observed through 2026-05-02T05:50:00+00:00; source contexts=5554 path READY=5790
LTCUSDT observed through 2026-03-15T04:35:00+00:00; source contexts=2489 path READY=2382
BNBUSDT observed through 2026-09-20T20:20:00+00:00; source contexts=12199 path READY=12327
AVAXUSDT observed through 2026-05-06T04:10:00+00:00; source contexts=5787 path READY=6089
LINKUSDT observed through 2026-08-28T08:15:00+00:00; source contexts=12217 path READY=12382
LTCUSDT observed through 2026-03-22T02:50:00+00:00; source contexts=2921 path READY=2807
BNBUSDT observed through 2026-09-21T23:30:00+00:00; source contexts=12259 path READY=12401
AVAXUSDT observed through 2026-05-09T18:40:00+00:00; source contexts=5981 path READY=6338
LINKUSDT observed through 2026-08-29T04:30:00+00:00; source contexts=12257 path READY=12398
LTCUSDT observed through 2026-03-28T09:00:00+00:00; source contexts=3274 path READY=3177
AVAXUSDT observed through 2026-05-13T15:00:00+00:00; source contexts=6161 path READY=6532
LINKUSDT observed through 2026-08-30T00:20:00+00:00; source contexts=12275 path READY=12414
LTCUSDT observed through 2026-04-03T08:00:00+00:00; source contexts=3711 path READY=3520
AVAXUSDT observed through 2026-05-17T04:05:00+00:00; source contexts=6342 path READY=6730
LINKUSDT observed through 2026-08-30T17:55:00+00:00; source contexts=12320 path READY=12428
LTCUSDT observed through 2026-04-08T00:30:00+00:00; source contexts=3956 path READY=3747
BNBUSDT COMPLETE source paths={'SFP_BOS_POI': 4137, 'SFP_ATR_STOP': 4073, 'RANGE_AGGRESSIVE_EXTERNAL_POI': 935, 'STB_BTS_EDGE': 352, 'OB_DIRECT_FIRST_TEST': 100, 'OB_DIRECT_INSIDE': 100, 'OB_DIRECT_ENGULFING_STOP': 100, 'OB_DIRECT_INSIDE_ENGULFING_STOP': 70, 'STB_BTS_HALF': 500, 'OB_CONSERVATIVE_BOS_POI': 506, 'DEMAND_SUPPLY': 276, 'BREAKER_CONSERVATIVE_STOP': 449, 'BREAKER_AGGRESSIVE_STOP': 449, 'OB_ULTRA_CONSERVATIVE_CONF': 348, 'RANGE_CONSERVATIVE_RETEST': 25}
AVAXUSDT observed through 2026-05-20T16:50:00+00:00; source contexts=6625 path READY=6978
LINKUSDT observed through 2026-08-31T11:30:00+00:00; source contexts=12349 path READY=12450
LTCUSDT observed through 2026-04-12T20:10:00+00:00; source contexts=4169 path READY=3995
AVAXUSDT observed through 2026-05-23T23:40:00+00:00; source contexts=6796 path READY=7191
LINKUSDT observed through 2026-09-01T04:20:00+00:00; source contexts=12371 path READY=12452
LTCUSDT observed through 2026-04-17T08:15:00+00:00; source contexts=4437 path READY=4274
AVAXUSDT observed through 2026-05-27T02:35:00+00:00; source contexts=6928 path READY=7337
LINKUSDT observed through 2026-09-01T21:50:00+00:00; source contexts=12414 path READY=12479
LTCUSDT observed through 2026-04-21T13:50:00+00:00; source contexts=4658 path READY=4487
AVAXUSDT observed through 2026-05-30T02:15:00+00:00; source contexts=7149 path READY=7573
LINKUSDT observed through 2026-09-02T13:30:00+00:00; source contexts=12452 path READY=12485
LTCUSDT observed through 2026-04-25T15:45:00+00:00; source contexts=4890 path READY=4705
AVAXUSDT observed through 2026-06-01T22:20:00+00:00; source contexts=7353 path READY=7777
LINKUSDT observed through 2026-09-03T04:00:00+00:00; source contexts=12463 path READY=12498
LTCUSDT observed through 2026-04-29T10:00:00+00:00; source contexts=5082 path READY=4936
AVAXUSDT observed through 2026-06-04T21:45:00+00:00; source contexts=7540 path READY=7892
LINKUSDT observed through 2026-09-03T14:40:00+00:00; source contexts=12495 path READY=12504
LTCUSDT observed through 2026-05-03T09:10:00+00:00; source contexts=5313 path READY=5150
AVAXUSDT observed through 2026-06-07T12:30:00+00:00; source contexts=7624 path READY=7934
LINKUSDT observed through 2026-09-04T01:10:00+00:00; source contexts=12520 path READY=12516
LTCUSDT observed through 2026-05-07T03:20:00+00:00; source contexts=5568 path READY=5373
AVAXUSDT observed through 2026-06-09T23:50:00+00:00; source contexts=7694 path READY=7965
LINKUSDT observed through 2026-09-04T11:15:00+00:00; source contexts=12541 path READY=12522
LTCUSDT observed through 2026-05-10T11:00:00+00:00; source contexts=5750 path READY=5511
AVAXUSDT observed through 2026-06-12T05:30:00+00:00; source contexts=7747 path READY=8033
LINKUSDT observed through 2026-09-04T21:10:00+00:00; source contexts=12556 path READY=12538
LTCUSDT observed through 2026-05-13T14:55:00+00:00; source contexts=5854 path READY=5629
AVAXUSDT observed through 2026-06-14T08:50:00+00:00; source contexts=7786 path READY=8052
LINKUSDT observed through 2026-09-05T07:00:00+00:00; source contexts=12558 path READY=12540
LTCUSDT observed through 2026-05-16T18:30:00+00:00; source contexts=6006 path READY=5787
AVAXUSDT observed through 2026-06-16T08:10:00+00:00; source contexts=7869 path READY=8155
LINKUSDT observed through 2026-09-05T16:15:00+00:00; source contexts=12574 path READY=12545
LTCUSDT observed through 2026-05-19T20:50:00+00:00; source contexts=6170 path READY=5980
AVAXUSDT observed through 2026-06-18T10:15:00+00:00; source contexts=7983 path READY=8276
LINKUSDT observed through 2026-09-06T01:40:00+00:00; source contexts=12583 path READY=12545
LTCUSDT observed through 2026-05-22T20:20:00+00:00; source contexts=6470 path READY=6162
AVAXUSDT observed through 2026-06-20T11:35:00+00:00; source contexts=8091 path READY=8351
LINKUSDT observed through 2026-09-06T10:50:00+00:00; source contexts=12588 path READY=12545
LTCUSDT observed through 2026-05-25T16:30:00+00:00; source contexts=6595 path READY=6332
AVAXUSDT observed through 2026-06-22T07:50:00+00:00; source contexts=8151 path READY=8423
LINKUSDT observed through 2026-09-06T19:35:00+00:00; source contexts=12591 path READY=12547
LTCUSDT observed through 2026-05-28T12:30:00+00:00; source contexts=6740 path READY=6433
AVAXUSDT observed through 2026-06-24T02:35:00+00:00; source contexts=8253 path READY=8573
LINKUSDT observed through 2026-09-07T18:05:00+00:00; source contexts=12621 path READY=12766
LTCUSDT observed through 2026-05-31T06:45:00+00:00; source contexts=6884 path READY=6570
AVAXUSDT observed through 2026-06-25T20:55:00+00:00; source contexts=8350 path READY=8677
LINKUSDT observed through 2026-09-08T17:10:00+00:00; source contexts=12687 path READY=12829
LTCUSDT observed through 2026-06-02T19:00:00+00:00; source contexts=7032 path READY=6700
AVAXUSDT observed through 2026-06-27T16:20:00+00:00; source contexts=8433 path READY=8800
LINKUSDT observed through 2026-09-09T17:20:00+00:00; source contexts=12729 path READY=12904
LTCUSDT observed through 2026-06-05T07:30:00+00:00; source contexts=7118 path READY=6766
AVAXUSDT observed through 2026-06-29T10:30:00+00:00; source contexts=8560 path READY=8918
LINKUSDT observed through 2026-09-10T18:40:00+00:00; source contexts=12786 path READY=13011
LTCUSDT observed through 2026-06-07T10:15:00+00:00; source contexts=7174 path READY=6837
AVAXUSDT observed through 2026-07-01T05:25:00+00:00; source contexts=8642 path READY=9032
LINKUSDT observed through 2026-09-11T21:15:00+00:00; source contexts=12837 path READY=13111
LTCUSDT observed through 2026-06-09T10:30:00+00:00; source contexts=7240 path READY=6861
AVAXUSDT observed through 2026-07-03T00:50:00+00:00; source contexts=8733 path READY=9144
LINKUSDT observed through 2026-09-12T23:25:00+00:00; source contexts=12896 path READY=13177
LTCUSDT observed through 2026-06-11T07:10:00+00:00; source contexts=7335 path READY=6968
AVAXUSDT observed through 2026-07-04T17:40:00+00:00; source contexts=8831 path READY=9246
LINKUSDT observed through 2026-09-13T23:25:00+00:00; source contexts=12961 path READY=13257
LTCUSDT observed through 2026-06-13T08:50:00+00:00; source contexts=7469 path READY=7095
AVAXUSDT observed through 2026-07-06T09:50:00+00:00; source contexts=8949 path READY=9356
LINKUSDT observed through 2026-09-15T00:10:00+00:00; source contexts=13008 path READY=13344
LTCUSDT observed through 2026-06-15T10:25:00+00:00; source contexts=7571 path READY=7203
AVAXUSDT observed through 2026-07-08T03:20:00+00:00; source contexts=9060 path READY=9484
LINKUSDT observed through 2026-09-16T02:00:00+00:00; source contexts=13077 path READY=13413
LTCUSDT observed through 2026-06-17T15:00:00+00:00; source contexts=7705 path READY=7376
AVAXUSDT observed through 2026-07-09T19:05:00+00:00; source contexts=9124 path READY=9581
LINKUSDT observed through 2026-09-17T05:05:00+00:00; source contexts=13158 path READY=13491
LTCUSDT observed through 2026-06-19T11:25:00+00:00; source contexts=7839 path READY=7503
AVAXUSDT observed through 2026-07-11T12:45:00+00:00; source contexts=9199 path READY=9642
LINKUSDT observed through 2026-09-18T08:05:00+00:00; source contexts=13202 path READY=13543
LTCUSDT observed through 2026-06-21T12:15:00+00:00; source contexts=7928 path READY=7579
AVAXUSDT observed through 2026-07-13T02:40:00+00:00; source contexts=9306 path READY=9734
LINKUSDT observed through 2026-09-19T08:25:00+00:00; source contexts=13272 path READY=13623
LTCUSDT observed through 2026-06-23T10:10:00+00:00; source contexts=8017 path READY=7686
AVAXUSDT observed through 2026-07-14T17:25:00+00:00; source contexts=9387 path READY=9815
LINKUSDT observed through 2026-09-20T10:15:00+00:00; source contexts=13346 path READY=13680
LTCUSDT observed through 2026-06-25T04:35:00+00:00; source contexts=8093 path READY=7785
AVAXUSDT observed through 2026-07-16T12:30:00+00:00; source contexts=9472 path READY=9900
LINKUSDT observed through 2026-09-21T13:25:00+00:00; source contexts=13434 path READY=13719
LTCUSDT observed through 2026-06-27T01:25:00+00:00; source contexts=8183 path READY=7868
AVAXUSDT observed through 2026-07-18T03:50:00+00:00; source contexts=9572 path READY=10029
LTCUSDT observed through 2026-06-29T00:20:00+00:00; source contexts=8282 path READY=7971
AVAXUSDT observed through 2026-07-19T18:00:00+00:00; source contexts=9700 path READY=10146
LTCUSDT observed through 2026-06-30T22:25:00+00:00; source contexts=8375 path READY=8061
AVAXUSDT observed through 2026-07-21T07:25:00+00:00; source contexts=9835 path READY=10258
LTCUSDT observed through 2026-07-02T18:30:00+00:00; source contexts=8460 path READY=8124
LINKUSDT COMPLETE source paths={'SFP_BOS_POI': 4470, 'SFP_ATR_STOP': 4435, 'RANGE_AGGRESSIVE_EXTERNAL_POI': 987, 'STB_BTS_EDGE': 406, 'STB_BTS_HALF': 575, 'DEMAND_SUPPLY': 396, 'OB_CONSERVATIVE_BOS_POI': 567, 'OB_ULTRA_CONSERVATIVE_CONF': 379, 'OB_DIRECT_FIRST_TEST': 117, 'OB_DIRECT_INSIDE': 117, 'OB_DIRECT_ENGULFING_STOP': 117, 'OB_DIRECT_INSIDE_ENGULFING_STOP': 90, 'BREAKER_CONSERVATIVE_STOP': 549, 'BREAKER_AGGRESSIVE_STOP': 549, 'RANGE_CONSERVATIVE_RETEST': 7}
AVAXUSDT observed through 2026-07-22T19:45:00+00:00; source contexts=9890 path READY=10321
LTCUSDT observed through 2026-07-04T14:00:00+00:00; source contexts=8535 path READY=8212
AVAXUSDT observed through 2026-07-24T08:25:00+00:00; source contexts=10004 path READY=10422
LTCUSDT observed through 2026-07-06T10:25:00+00:00; source contexts=8635 path READY=8296
AVAXUSDT observed through 2026-07-25T22:35:00+00:00; source contexts=10138 path READY=10544
LTCUSDT observed through 2026-07-08T07:30:00+00:00; source contexts=8752 path READY=8448
AVAXUSDT observed through 2026-07-27T08:25:00+00:00; source contexts=10208 path READY=10654
LTCUSDT observed through 2026-07-10T00:05:00+00:00; source contexts=8845 path READY=8541
AVAXUSDT observed through 2026-07-28T19:55:00+00:00; source contexts=10283 path READY=10728
LTCUSDT observed through 2026-07-11T18:25:00+00:00; source contexts=8927 path READY=8636
AVAXUSDT observed through 2026-07-30T04:45:00+00:00; source contexts=10328 path READY=10793
LTCUSDT observed through 2026-07-13T08:10:00+00:00; source contexts=8991 path READY=8696
AVAXUSDT observed through 2026-07-31T18:10:00+00:00; source contexts=10393 path READY=10860
LTCUSDT observed through 2026-07-15T00:40:00+00:00; source contexts=9091 path READY=8798
AVAXUSDT observed through 2026-08-02T03:25:00+00:00; source contexts=10447 path READY=10934
LTCUSDT observed through 2026-07-16T17:55:00+00:00; source contexts=9180 path READY=8883
AVAXUSDT observed through 2026-08-03T13:05:00+00:00; source contexts=10532 path READY=11054
LTCUSDT observed through 2026-07-18T11:00:00+00:00; source contexts=9293 path READY=8958
AVAXUSDT observed through 2026-08-05T00:20:00+00:00; source contexts=10628 path READY=11143
LTCUSDT observed through 2026-07-20T03:45:00+00:00; source contexts=9383 path READY=9019
AVAXUSDT observed through 2026-08-06T10:30:00+00:00; source contexts=10697 path READY=11231
LTCUSDT observed through 2026-07-21T19:10:00+00:00; source contexts=9442 path READY=9075
AVAXUSDT observed through 2026-08-07T19:40:00+00:00; source contexts=10784 path READY=11308
LTCUSDT observed through 2026-07-23T09:45:00+00:00; source contexts=9523 path READY=9175
AVAXUSDT observed through 2026-08-09T03:30:00+00:00; source contexts=10841 path READY=11373
LTCUSDT observed through 2026-07-24T22:10:00+00:00; source contexts=9595 path READY=9304
AVAXUSDT observed through 2026-08-10T09:20:00+00:00; source contexts=10954 path READY=11459
LTCUSDT observed through 2026-07-26T11:40:00+00:00; source contexts=9636 path READY=9364
AVAXUSDT observed through 2026-08-11T16:15:00+00:00; source contexts=11036 path READY=11521
LTCUSDT observed through 2026-07-28T00:40:00+00:00; source contexts=9730 path READY=9443
AVAXUSDT observed through 2026-08-12T22:00:00+00:00; source contexts=11093 path READY=11583
LTCUSDT observed through 2026-07-29T10:55:00+00:00; source contexts=9828 path READY=9547
AVAXUSDT observed through 2026-08-14T02:00:00+00:00; source contexts=11164 path READY=11643
LTCUSDT observed through 2026-07-30T20:00:00+00:00; source contexts=9909 path READY=9632
AVAXUSDT observed through 2026-08-15T07:35:00+00:00; source contexts=11231 path READY=11709
LTCUSDT observed through 2026-08-01T09:35:00+00:00; source contexts=9974 path READY=9723
AVAXUSDT observed through 2026-08-16T14:10:00+00:00; source contexts=11286 path READY=11771
LTCUSDT observed through 2026-08-02T22:05:00+00:00; source contexts=10025 path READY=9787
AVAXUSDT observed through 2026-08-17T23:05:00+00:00; source contexts=11378 path READY=11832
LTCUSDT observed through 2026-08-04T09:10:00+00:00; source contexts=10091 path READY=9862
AVAXUSDT observed through 2026-08-19T08:40:00+00:00; source contexts=11463 path READY=11883
LTCUSDT observed through 2026-08-05T20:25:00+00:00; source contexts=10181 path READY=9968
AVAXUSDT observed through 2026-08-20T14:05:00+00:00; source contexts=11562 path READY=11996
LTCUSDT observed through 2026-08-07T03:25:00+00:00; source contexts=10267 path READY=10093
AVAXUSDT observed through 2026-08-21T19:00:00+00:00; source contexts=11633 path READY=12078
LTCUSDT observed through 2026-08-08T09:50:00+00:00; source contexts=10366 path READY=10237
AVAXUSDT observed through 2026-08-23T03:45:00+00:00; source contexts=11699 path READY=12151
LTCUSDT observed through 2026-08-09T20:20:00+00:00; source contexts=10426 path READY=10296
AVAXUSDT observed through 2026-08-24T07:15:00+00:00; source contexts=11737 path READY=12168
LTCUSDT observed through 2026-08-11T03:15:00+00:00; source contexts=10511 path READY=10383
AVAXUSDT observed through 2026-08-25T11:45:00+00:00; source contexts=11789 path READY=12198
LTCUSDT observed through 2026-08-12T12:10:00+00:00; source contexts=10602 path READY=10496
AVAXUSDT observed through 2026-08-26T13:50:00+00:00; source contexts=11833 path READY=12204
LTCUSDT observed through 2026-08-13T18:00:00+00:00; source contexts=10669 path READY=10537
AVAXUSDT observed through 2026-08-27T14:00:00+00:00; source contexts=11861 path READY=12230
LTCUSDT observed through 2026-08-14T23:00:00+00:00; source contexts=10722 path READY=10635
AVAXUSDT observed through 2026-08-28T09:15:00+00:00; source contexts=11905 path READY=12249
LTCUSDT observed through 2026-08-16T06:35:00+00:00; source contexts=10764 path READY=10686
AVAXUSDT observed through 2026-08-29T08:15:00+00:00; source contexts=11937 path READY=12272
LTCUSDT observed through 2026-08-17T16:05:00+00:00; source contexts=10813 path READY=10736
AVAXUSDT observed through 2026-08-30T05:05:00+00:00; source contexts=11948 path READY=12278
LTCUSDT observed through 2026-08-18T22:30:00+00:00; source contexts=10871 path READY=10840
AVAXUSDT observed through 2026-08-31T00:30:00+00:00; source contexts=11971 path READY=12295
LTCUSDT observed through 2026-08-20T06:00:00+00:00; source contexts=10952 path READY=10900
AVAXUSDT observed through 2026-08-31T19:40:00+00:00; source contexts=11981 path READY=12295
LTCUSDT observed through 2026-08-21T13:35:00+00:00; source contexts=11067 path READY=11031
AVAXUSDT observed through 2026-09-01T13:50:00+00:00; source contexts=12009 path READY=12304
LTCUSDT observed through 2026-08-22T22:45:00+00:00; source contexts=11153 path READY=11113
AVAXUSDT observed through 2026-09-02T07:55:00+00:00; source contexts=12036 path READY=12313
LTCUSDT observed through 2026-08-24T08:25:00+00:00; source contexts=11211 path READY=11178
AVAXUSDT observed through 2026-09-02T23:20:00+00:00; source contexts=12062 path READY=12317
LTCUSDT observed through 2026-08-25T19:40:00+00:00; source contexts=11298 path READY=11271
AVAXUSDT observed through 2026-09-03T12:20:00+00:00; source contexts=12088 path READY=12322
LTCUSDT observed through 2026-08-27T06:30:00+00:00; source contexts=11353 path READY=11328
AVAXUSDT observed through 2026-09-04T00:05:00+00:00; source contexts=12127 path READY=12331
LTCUSDT observed through 2026-08-28T16:30:00+00:00; source contexts=11439 path READY=11388
AVAXUSDT observed through 2026-09-04T11:20:00+00:00; source contexts=12178 path READY=12337
LTCUSDT observed through 2026-08-29T23:20:00+00:00; source contexts=11497 path READY=11481
AVAXUSDT observed through 2026-09-04T22:50:00+00:00; source contexts=12195 path READY=12356
LTCUSDT observed through 2026-08-31T08:40:00+00:00; source contexts=11554 path READY=11540
AVAXUSDT observed through 2026-09-05T10:00:00+00:00; source contexts=12213 path READY=12363
LTCUSDT observed through 2026-09-01T20:00:00+00:00; source contexts=11640 path READY=11624
AVAXUSDT observed through 2026-09-05T20:50:00+00:00; source contexts=12250 path READY=12372
LTCUSDT observed through 2026-09-03T07:00:00+00:00; source contexts=11728 path READY=11702
AVAXUSDT observed through 2026-09-06T06:50:00+00:00; source contexts=12275 path READY=12397
LTCUSDT observed through 2026-09-04T16:15:00+00:00; source contexts=11794 path READY=11771
AVAXUSDT observed through 2026-09-06T16:50:00+00:00; source contexts=12291 path READY=12402
LTCUSDT observed through 2026-09-06T00:50:00+00:00; source contexts=11851 path READY=11847
AVAXUSDT observed through 2026-09-07T10:50:00+00:00; source contexts=12353 path READY=12702
LTCUSDT observed through 2026-09-07T08:40:00+00:00; source contexts=11909 path READY=11893
AVAXUSDT observed through 2026-09-08T13:00:00+00:00; source contexts=12421 path READY=12754
LTCUSDT observed through 2026-09-08T18:35:00+00:00; source contexts=11985 path READY=11955
AVAXUSDT observed through 2026-09-09T14:15:00+00:00; source contexts=12482 path READY=12829
LTCUSDT observed through 2026-09-10T02:30:00+00:00; source contexts=12073 path READY=12049
AVAXUSDT observed through 2026-09-10T16:25:00+00:00; source contexts=12525 path READY=12926
LTCUSDT observed through 2026-09-11T09:00:00+00:00; source contexts=12140 path READY=12150
AVAXUSDT observed through 2026-09-11T16:55:00+00:00; source contexts=12588 path READY=13040
LTCUSDT observed through 2026-09-12T16:45:00+00:00; source contexts=12205 path READY=12232
AVAXUSDT observed through 2026-09-12T21:55:00+00:00; source contexts=12625 path READY=13066
LTCUSDT observed through 2026-09-14T00:20:00+00:00; source contexts=12259 path READY=12317
AVAXUSDT observed through 2026-09-14T01:35:00+00:00; source contexts=12705 path READY=13122
LTCUSDT observed through 2026-09-15T07:00:00+00:00; source contexts=12341 path READY=12380
AVAXUSDT observed through 2026-09-15T04:45:00+00:00; source contexts=12777 path READY=13213
LTCUSDT observed through 2026-09-16T14:40:00+00:00; source contexts=12395 path READY=12438
AVAXUSDT observed through 2026-09-16T07:30:00+00:00; source contexts=12847 path READY=13242
LTCUSDT observed through 2026-09-17T23:00:00+00:00; source contexts=12459 path READY=12526
AVAXUSDT observed through 2026-09-17T08:30:00+00:00; source contexts=12895 path READY=13331
LTCUSDT observed through 2026-09-19T05:00:00+00:00; source contexts=12525 path READY=12575
AVAXUSDT observed through 2026-09-18T10:00:00+00:00; source contexts=12949 path READY=13404
LTCUSDT observed through 2026-09-20T11:20:00+00:00; source contexts=12598 path READY=12612
AVAXUSDT observed through 2026-09-19T11:30:00+00:00; source contexts=13036 path READY=13522
LTCUSDT observed through 2026-09-21T15:05:00+00:00; source contexts=12675 path READY=12705
AVAXUSDT observed through 2026-09-20T19:45:00+00:00; source contexts=13119 path READY=13601
AVAXUSDT observed through 2026-09-22T05:00:00+00:00; source contexts=13181 path READY=13689
LTCUSDT COMPLETE source paths={'SFP_BOS_POI': 4260, 'SFP_ATR_STOP': 4217, 'STB_BTS_EDGE': 383, 'STB_BTS_HALF': 545, 'OB_CONSERVATIVE_BOS_POI': 549, 'OB_ULTRA_CONSERVATIVE_CONF': 384, 'RANGE_AGGRESSIVE_EXTERNAL_POI': 824, 'OB_DIRECT_FIRST_TEST': 115, 'OB_DIRECT_INSIDE': 115, 'OB_DIRECT_ENGULFING_STOP': 115, 'OB_DIRECT_INSIDE_ENGULFING_STOP': 93, 'BREAKER_CONSERVATIVE_STOP': 413, 'BREAKER_AGGRESSIVE_STOP': 413, 'DEMAND_SUPPLY': 316, 'RANGE_CONSERVATIVE_RETEST': 6}
AVAXUSDT COMPLETE source paths={'SFP_BOS_POI': 4187, 'SFP_ATR_STOP': 4145, 'RANGE_AGGRESSIVE_EXTERNAL_POI': 993, 'OB_CONSERVATIVE_BOS_POI': 688, 'OB_ULTRA_CONSERVATIVE_CONF': 495, 'BREAKER_CONSERVATIVE_STOP': 538, 'BREAKER_AGGRESSIVE_STOP': 538, 'STB_BTS_HALF': 704, 'STB_BTS_EDGE': 489, 'DEMAND_SUPPLY': 405, 'RANGE_CONSERVATIVE_RETEST': 29, 'OB_DIRECT_FIRST_TEST': 130, 'OB_DIRECT_INSIDE': 132, 'OB_DIRECT_ENGULFING_STOP': 130, 'OB_DIRECT_INSIDE_ENGULFING_STOP': 105}
