{
  "trade_entry_allowed": false,
  "real_prefix": {
    "status": "PASS",
    "symbol": "SOLUSDT",
    "fixed_cutoff": "2026-03-01T00:00:00+00:00",
    "native_prefix_candles": 14293,
    "exact_READY": 1775,
    "paths_nonempty": {
      "SFP_BOS_POI": 626,
      "SFP_ATR_STOP": 588,
      "DEMAND_SUPPLY": 41,
      "RANGE_AGGRESSIVE_EXTERNAL_POI": 106,
      "OB_CONSERVATIVE_BOS_POI": 79,
      "OB_ULTRA_CONSERVATIVE_CONF": 58,
      "BREAKER_CONSERVATIVE_STOP": 68,
      "BREAKER_AGGRESSIVE_STOP": 68,
      "STB_BTS_HALF": 48,
      "OB_DIRECT_FIRST_TEST": 17,
      "OB_DIRECT_INSIDE": 17,
      "OB_DIRECT_ENGULFING_STOP": 17,
      "OB_DIRECT_INSIDE_ENGULFING_STOP": 14,
      "STB_BTS_EDGE": 27,
      "RANGE_CONSERVATIVE_RETEST": 1
    },
    "exact_cancellations": 3479,
    "exact_global_flows": 236,
    "native_TFs": [
      5,
      15,
      60,
      240
    ],
    "future_mutation": "PASS",
    "full_history_prefix_parity": "PENDING_FULL_SEGMENT",
    "cohort": "ALREADY_INSPECTED_DEVELOPMENT",
    "trade_entry_allowed": false
  }
}
