BTCUSDT analyze native 5m
BTCUSDT analyze native 15m
BTCUSDT analyze native 60m
BTCUSDT analyze native 240m
BTCUSDT COMPLETE: {'source_contexts': 10531, 'setups': 4043, 'qualified_structure': 1006, 'liquidity_passed': 495, 'poi_passed': 495, 'order_flow_passed': 315, 'pd_passed': 90, 'READY': 90}
ETHUSDT analyze native 5m
ETHUSDT analyze native 15m
ETHUSDT analyze native 60m
ETHUSDT analyze native 240m
ETHUSDT COMPLETE: {'source_contexts': 10341, 'setups': 4130, 'qualified_structure': 1027, 'liquidity_passed': 477, 'poi_passed': 477, 'order_flow_passed': 319, 'pd_passed': 85, 'READY': 85}
SOLUSDT analyze native 5m
SOLUSDT analyze native 15m
SOLUSDT analyze native 60m
SOLUSDT analyze native 240m
SOLUSDT COMPLETE: {'source_contexts': 9764, 'setups': 3981, 'qualified_structure': 917, 'liquidity_passed': 462, 'poi_passed': 462, 'order_flow_passed': 298, 'pd_passed': 74, 'READY': 74}
XRPUSDT analyze native 5m
XRPUSDT analyze native 15m
XRPUSDT analyze native 60m
XRPUSDT analyze native 240m
XRPUSDT observed through 2026-08-03T03:05:00+00:00; setups=3262 READY=99
XRPUSDT COMPLETE: {'source_contexts': 10097, 'setups': 4121, 'qualified_structure': 1000, 'liquidity_passed': 553, 'poi_passed': 553, 'order_flow_passed': 340, 'pd_passed': 111, 'READY': 111}
BNBUSDT analyze native 5m
BNBUSDT analyze native 15m
BNBUSDT analyze native 60m
BNBUSDT analyze native 240m
BNBUSDT COMPLETE: {'source_contexts': 8891, 'setups': 3854, 'qualified_structure': 855, 'liquidity_passed': 457, 'poi_passed': 457, 'order_flow_passed': 277, 'pd_passed': 72, 'READY': 72}
DOGEUSDT analyze native 5m
DOGEUSDT analyze native 15m
DOGEUSDT analyze native 60m
DOGEUSDT analyze native 240m
DOGEUSDT COMPLETE: {'source_contexts': 9728, 'setups': 4042, 'qualified_structure': 1027, 'liquidity_passed': 558, 'poi_passed': 558, 'order_flow_passed': 354, 'pd_passed': 96, 'READY': 96}
ADAUSDT analyze native 5m
ADAUSDT analyze native 15m
ADAUSDT analyze native 60m
ADAUSDT analyze native 240m
ADAUSDT COMPLETE: {'source_contexts': 7973, 'setups': 3563, 'qualified_structure': 850, 'liquidity_passed': 432, 'poi_passed': 432, 'order_flow_passed': 271, 'pd_passed': 94, 'READY': 94}
LINKUSDT analyze native 5m
LINKUSDT analyze native 15m
LINKUSDT analyze native 60m
LINKUSDT analyze native 240m
LINKUSDT COMPLETE: {'source_contexts': 9447, 'setups': 4013, 'qualified_structure': 900, 'liquidity_passed': 453, 'poi_passed': 453, 'order_flow_passed': 307, 'pd_passed': 89, 'READY': 89}
AVAXUSDT analyze native 5m
AVAXUSDT analyze native 15m
AVAXUSDT analyze native 60m
AVAXUSDT analyze native 240m
AVAXUSDT COMPLETE: {'source_contexts': 9421, 'setups': 3960, 'qualified_structure': 963, 'liquidity_passed': 479, 'poi_passed': 479, 'order_flow_passed': 318, 'pd_passed': 88, 'READY': 88}
LTCUSDT analyze native 5m
LTCUSDT analyze native 15m
LTCUSDT analyze native 60m
LTCUSDT analyze native 240m
LTCUSDT COMPLETE: {'source_contexts': 8952, 'setups': 3835, 'qualified_structure': 893, 'liquidity_passed': 505, 'poi_passed': 505, 'order_flow_passed': 309, 'pd_passed': 88, 'READY': 88}
{
  "status": "COMPLETE_FULL_NATIVE_DATASET",
  "funnel": {
    "READY": 887,
    "liquidity_passed": 4871,
    "order_flow_passed": 3108,
    "pd_passed": 887,
    "poi_passed": 4871,
    "qualified_structure": 9438,
    "setups": 39542,
    "source_contexts": 95145,
    "entries": 23,
    "CLOSED": 22,
    "open_censored": 1,
    "pending_censored": 0
  },
  "primary": {
    "CLOSED": 22,
    "Wins": 4,
    "Losses": 18,
    "BE": 0,
    "WinRate": 0.18181818181818182,
    "ProfitFactor": 0.3368123619139093,
    "Expectancy": -11.45516616769367,
    "AvgR": -0.5360890029748488,
    "MedianR": -1.0,
    "AvgWin": 31.997473163183372,
    "AvgLoss": 21.111308241221902,
    "PayoffRatio": 1.5156556286125917,
    "NetPnL": -252.01365568926076,
    "GrossPnL": -166.60855094014127,
    "GrossAfterSlippageBeforeFees": -187.95982212916238,
    "MaxDrawdown": 344.5744215974503,
    "MaxDrawdownFraction": 0.2837292022393543,
    "MaxLosingStreak": 7,
    "MaxWinningStreak": 1,
    "Fees": 64.05383356009837,
    "Slippage": 21.351271189021116,
    "AvgHoldingSeconds": 13350.0
  },
  "all_closed": {
    "CLOSED": 22,
    "Wins": 4,
    "Losses": 18,
    "BE": 0,
    "WinRate": 0.18181818181818182,
    "ProfitFactor": 0.3368123619139093,
    "Expectancy": -11.45516616769367,
    "AvgR": -0.5360890029748488,
    "MedianR": -1.0,
    "AvgWin": 31.997473163183372,
    "AvgLoss": 21.111308241221902,
    "PayoffRatio": 1.5156556286125917,
    "NetPnL": -252.01365568926076,
    "GrossPnL": -166.60855094014127,
    "GrossAfterSlippageBeforeFees": -187.95982212916238,
    "MaxDrawdown": 344.5744215974503,
    "MaxDrawdownFraction": 0.2837292022393543,
    "MaxLosingStreak": 7,
    "MaxWinningStreak": 1,
    "Fees": 64.05383356009837,
    "Slippage": 21.351271189021116,
    "AvgHoldingSeconds": 13350.0
  },
  "primary_breakdown": {
    "direction": {
      "SHORT": {
        "CLOSED": 10,
        "Wins": 1,
        "Losses": 9,
        "BE": 0,
        "WinRate": 0.1,
        "ProfitFactor": 0.06738670815309539,
        "Expectancy": -17.60976292751008,
        "AvgR": -0.8388818770267723,
        "MedianR": -1.0,
        "AvgWin": 12.724072940149776,
        "AvgLoss": 20.980189135027842,
        "PayoffRatio": 0.6064803733778585,
        "NetPnL": -176.0976292751008,
        "GrossPnL": -137.83547738874765,
        "GrossAfterSlippageBeforeFees": -147.40101122527054,
        "MaxDrawdown": null,
        "MaxDrawdownFraction": null,
        "MaxLosingStreak": 5,
        "MaxWinningStreak": 1,
        "Fees": 28.696618049830253,
        "Slippage": 9.565533836522901,
        "AvgHoldingSeconds": 11430.0
      },
      "LONG": {
        "CLOSED": 12,
        "Wins": 3,
        "Losses": 9,
        "BE": 0,
        "WinRate": 0.25,
        "ProfitFactor": 0.6029119503123138,
        "Expectancy": -6.326335534513331,
        "AvgR": -0.28376160793157934,
        "MedianR": -1.0,
        "AvgWin": 38.42193990419457,
        "AvgLoss": 21.242427347415965,
        "PayoffRatio": 1.8087358509369416,
        "NetPnL": -75.91602641415997,
        "GrossPnL": -28.77307355139362,
        "GrossAfterSlippageBeforeFees": -40.55881090389183,
        "MaxDrawdown": null,
        "MaxDrawdownFraction": null,
        "MaxLosingStreak": 7,
        "MaxWinningStreak": 1,
        "Fees": 35.35721551026812,
        "Slippage": 11.785737352498217,
        "AvgHoldingSeconds": 14950.0
      }
    },
    "symbol": {
      "ETHUSDT": {
        "CLOSED": 2,
        "Wins": 0,
        "Losses": 2,
        "BE": 0,
        "WinRate": 0.0,
        "ProfitFactor": 0.0,
        "Expectancy": -20.88347717909152,
        "AvgR": -1.0,
        "MedianR": -1.0,
        "AvgWin": null,
        "AvgLoss": 20.88347717909152,
        "PayoffRatio": null,
        "NetPnL": -41.76695435818304,
        "GrossPnL": -33.79968033919745,
        "GrossAfterSlippageBeforeFees": -35.791497829953556,
        "MaxDrawdown": null,
        "MaxDrawdownFraction": null,
        "MaxLosingStreak": 2,
        "MaxWinningStreak": 0,
        "Fees": 5.975456528229486,
        "Slippage": 1.9918174907561053,
        "AvgHoldingSeconds": 450.0
      },
      "LINKUSDT": {
        "CLOSED": 4,
        "Wins": 2,
        "Losses": 2,
        "BE": 0,
        "WinRate": 0.5,
        "ProfitFactor": 2.5805556837169887,
        "Expectancy": 17.05846340033925,
        "AvgR": 0.8490534787592294,
        "MedianR": 0.5205772566966864,
        "AvgWin": 55.70232689265489,
        "AvgLoss": 21.585400091976393,
        "PayoffRatio": 2.5805556837169887,
        "NetPnL": 68.233853601357,
        "GrossPnL": 84.8091273214055,
        "GrossAfterSlippageBeforeFees": 80.6653063471201,
        "MaxDrawdown": null,
        "MaxDrawdownFraction": null,
        "MaxLosingStreak": 1,
        "MaxWinningStreak": 1,
        "Fees": 12.431452745763089,
        "Slippage": 4.143820974285401,
        "AvgHoldingSeconds": 16800.0
      },
      "XRPUSDT": {
        "CLOSED": 3,
        "Wins": 1,
        "Losses": 2,
        "BE": 0,
        "WinRate": 0.3333333333333333,
        "ProfitFactor": 0.08456603628617458,
        "Expectancy": -13.932474488141597,
        "AvgR": -0.6004510700719567,
        "MedianR": -1.0,
        "AvgWin": 3.86116592727394,
        "AvgLoss": 22.829294695849363,
        "PayoffRatio": 0.16913207257234916,
        "NetPnL": -41.79742346442479,
        "GrossPnL": -28.357684706903132,
        "GrossAfterSlippageBeforeFees": -31.717618545552384,
        "MaxDrawdown": null,
        "MaxDrawdownFraction": null,
        "MaxLosingStreak": 2,
        "MaxWinningStreak": 1,
        "Fees": 10.079804918872405,
        "Slippage": 3.359933838649253,
        "AvgHoldingSeconds": 8700.0
      },
      "BNBUSDT": {
        "CLOSED": 1,
        "Wins": 0,
        "Losses": 1,
        "BE": 0,
        "WinRate": 0.0,
        "ProfitFactor": 0.0,
        "Expectancy": -23.501722171988597,
        "AvgR": -1.0,
        "MedianR": -1.0,
        "AvgWin": null,
        "AvgLoss": 23.501722171988597,
        "PayoffRatio": null,
        "NetPnL": -23.501722171988597,
        "GrossPnL": -18.045268325865056,
        "GrossAfterSlippageBeforeFees": -19.40938124603789,
        "MaxDrawdown": null,
        "MaxDrawdownFraction": null,
        "MaxLosingStreak": 1,
        "MaxWinningStreak": 0,
        "Fees": 4.092340925950706,
        "Slippage": 1.3641129201728313,
        "AvgHoldingSeconds": 10200.0
      },
      "DOGEUSDT": {
        "CLOSED": 3,
        "Wins": 0,
        "Losses": 3,
        "BE": 0,
        "WinRate": 0.0,
        "ProfitFactor": 0.0,
        "Expectancy": -22.074874535029583,
        "AvgR": -1.0,
        "MedianR": -1.0,
        "AvgWin": null,
        "AvgLoss": 22.074874535029583,
        "PayoffRatio": null,
        "NetPnL": -66.22462360508874,
        "GrossPnL": -54.637851163735476,
        "GrossAfterSlippageBeforeFees": -57.53454263493813,
        "MaxDrawdown": null,
        "MaxDrawdownFraction": null,
        "MaxLosingStreak": 3,
        "MaxWinningStreak": 0,
        "Fees": 8.690080970150616,
        "Slippage": 2.896691471202644,
        "AvgHoldingSeconds": 14100.0
      },
      "BTCUSDT": {
        "CLOSED": 2,
        "Wins": 0,
        "Losses": 2,
        "BE": 0,
        "WinRate": 0.0,
        "ProfitFactor": 0.0,
        "Expectancy": -20.285334622498617,
        "AvgR": -1.0,
        "MedianR": -1.0,
        "AvgWin": null,
        "AvgLoss": 20.285334622498617,
        "PayoffRatio": null,
        "NetPnL": -40.570669244997234,
        "GrossPnL": -33.14831791055922,
        "GrossAfterSlippageBeforeFees": -35.00390474971891,
        "MaxDrawdown": null,
        "MaxDrawdownFraction": null,
        "MaxLosingStreak": 2,
        "MaxWinningStreak": 0,
        "Fees": 5.566764495278315,
        "Slippage": 1.8555868391596904,
        "AvgHoldingSeconds": 13950.0
      },
      "ADAUSDT": {
        "CLOSED": 4,
        "Wins": 1,
        "Losses": 3,
        "BE": 0,
        "WinRate": 0.25,
        "ProfitFactor": 0.21248386155955654,
        "Expectancy": -11.789616295462391,
        "AvgR": -0.5972046925669309,
        "MedianR": -1.0,
        "AvgWin": 12.724072940149776,
        "AvgLoss": 19.960846040666446,
        "PayoffRatio": 0.6374515846786697,
        "NetPnL": -47.158465181849564,
        "GrossPnL": -34.67202801939313,
        "GrossAfterSlippageBeforeFees": -37.793636269845955,
        "MaxDrawdown": null,
        "MaxDrawdownFraction": null,
        "MaxLosingStreak": 2,
        "MaxWinningStreak": 1,
        "Fees": 9.36482891200361,
        "Slippage": 3.1216082504528275,
        "AvgHoldingSeconds": 16800.0
      },
      "LTCUSDT": {
        "CLOSED": 1,
        "Wins": 0,
        "Losses": 1,
        "BE": 0,
        "WinRate": 0.0,
        "ProfitFactor": 0.0,
        "Expectancy": -20.651836922400793,
        "AvgR": -1.0,
        "MedianR": -1.0,
        "AvgWin": null,
        "AvgLoss": 20.651836922400793,
        "PayoffRatio": null,
        "NetPnL": -20.651836922400793,
        "GrossPnL": -17.207313149691778,
        "GrossAfterSlippageBeforeFees": -18.068443576649486,
        "MaxDrawdown": null,
        "MaxDrawdownFraction": null,
        "MaxLosingStreak": 1,
        "MaxWinningStreak": 0,
        "Fees": 2.583393345751307,
        "Slippage": 0.8611304269577097,
        "AvgHoldingSeconds": 5400.0
      },
      "AVAXUSDT": {
        "CLOSED": 1,
        "Wins": 0,
        "Losses": 1,
        "BE": 0,
        "WinRate": 0.0,
        "ProfitFactor": 0.0,
        "Expectancy": -19.834024180273722,
        "AvgR": -0.9999999999999998,
        "MedianR": -0.9999999999999998,
        "AvgWin": null,
        "AvgLoss": 19.834024180273722,
        "PayoffRatio": null,
        "NetPnL": -19.834024180273722,
        "GrossPnL": -17.188489401132845,
        "GrossAfterSlippageBeforeFees": -17.849872580263355,
        "MaxDrawdown": null,
        "MaxDrawdownFraction": null,
        "MaxLosingStreak": 1,
        "MaxWinningStreak": 0,
        "Fees": 1.9841516000103687,
        "Slippage": 0.66138317913051,
        "AvgHoldingSeconds": 32700.0
      },
      "SOLUSDT": {
        "CLOSED": 1,
        "Wins": 0,
        "Losses": 1,
        "BE": 0,
        "WinRate": 0.0,
        "ProfitFactor": 0.0,
        "Expectancy": -18.741790161411267,
        "AvgR": -1.0,
        "MedianR": -1.0,
        "AvgWin": null,
        "AvgLoss": 18.741790161411267,
        "PayoffRatio": null,
        "NetPnL": -18.741790161411267,
        "GrossPnL": -14.36104524506865,
        "GrossAfterSlippageBeforeFees": -15.456231043322797,
        "MaxDrawdown": null,
        "MaxDrawdownFraction": null,
        "MaxLosingStreak": 1,
        "MaxWinningStreak": 0,
        "Fees": 3.28555911808847,
        "Slippage": 1.0951857982541457,
        "AvgHoldingSeconds": 13800.0
      }
    },
    "setup_type": {
      "HTF_POI_LTF_RAID_BOS_CONF": {
        "CLOSED": 13,
        "Wins": 3,
        "Losses": 10,
        "BE": 0,
        "WinRate": 0.23076923076923078,
        "ProfitFactor": 0.5418739244908037,
        "Expectancy": -7.496248061036641,
        "AvgR": -0.3388568688599194,
        "MedianR": -1.0,
        "AvgWin": 38.42193990419457,
        "AvgLoss": 21.271704450606006,
        "PayoffRatio": 1.8062464149693458,
        "NetPnL": -97.45122479347634,
        "GrossPnL": -45.74058598485154,
        "GrossAfterSlippageBeforeFees": -58.668244314789405,
        "MaxDrawdown": null,
        "MaxDrawdownFraction": null,
        "MaxLosingStreak": 5,
        "MaxWinningStreak": 1,
        "Fees": 38.782980478686916,
        "Slippage": 12.92765832993787,
        "AvgHoldingSeconds": 12000.0
      },
      "RANGE_DEVIATION": {
        "CLOSED": 9,
        "Wins": 1,
        "Losses": 8,
        "BE": 0,
        "WinRate": 0.1111111111111111,
        "ProfitFactor": 0.07606156293773032,
        "Expectancy": -17.173603432864937,
        "AvgR": -0.8209798633630804,
        "MedianR": -1.0,
        "AvgWin": 12.724072940149776,
        "AvgLoss": 20.910812979491777,
        "PayoffRatio": 0.6084925035018426,
        "NetPnL": -154.56243089578442,
        "GrossPnL": -120.86796495528972,
        "GrossAfterSlippageBeforeFees": -129.29157781437297,
        "MaxDrawdown": null,
        "MaxDrawdownFraction": null,
        "MaxLosingStreak": 5,
        "MaxWinningStreak": 1,
        "Fees": 25.270853081411456,
        "Slippage": 8.423612859083246,
        "AvgHoldingSeconds": 15300.0
      }
    },
    "poi_type": {
      "BTS": {
        "CLOSED": 4,
        "Wins": 0,
        "Losses": 4,
        "BE": 0,
        "WinRate": 0.0,
        "ProfitFactor": 0.0,
        "Expectancy": -21.098238051270275,
        "AvgR": -1.0,
        "MedianR": -1.0,
        "AvgWin": null,
        "AvgLoss": 21.098238051270275,
        "PayoffRatio": null,
        "NetPnL": -84.3929522050811,
        "GrossPnL": -69.89905642020439,
        "GrossAfterSlippageBeforeFees": -73.52252826945202,
        "MaxDrawdown": null,
        "MaxDrawdownFraction": null,
        "MaxLosingStreak": 4,
        "MaxWinningStreak": 0,
        "Fees": 10.870423935629072,
        "Slippage": 3.62347184924764,
        "AvgHoldingSeconds": 3675.0
      },
      "RANGE_POI": {
        "CLOSED": 9,
        "Wins": 1,
        "Losses": 8,
        "BE": 0,
        "WinRate": 0.1111111111111111,
        "ProfitFactor": 0.07606156293773032,
        "Expectancy": -17.173603432864937,
        "AvgR": -0.8209798633630804,
        "MedianR": -1.0,
        "AvgWin": 12.724072940149776,
        "AvgLoss": 20.910812979491777,
        "PayoffRatio": 0.6084925035018426,
        "NetPnL": -154.56243089578442,
        "GrossPnL": -120.86796495528972,
        "GrossAfterSlippageBeforeFees": -129.29157781437297,
        "MaxDrawdown": null,
        "MaxDrawdownFraction": null,
        "MaxLosingStreak": 5,
        "MaxWinningStreak": 1,
        "Fees": 25.270853081411456,
        "Slippage": 8.423612859083246,
        "AvgHoldingSeconds": 15300.0
      },
      "DEMAND": {
        "CLOSED": 5,
        "Wins": 2,
        "Losses": 3,
        "BE": 0,
        "WinRate": 0.4,
        "ProfitFactor": 1.7227731320801514,
        "Expectancy": 9.347753229409786,
        "AvgR": 0.47924278300738365,
        "MedianR": -1.0,
        "AvgWin": 55.70232689265489,
        "AvgLoss": 21.55529587942028,
        "PayoffRatio": 2.584159698120227,
        "NetPnL": 46.738766147048935,
        "GrossPnL": 67.97802321708362,
        "GrossAfterSlippageBeforeFees": 62.66820691023442,
        "MaxDrawdown": null,
        "MaxDrawdownFraction": null,
        "MaxLosingStreak": 3,
        "MaxWinningStreak": 1,
        "Fees": 15.929440763185479,
        "Slippage": 5.309816306849198,
        "AvgHoldingSeconds": 18660.0
      },
      "STB": {
        "CLOSED": 3,
        "Wins": 1,
        "Losses": 2,
        "BE": 0,
        "WinRate": 0.3333333333333333,
        "ProfitFactor": 0.09197420735938387,
        "Expectancy": -12.70659949961195,
        "AvgR": -0.6004510700719567,
        "MedianR": -1.0,
        "AvgWin": 3.86116592727394,
        "AvgLoss": 20.990482213054896,
        "PayoffRatio": 0.18394841471876774,
        "NetPnL": -38.11979849883585,
        "GrossPnL": -27.30843859408739,
        "GrossAfterSlippageBeforeFees": -30.011277751021026,
        "MaxDrawdown": null,
        "MaxDrawdownFraction": null,
        "MaxLosingStreak": 1,
        "MaxWinningStreak": 1,
        "Fees": 8.108520747814822,
        "Slippage": 2.7028391569336376,
        "AvgHoldingSeconds": 14500.0
      },
      "SUPPLY": {
        "CLOSED": 1,
        "Wins": 0,
        "Losses": 1,
        "BE": 0,
        "WinRate": 0.0,
        "ProfitFactor": 0.0,
        "Expectancy": -21.677240236608323,
        "AvgR": -1.0,
        "MedianR": -1.0,
        "AvgWin": null,
        "AvgLoss": 21.677240236608323,
        "PayoffRatio": null,
        "NetPnL": -21.677240236608323,
        "GrossPnL": -16.511114187643386,
        "GrossAfterSlippageBeforeFees": -17.802645204550778,
        "MaxDrawdown": null,
        "MaxDrawdownFraction": null,
        "MaxLosingStreak": 1,
        "MaxWinningStreak": 0,
        "Fees": 3.8745950320575444,
        "Slippage": 1.2915310169073946,
        "AvgHoldingSeconds": 4500.0
      }
    },
    "mapping": {
      "60/15": {
        "CLOSED": 4,
        "Wins": 0,
        "Losses": 4,
        "BE": 0,
        "WinRate": 0.0,
        "ProfitFactor": 0.0,
        "Expectancy": -22.199313631566387,
        "AvgR": -1.0,
        "MedianR": -1.0,
        "AvgWin": null,
        "AvgLoss": 22.199313631566387,
        "PayoffRatio": null,
        "NetPnL": -88.79725452626555,
        "GrossPnL": -71.13630749217299,
        "GrossAfterSlippageBeforeFees": -75.55154211660647,
        "MaxDrawdown": null,
        "MaxDrawdownFraction": null,
        "MaxLosingStreak": 4,
        "MaxWinningStreak": 0,
        "Fees": 13.245712409659086,
        "Slippage": 4.415234624433473,
        "AvgHoldingSeconds": 8175.0
      },
      "60/5": {
        "CLOSED": 3,
        "Wins": 1,
        "Losses": 2,
        "BE": 0,
        "WinRate": 0.3333333333333333,
        "ProfitFactor": 1.607206884873165,
        "Expectancy": 9.495369533143196,
        "AvgR": 0.45168646721451494,
        "MedianR": -1.0000000000000002,
        "AvgWin": 75.39945775452,
        "AvgLoss": 23.456674577545208,
        "PayoffRatio": 3.21441376974633,
        "NetPnL": 28.48610859942959,
        "GrossPnL": 41.98975020297202,
        "GrossAfterSlippageBeforeFees": 38.613838542394404,
        "MaxDrawdown": null,
        "MaxDrawdownFraction": null,
        "MaxLosingStreak": 1,
        "MaxWinningStreak": 1,
        "Fees": 10.127729942964809,
        "Slippage": 3.3759116605776143,
        "AvgHoldingSeconds": 25500.0
      },
      "15/5": {
        "CLOSED": 4,
        "Wins": 1,
        "Losses": 3,
        "BE": 0,
        "WinRate": 0.25,
        "ProfitFactor": 0.5529281958942601,
        "Expectancy": -7.278028171737656,
        "AvgR": -0.2397113716516568,
        "MedianR": -1.0,
        "AvgWin": 36.005196030789776,
        "AvgLoss": 21.705769572580135,
        "PayoffRatio": 1.6587845876827803,
        "NetPnL": -29.112112686950624,
        "GrossPnL": -12.62281964869057,
        "GrossAfterSlippageBeforeFees": -16.74514252957076,
        "MaxDrawdown": null,
        "MaxDrawdownFraction": null,
        "MaxLosingStreak": 3,
        "MaxWinningStreak": 1,
        "Fees": 12.366970157379864,
        "Slippage": 4.122322880880182,
        "AvgHoldingSeconds": 10725.0
      },
      "240/15": {
        "CLOSED": 3,
        "Wins": 0,
        "Losses": 3,
        "BE": 0,
        "WinRate": 0.0,
        "ProfitFactor": 0.0,
        "Expectancy": -21.34522443835313,
        "AvgR": -1.0,
        "MedianR": -1.0,
        "AvgWin": null,
        "AvgLoss": 21.34522443835313,
        "PayoffRatio": null,
        "NetPnL": -64.0356733150594,
        "GrossPnL": -49.74875905357871,
        "GrossAfterSlippageBeforeFees": -53.32048612648554,
        "MaxDrawdown": null,
        "MaxDrawdownFraction": null,
        "MaxLosingStreak": 3,
        "MaxWinningStreak": 0,
        "Fees": 10.715187188573847,
        "Slippage": 3.5717270729068407,
        "AvgHoldingSeconds": 4100.0
      },
      "240/5": {
        "CLOSED": 3,
        "Wins": 2,
        "Losses": 1,
        "BE": 0,
        "WinRate": 0.6666666666666666,
        "ProfitFactor": 0.8849335482142031,
        "Expectancy": -0.7188504313291834,
        "AvgR": -0.06339066016119779,
        "MedianR": 0.1986467897841299,
        "AvgWin": 8.292619433711858,
        "AvgLoss": 18.741790161411267,
        "PayoffRatio": 0.44246677410710156,
        "NetPnL": -2.15655129398755,
        "GrossPnL": 8.816807145080983,
        "GrossAfterSlippageBeforeFees": 6.073467270809967,
        "MaxDrawdown": null,
        "MaxDrawdownFraction": null,
        "MaxLosingStreak": 1,
        "MaxWinningStreak": 2,
        "Fees": 8.230018564797518,
        "Slippage": 2.7433398742710136,
        "AvgHoldingSeconds": 14700.0
      },
      "240/60": {
        "CLOSED": 5,
        "Wins": 0,
        "Losses": 5,
        "BE": 0,
        "WinRate": 0.0,
        "ProfitFactor": 0.0,
        "Expectancy": -19.279634493285446,
        "AvgR": -1.0,
        "MedianR": -1.0,
        "AvgWin": null,
        "AvgLoss": 19.279634493285446,
        "PayoffRatio": null,
        "NetPnL": -96.39817246642724,
        "GrossPnL": -83.90722209375198,
        "GrossAfterSlippageBeforeFees": -87.02995716970398,
        "MaxDrawdown": null,
        "MaxDrawdownFraction": null,
        "MaxLosingStreak": 5,
        "MaxWinningStreak": 0,
        "Fees": 9.368215296723248,
        "Slippage": 3.1227350759519945,
        "AvgHoldingSeconds": 17040.0
      }
    }
  },
  "admission_decisions": {
    "VIRTUAL_LIMIT_PENDING": 417,
    "CANCEL_OPEN_OUTSIDE_SL_FTA": 95,
    "CANCEL_ISOLATED_VIRTUAL_BUDGET": 127,
    "ONE_SEQUENTIAL_ACCOUNT_BUSY": 470,
    "CANCEL_FLOW_DESTINATION_TESTED": 149,
    "CANCEL_ACTIVE_HTF_STRUCTURE_BROKEN": 20,
    "CANCEL_COST_GEOMETRY": 3
  },
  "primary_selection": "FIRST_50_CHRONOLOGICAL_CLOSED_ONE_SEQUENTIAL_ACCOUNT",
  "mode": "BACKTEST",
  "trade_entry_allowed": false,
  "one_position": true,
  "initial_equity": 1170.0,
  "final_cash": 917.3063734808094,
  "final_equity": 911.4348838127308,
  "funding": "UNAVAILABLE_NOT_MODELLED",
  "cohort": "BYBIT_2026_ALREADY_INSPECTED_DEVELOPMENT"
}
