AVAXUSDT 60 5759 candles; 71 episodes; {'CLARITY_REVIEW_BLOCKED': 37, 'CONSUMED_NO_SFP': 34}
ADAUSDT 60 5759 candles; 54 episodes; {'CONSUMED_NO_SFP': 31, 'CLARITY_REVIEW_BLOCKED': 23}
BNBUSDT 60 5759 candles; 65 episodes; {'CONSUMED_NO_SFP': 27, 'CLARITY_REVIEW_BLOCKED': 36, 'AMBIGUOUS_DUAL_SIDE_SWEEP': 2}
BNBUSDT 5 69108 candles; 662 episodes; {'CONSUMED_NO_SFP': 401, 'CLARITY_REVIEW_BLOCKED': 261}
BTCUSDT 60 5759 candles; 68 episodes; {'CONSUMED_NO_SFP': 40, 'CLARITY_REVIEW_BLOCKED': 28}
ADAUSDT 5 69108 candles; 556 episodes; {'CONSUMED_NO_SFP': 354, 'CLARITY_REVIEW_BLOCKED': 202}
BTCUSDT 5 69108 candles; 780 episodes; {'CLARITY_REVIEW_BLOCKED': 345, 'CONSUMED_NO_SFP': 431, 'AMBIGUOUS_DUAL_SIDE_SWEEP': 4}
DOGEUSDT 60 5759 candles; 59 episodes; {'CLARITY_REVIEW_BLOCKED': 37, 'CONSUMED_NO_SFP': 22}
ETHUSDT 60 5759 candles; 74 episodes; {'CONSUMED_NO_SFP': 36, 'CLARITY_REVIEW_BLOCKED': 38}
AVAXUSDT 5 69108 candles; 677 episodes; {'CONSUMED_NO_SFP': 367, 'CLARITY_REVIEW_BLOCKED': 308, 'AMBIGUOUS_DUAL_SIDE_SWEEP': 2}
LINKUSDT 60 5759 candles; 70 episodes; {'CONSUMED_NO_SFP': 32, 'CLARITY_REVIEW_BLOCKED': 38}
DOGEUSDT 5 69108 candles; 721 episodes; {'CONSUMED_NO_SFP': 405, 'CLARITY_REVIEW_BLOCKED': 316}
LTCUSDT 60 5759 candles; 57 episodes; {'CONSUMED_NO_SFP': 29, 'CLARITY_REVIEW_BLOCKED': 28}
ETHUSDT 5 69108 candles; 801 episodes; {'CLARITY_REVIEW_BLOCKED': 412, 'CONSUMED_NO_SFP': 389}
SOLUSDT 60 5759 candles; 65 episodes; {'CLARITY_REVIEW_BLOCKED': 39, 'CONSUMED_NO_SFP': 26}
LINKUSDT 5 69108 candles; 700 episodes; {'CLARITY_REVIEW_BLOCKED': 302, 'CONSUMED_NO_SFP': 396, 'AMBIGUOUS_DUAL_SIDE_SWEEP': 2}
XRPUSDT 60 5759 candles; 51 episodes; {'CLARITY_REVIEW_BLOCKED': 24, 'CONSUMED_NO_SFP': 25, 'AMBIGUOUS_DUAL_SIDE_SWEEP': 2}
LTCUSDT 5 69108 candles; 667 episodes; {'CLARITY_REVIEW_BLOCKED': 254, 'CONSUMED_NO_SFP': 413}
SOLUSDT 5 69108 candles; 718 episodes; {'CONSUMED_NO_SFP': 406, 'CLARITY_REVIEW_BLOCKED': 312}
XRPUSDT 5 69108 candles; 751 episodes; {'CONSUMED_NO_SFP': 396, 'CLARITY_REVIEW_BLOCKED': 353, 'AMBIGUOUS_DUAL_SIDE_SWEEP': 2}
All episodes accounted for: 7667 samples: 214
