test_candidate_before_actual_impulse_origin_is_excluded (test_ob_impulse_window.ObImpulseWindowTests.test_candidate_before_actual_impulse_origin_is_excluded) ... ok
test_engulf_that_causes_bos_is_not_discarded_long_short (test_ob_impulse_window.ObImpulseWindowTests.test_engulf_that_causes_bos_is_not_discarded_long_short) ... ok
test_engulfing_anchor_candle_is_included_in_window (test_ob_impulse_window.ObImpulseWindowTests.test_engulfing_anchor_candle_is_included_in_window) ... ok
test_missing_causal_origin_is_explicit_rejection (test_ob_impulse_window.ObImpulseWindowTests.test_missing_causal_origin_is_explicit_rejection) ... ok
test_ob_can_form_before_subsequent_bos_confirmation (test_ob_impulse_window.ObImpulseWindowTests.test_ob_can_form_before_subsequent_bos_confirmation) ... ok
test_aggressive_impulse_thresholds_are_explicit_experiments (test_auto_levels.AutomaticLevelTests.test_aggressive_impulse_thresholds_are_explicit_experiments) ... ok
test_body_engulf_requires_both_previous_body_edges (test_auto_levels.AutomaticLevelTests.test_body_engulf_requires_both_previous_body_edges) ... ok
test_duplicates_do_not_change_nearest_first_targets (test_auto_levels.AutomaticLevelTests.test_duplicates_do_not_change_nearest_first_targets) ... ok
test_entire_engulfing_range_must_remain_in_structural_impulse (test_auto_levels.AutomaticLevelTests.test_entire_engulfing_range_must_remain_in_structural_impulse) ... ok
test_exact_bos_identity_required (test_auto_levels.AutomaticLevelTests.test_exact_bos_identity_required) ... ok
test_following_ltf_bar_consumes_ob_first_test_inclusive_of_edge (test_auto_levels.AutomaticLevelTests.test_following_ltf_bar_consumes_ob_first_test_inclusive_of_edge) ... ok
test_full_history_and_prefix_have_identical_causal_results (test_auto_levels.AutomaticLevelTests.test_full_history_and_prefix_have_identical_causal_results) ... ok
test_future_geometry_cannot_unlock_past_ob (test_auto_levels.AutomaticLevelTests.test_future_geometry_cannot_unlock_past_ob) ... ok
test_geometry_must_match_source_transition (test_auto_levels.AutomaticLevelTests.test_geometry_must_match_source_transition) ... ok
test_imbalance_confirmation_required (test_auto_levels.AutomaticLevelTests.test_imbalance_confirmation_required) ... ok
test_invalid_report_or_history_fails_closed (test_auto_levels.AutomaticLevelTests.test_invalid_report_or_history_fails_closed) ... ok
test_invalid_thresholds_are_rejected (test_auto_levels.AutomaticLevelTests.test_invalid_thresholds_are_rejected) ... ok
test_ltf_touch_invalidates_opposing_target_seed (test_auto_levels.AutomaticLevelTests.test_ltf_touch_invalidates_opposing_target_seed) ... ok
test_missing_or_same_direction_transition_cannot_qualify (test_auto_levels.AutomaticLevelTests.test_missing_or_same_direction_transition_cannot_qualify) ... ok
test_missing_preexisting_htf_seed_blocks_ob (test_auto_levels.AutomaticLevelTests.test_missing_preexisting_htf_seed_blocks_ob) ... ok
test_missing_raw_structural_sweep_blocks_ob (test_auto_levels.AutomaticLevelTests.test_missing_raw_structural_sweep_blocks_ob) ... ok
test_naive_reference_times_are_rejected (test_auto_levels.AutomaticLevelTests.test_naive_reference_times_are_rejected) ... ok
test_ob_stop_must_protect_entire_ote (test_auto_levels.AutomaticLevelTests.test_ob_stop_must_protect_entire_ote) ... ok
test_only_two_distinct_opposing_zones_cannot_pad_three_targets (test_auto_levels.AutomaticLevelTests.test_only_two_distinct_opposing_zones_cannot_pad_three_targets) ... ok
test_opposite_candle_color_required (test_auto_levels.AutomaticLevelTests.test_opposite_candle_color_required) ... ok
test_ote_overlap_is_required (test_auto_levels.AutomaticLevelTests.test_ote_overlap_is_required) ... ok
test_previous_ltf_touch_consumes_supporting_seed (test_auto_levels.AutomaticLevelTests.test_previous_ltf_touch_consumes_supporting_seed) ... ok
test_recovery_lineage_never_becomes_source_entry (test_auto_levels.AutomaticLevelTests.test_recovery_lineage_never_becomes_source_entry) ... ok
test_seed_forming_third_candle_and_initiating_reaction_do_not_expire_context (test_auto_levels.AutomaticLevelTests.test_seed_forming_third_candle_and_initiating_reaction_do_not_expire_context) ... ok
test_short_is_exact_price_mirror (test_auto_levels.AutomaticLevelTests.test_short_is_exact_price_mirror) ... ok
test_structural_confirmation_cannot_follow_claimed_geometry_availability (test_auto_levels.AutomaticLevelTests.test_structural_confirmation_cannot_follow_claimed_geometry_availability) ... ok
test_supporting_seed_must_be_known_before_initiating_candle (test_auto_levels.AutomaticLevelTests.test_supporting_seed_must_be_known_before_initiating_candle) ... ok
test_valid_long_references_and_provenance (test_auto_levels.AutomaticLevelTests.test_valid_long_references_and_provenance) ... ok
test_every_prefix_matches_reference_with_and_without_auto (test_historical_replay.HistoricalReplayTests.test_every_prefix_matches_reference_with_and_without_auto) ... ok
test_future_changes_and_prefix_cannot_change_past_signals (test_historical_replay.HistoricalReplayTests.test_future_changes_and_prefix_cannot_change_past_signals) ... ok
test_gap_unfinished_and_live_are_rejected (test_historical_replay.HistoricalReplayTests.test_gap_unfinished_and_live_are_rejected) ... ok
test_ob_touch_known_before_geometry_cannot_rewind_signal_clock (test_historical_replay.HistoricalReplayTests.test_ob_touch_known_before_geometry_cannot_rewind_signal_clock) ... ok
test_shadow_signal_semantics_match (test_historical_replay.HistoricalReplayTests.test_shadow_signal_semantics_match) ... ok

----------------------------------------------------------------------
Ran 38 tests in 13.609s

OK
