{
  "AvgHoldingSeconds": 6761.538461538462,
  "AvgLoss": 21.194938147521707,
  "AvgR": -0.712264478848837,
  "AvgWin": 16.363942975283017,
  "BE": 0,
  "CLOSED": 13,
  "Expectancy": -15.416648744013289,
  "Fees": 39.33269537084265,
  "GrossAfterSlippageBeforeFees": -161.0837383013301,
  "GrossPnL": -147.9728457632986,
  "Losses": 11,
  "MaxDrawdown": 237.295750948241,
  "MaxDrawdownFraction": 0.20281688115234273,
  "MaxLosingStreak": 11,
  "MaxWinningStreak": 2,
  "MedianR": -1.0,
  "NetPnL": -200.41643367217276,
  "PayoffRatio": 0.7720684467860279,
  "ProfitFactor": 0.14037608123382325,
  "Slippage": 13.1108925380315,
  "WinRate": 0.15384615384615385,
  "Wins": 2
}
