BTCUSDT analyze native 5m
BTCUSDT analyze native 15m
BTCUSDT analyze native 60m
BTCUSDT analyze native 240m
BTCUSDT COMPLETE: {'source_contexts': 8543, 'setups': 3335, 'qualified_structure': 764, 'liquidity_passed': 382, 'poi_passed': 382, 'order_flow_passed': 256, 'pd_passed': 72, 'READY': 72}
ETHUSDT analyze native 5m
ETHUSDT analyze native 15m
ETHUSDT analyze native 60m
ETHUSDT analyze native 240m
ETHUSDT COMPLETE: {'source_contexts': 8403, 'setups': 3418, 'qualified_structure': 780, 'liquidity_passed': 356, 'poi_passed': 356, 'order_flow_passed': 253, 'pd_passed': 70, 'READY': 70}
SOLUSDT analyze native 5m
SOLUSDT analyze native 15m
SOLUSDT analyze native 60m
SOLUSDT analyze native 240m
SOLUSDT COMPLETE: {'source_contexts': 7918, 'setups': 3245, 'qualified_structure': 698, 'liquidity_passed': 347, 'poi_passed': 347, 'order_flow_passed': 226, 'pd_passed': 57, 'READY': 57}
XRPUSDT analyze native 5m
XRPUSDT analyze native 15m
XRPUSDT analyze native 60m
XRPUSDT analyze native 240m
XRPUSDT observed through 2026-08-02T16:10:00+00:00; setups=2660 READY=70
XRPUSDT COMPLETE: {'source_contexts': 8115, 'setups': 3372, 'qualified_structure': 732, 'liquidity_passed': 400, 'poi_passed': 400, 'order_flow_passed': 248, 'pd_passed': 78, 'READY': 78}
BNBUSDT analyze native 5m
BNBUSDT analyze native 15m
BNBUSDT analyze native 60m
BNBUSDT analyze native 240m
BNBUSDT COMPLETE: {'source_contexts': 7026, 'setups': 3115, 'qualified_structure': 638, 'liquidity_passed': 351, 'poi_passed': 351, 'order_flow_passed': 222, 'pd_passed': 54, 'READY': 54}
DOGEUSDT analyze native 5m
DOGEUSDT analyze native 15m
DOGEUSDT analyze native 60m
DOGEUSDT analyze native 240m
DOGEUSDT COMPLETE: {'source_contexts': 7860, 'setups': 3318, 'qualified_structure': 783, 'liquidity_passed': 421, 'poi_passed': 421, 'order_flow_passed': 266, 'pd_passed': 72, 'READY': 72}
ADAUSDT analyze native 5m
ADAUSDT analyze native 15m
ADAUSDT analyze native 60m
ADAUSDT analyze native 240m
ADAUSDT COMPLETE: {'source_contexts': 6482, 'setups': 2934, 'qualified_structure': 606, 'liquidity_passed': 303, 'poi_passed': 303, 'order_flow_passed': 201, 'pd_passed': 65, 'READY': 65}
LINKUSDT analyze native 5m
LINKUSDT analyze native 15m
LINKUSDT analyze native 60m
LINKUSDT analyze native 240m
LINKUSDT COMPLETE: {'source_contexts': 7528, 'setups': 3314, 'qualified_structure': 677, 'liquidity_passed': 340, 'poi_passed': 340, 'order_flow_passed': 227, 'pd_passed': 61, 'READY': 61}
AVAXUSDT analyze native 5m
AVAXUSDT analyze native 15m
AVAXUSDT analyze native 60m
AVAXUSDT analyze native 240m
AVAXUSDT COMPLETE: {'source_contexts': 7510, 'setups': 3249, 'qualified_structure': 700, 'liquidity_passed': 352, 'poi_passed': 352, 'order_flow_passed': 225, 'pd_passed': 60, 'READY': 60}
LTCUSDT analyze native 5m
LTCUSDT analyze native 15m
LTCUSDT analyze native 60m
LTCUSDT analyze native 240m
LTCUSDT COMPLETE: {'source_contexts': 7085, 'setups': 3104, 'qualified_structure': 658, 'liquidity_passed': 369, 'poi_passed': 369, 'order_flow_passed': 231, 'pd_passed': 58, 'READY': 58}
{
  "status": "COMPLETE_FULL_NATIVE_DATASET",
  "funnel": {
    "READY": 647,
    "liquidity_passed": 3621,
    "order_flow_passed": 2355,
    "pd_passed": 647,
    "poi_passed": 3621,
    "qualified_structure": 7036,
    "setups": 32404,
    "source_contexts": 76470,
    "entries": 14,
    "CLOSED": 13,
    "open_censored": 1,
    "pending_censored": 0
  },
  "primary": {
    "CLOSED": 13,
    "Wins": 2,
    "Losses": 11,
    "BE": 0,
    "WinRate": 0.15384615384615385,
    "ProfitFactor": 0.14037608123382325,
    "Expectancy": -15.416648744013289,
    "AvgR": -0.712264478848837,
    "MedianR": -1.0,
    "AvgWin": 16.363942975283017,
    "AvgLoss": 21.194938147521707,
    "PayoffRatio": 0.7720684467860279,
    "NetPnL": -200.41643367217276,
    "GrossPnL": -147.9728457632986,
    "GrossAfterSlippageBeforeFees": -161.0837383013301,
    "MaxDrawdown": 237.295750948241,
    "MaxDrawdownFraction": 0.20281688115234273,
    "MaxLosingStreak": 11,
    "MaxWinningStreak": 2,
    "Fees": 39.33269537084265,
    "Slippage": 13.1108925380315,
    "AvgHoldingSeconds": 6761.538461538462
  },
  "all_closed": {
    "CLOSED": 13,
    "Wins": 2,
    "Losses": 11,
    "BE": 0,
    "WinRate": 0.15384615384615385,
    "ProfitFactor": 0.14037608123382325,
    "Expectancy": -15.416648744013289,
    "AvgR": -0.712264478848837,
    "MedianR": -1.0,
    "AvgWin": 16.363942975283017,
    "AvgLoss": 21.194938147521707,
    "PayoffRatio": 0.7720684467860279,
    "NetPnL": -200.41643367217276,
    "GrossPnL": -147.9728457632986,
    "GrossAfterSlippageBeforeFees": -161.0837383013301,
    "MaxDrawdown": 237.295750948241,
    "MaxDrawdownFraction": 0.20281688115234273,
    "MaxLosingStreak": 11,
    "MaxWinningStreak": 2,
    "Fees": 39.33269537084265,
    "Slippage": 13.1108925380315,
    "AvgHoldingSeconds": 6761.538461538462
  },
  "primary_breakdown": {
    "direction": {
      "SHORT": {
        "CLOSED": 5,
        "Wins": 0,
        "Losses": 5,
        "BE": 0,
        "WinRate": 0.0,
        "ProfitFactor": 0.0,
        "Expectancy": -21.222589592026825,
        "AvgR": -1.0,
        "MedianR": -1.0,
        "AvgWin": null,
        "AvgLoss": 21.222589592026825,
        "PayoffRatio": null,
        "NetPnL": -106.11294796013414,
        "GrossPnL": -84.24908163849568,
        "GrossAfterSlippageBeforeFees": -89.7150456914319,
        "MaxDrawdown": null,
        "MaxDrawdownFraction": null,
        "MaxLosingStreak": 5,
        "MaxWinningStreak": 0,
        "Fees": 16.397902268702225,
        "Slippage": 5.465964052936214,
        "AvgHoldingSeconds": 4800.0
      },
      "LONG": {
        "CLOSED": 8,
        "Wins": 2,
        "Losses": 6,
        "BE": 0,
        "WinRate": 0.25,
        "ProfitFactor": 0.25763624781987954,
        "Expectancy": -11.787935714004828,
        "AvgR": -0.5324297781293601,
        "MedianR": -1.0,
        "AvgWin": 16.363942975283017,
        "AvgLoss": 21.171895277100774,
        "PayoffRatio": 0.7729087434596387,
        "NetPnL": -94.30348571203862,
        "GrossPnL": -63.72376412480291,
        "GrossAfterSlippageBeforeFees": -71.36869260989819,
        "MaxDrawdown": null,
        "MaxDrawdownFraction": null,
        "MaxLosingStreak": 6,
        "MaxWinningStreak": 2,
        "Fees": 22.934793102140425,
        "Slippage": 7.644928485095286,
        "AvgHoldingSeconds": 7987.5
      }
    },
    "symbol": {
      "ETHUSDT": {
        "CLOSED": 1,
        "Wins": 0,
        "Losses": 1,
        "BE": 0,
        "WinRate": 0.0,
        "ProfitFactor": 0.0,
        "Expectancy": -23.400000000000002,
        "AvgR": -1.0,
        "MedianR": -1.0,
        "AvgWin": null,
        "AvgLoss": 23.400000000000002,
        "PayoffRatio": null,
        "NetPnL": -23.400000000000002,
        "GrossPnL": -18.876285841865496,
        "GrossAfterSlippageBeforeFees": -20.00721381511058,
        "MaxDrawdown": null,
        "MaxDrawdownFraction": null,
        "MaxLosingStreak": 1,
        "MaxWinningStreak": 0,
        "Fees": 3.392786184889427,
        "Slippage": 1.1309279732450803,
        "AvgHoldingSeconds": 600.0
      },
      "LINKUSDT": {
        "CLOSED": 4,
        "Wins": 0,
        "Losses": 4,
        "BE": 0,
        "WinRate": 0.0,
        "ProfitFactor": 0.0,
        "Expectancy": -20.367264010856978,
        "AvgR": -1.0,
        "MedianR": -1.0,
        "AvgWin": null,
        "AvgLoss": 20.367264010856978,
        "PayoffRatio": null,
        "NetPnL": -81.46905604342791,
        "GrossPnL": -65.2654323631894,
        "GrossAfterSlippageBeforeFees": -69.31633632528526,
        "MaxDrawdown": null,
        "MaxDrawdownFraction": null,
        "MaxLosingStreak": 4,
        "MaxWinningStreak": 0,
        "Fees": 12.152719718142638,
        "Slippage": 4.050903962095866,
        "AvgHoldingSeconds": 5850.0
      },
      "DOGEUSDT": {
        "CLOSED": 3,
        "Wins": 0,
        "Losses": 3,
        "BE": 0,
        "WinRate": 0.0,
        "ProfitFactor": 0.0,
        "Expectancy": -21.595162218739205,
        "AvgR": -1.0,
        "MedianR": -1.0,
        "AvgWin": null,
        "AvgLoss": 21.595162218739205,
        "PayoffRatio": null,
        "NetPnL": -64.78548665621761,
        "GrossPnL": -53.45755418239669,
        "GrossAfterSlippageBeforeFees": -56.28953569712516,
        "MaxDrawdown": null,
        "MaxDrawdownFraction": null,
        "MaxLosingStreak": 3,
        "MaxWinningStreak": 0,
        "Fees": 8.495950959092447,
        "Slippage": 2.8319815147284704,
        "AvgHoldingSeconds": 14100.0
      },
      "BTCUSDT": {
        "CLOSED": 1,
        "Wins": 0,
        "Losses": 1,
        "BE": 0,
        "WinRate": 0.0,
        "ProfitFactor": 0.0,
        "Expectancy": -22.023892800000002,
        "AvgR": -1.0,
        "MedianR": -1.0,
        "AvgWin": null,
        "AvgLoss": 22.023892800000002,
        "PayoffRatio": null,
        "NetPnL": -22.023892800000002,
        "GrossPnL": -17.257699868327485,
        "GrossAfterSlippageBeforeFees": -18.44924758351446,
        "MaxDrawdown": null,
        "MaxDrawdownFraction": null,
        "MaxLosingStreak": 1,
        "MaxWinningStreak": 0,
        "Fees": 3.5746452164855427,
        "Slippage": 1.191547715186977,
        "AvgHoldingSeconds": 6000.0
      },
      "XRPUSDT": {
        "CLOSED": 3,
        "Wins": 2,
        "Losses": 1,
        "BE": 0,
        "WinRate": 0.6666666666666666,
        "ProfitFactor": 1.5472899945176302,
        "Expectancy": 3.858713101815343,
        "AvgR": 0.24685392498837297,
        "MedianR": 0.1986467897841299,
        "AvgWin": 16.363942975283017,
        "AvgLoss": 21.151746645120003,
        "PayoffRatio": 0.7736449972588151,
        "NetPnL": 11.576139305446029,
        "GrossPnL": 23.81006515172978,
        "GrossAfterSlippageBeforeFees": 20.75158297585735,
        "MaxDrawdown": null,
        "MaxDrawdownFraction": null,
        "MaxLosingStreak": 1,
        "MaxWinningStreak": 2,
        "Fees": 9.175443670411324,
        "Slippage": 3.058482175872426,
        "AvgHoldingSeconds": 3400.0
      },
      "LTCUSDT": {
        "CLOSED": 1,
        "Wins": 0,
        "Losses": 1,
        "BE": 0,
        "WinRate": 0.0,
        "ProfitFactor": 0.0,
        "Expectancy": -20.314137477973254,
        "AvgR": -1.0,
        "MedianR": -1.0,
        "AvgWin": null,
        "AvgLoss": 20.314137477973254,
        "PayoffRatio": null,
        "NetPnL": -20.314137477973254,
        "GrossPnL": -16.925938659249304,
        "GrossAfterSlippageBeforeFees": -17.772987856151982,
        "MaxDrawdown": null,
        "MaxDrawdownFraction": null,
        "MaxLosingStreak": 1,
        "MaxWinningStreak": 0,
        "Fees": 2.5411496218212712,
        "Slippage": 0.8470491969026808,
        "AvgHoldingSeconds": 5400.0
      }
    },
    "setup_type": {
      "HTF_POI_LTF_RAID_BOS_CONF": {
        "CLOSED": 8,
        "Wins": 2,
        "Losses": 6,
        "BE": 0,
        "WinRate": 0.25,
        "ProfitFactor": 0.2572184192200964,
        "Expectancy": -11.813729619196012,
        "AvgR": -0.5324297781293602,
        "MedianR": -1.0,
        "AvgWin": 16.363942975283017,
        "AvgLoss": 21.206287150689022,
        "PayoffRatio": 0.7716552576602892,
        "NetPnL": -94.5098369535681,
        "GrossPnL": -61.20488822170342,
        "GrossAfterSlippageBeforeFees": -69.53112356852213,
        "MaxDrawdown": null,
        "MaxDrawdownFraction": null,
        "MaxLosingStreak": 6,
        "MaxWinningStreak": 2,
        "Fees": 24.978713385045967,
        "Slippage": 8.326235346818699,
        "AvgHoldingSeconds": 5362.5
      },
      "RANGE_DEVIATION": {
        "CLOSED": 5,
        "Wins": 0,
        "Losses": 5,
        "BE": 0,
        "WinRate": 0.0,
        "ProfitFactor": 0.0,
        "Expectancy": -21.18131934372093,
        "AvgR": -1.0,
        "MedianR": -1.0,
        "AvgWin": null,
        "AvgLoss": 21.18131934372093,
        "PayoffRatio": null,
        "NetPnL": -105.90659671860465,
        "GrossPnL": -86.76795754159517,
        "GrossAfterSlippageBeforeFees": -91.55261473280797,
        "MaxDrawdown": null,
        "MaxDrawdownFraction": null,
        "MaxLosingStreak": 5,
        "MaxWinningStreak": 0,
        "Fees": 14.353981985796683,
        "Slippage": 4.7846571912128,
        "AvgHoldingSeconds": 9000.0
      }
    },
    "poi_type": {
      "BTS": {
        "CLOSED": 1,
        "Wins": 0,
        "Losses": 1,
        "BE": 0,
        "WinRate": 0.0,
        "ProfitFactor": 0.0,
        "Expectancy": -23.400000000000002,
        "AvgR": -1.0,
        "MedianR": -1.0,
        "AvgWin": null,
        "AvgLoss": 23.400000000000002,
        "PayoffRatio": null,
        "NetPnL": -23.400000000000002,
        "GrossPnL": -18.876285841865496,
        "GrossAfterSlippageBeforeFees": -20.00721381511058,
        "MaxDrawdown": null,
        "MaxDrawdownFraction": null,
        "MaxLosingStreak": 1,
        "MaxWinningStreak": 0,
        "Fees": 3.392786184889427,
        "Slippage": 1.1309279732450803,
        "AvgHoldingSeconds": 600.0
      },
      "RANGE_POI": {
        "CLOSED": 5,
        "Wins": 0,
        "Losses": 5,
        "BE": 0,
        "WinRate": 0.0,
        "ProfitFactor": 0.0,
        "Expectancy": -21.18131934372093,
        "AvgR": -1.0,
        "MedianR": -1.0,
        "AvgWin": null,
        "AvgLoss": 21.18131934372093,
        "PayoffRatio": null,
        "NetPnL": -105.90659671860465,
        "GrossPnL": -86.76795754159517,
        "GrossAfterSlippageBeforeFees": -91.55261473280797,
        "MaxDrawdown": null,
        "MaxDrawdownFraction": null,
        "MaxLosingStreak": 5,
        "MaxWinningStreak": 0,
        "Fees": 14.353981985796683,
        "Slippage": 4.7846571912128,
        "AvgHoldingSeconds": 9000.0
      },
      "STB": {
        "CLOSED": 3,
        "Wins": 1,
        "Losses": 2,
        "BE": 0,
        "WinRate": 0.3333333333333333,
        "ProfitFactor": 0.08448343013510336,
        "Expectancy": -13.444902492013536,
        "AvgR": -0.6004510700719567,
        "MedianR": -1.0,
        "AvgWin": 3.7220674679593966,
        "AvgLoss": 22.028387472000002,
        "PayoffRatio": 0.16896686027020671,
        "NetPnL": -40.334707476040606,
        "GrossPnL": -28.299515949652942,
        "GrossAfterSlippageBeforeFees": -31.308312982264333,
        "MaxDrawdown": null,
        "MaxDrawdownFraction": null,
        "MaxLosingStreak": 2,
        "MaxWinningStreak": 1,
        "Fees": 9.026394493776277,
        "Slippage": 3.0087970326113904,
        "AvgHoldingSeconds": 5400.0
      },
      "SUPPLY": {
        "CLOSED": 3,
        "Wins": 0,
        "Losses": 3,
        "BE": 0,
        "WinRate": 0.0,
        "ProfitFactor": 0.0,
        "Expectancy": -19.92698265337804,
        "AvgR": -1.0,
        "MedianR": -1.0,
        "AvgWin": null,
        "AvgLoss": 19.92698265337804,
        "PayoffRatio": null,
        "NetPnL": -59.78094796013412,
        "GrossPnL": -46.772427421863966,
        "GrossAfterSlippageBeforeFees": -50.02455615325789,
        "MaxDrawdown": null,
        "MaxDrawdownFraction": null,
        "MaxLosingStreak": 3,
        "MaxWinningStreak": 0,
        "Fees": 9.756391806876225,
        "Slippage": 3.2521287313939204,
        "AvgHoldingSeconds": 7000.0
      },
      "DEMAND": {
        "CLOSED": 1,
        "Wins": 1,
        "Losses": 0,
        "BE": 0,
        "WinRate": 1.0,
        "ProfitFactor": null,
        "Expectancy": 29.005818482606635,
        "AvgR": 1.541914985180989,
        "MedianR": 1.541914985180989,
        "AvgWin": 29.005818482606635,
        "AvgLoss": null,
        "PayoffRatio": null,
        "NetPnL": 29.005818482606635,
        "GrossPnL": 32.743340991678984,
        "GrossAfterSlippageBeforeFees": 31.80895938211067,
        "MaxDrawdown": null,
        "MaxDrawdownFraction": null,
        "MaxLosingStreak": 0,
        "MaxWinningStreak": 1,
        "Fees": 2.8031408995040388,
        "Slippage": 0.9343816095683083,
        "AvgHoldingSeconds": 5100.0
      }
    },
    "mapping": {
      "60/15": {
        "CLOSED": 2,
        "Wins": 0,
        "Losses": 2,
        "BE": 0,
        "WinRate": 0.0,
        "ProfitFactor": 0.0,
        "Expectancy": -21.857068738986626,
        "AvgR": -1.0,
        "MedianR": -1.0,
        "AvgWin": null,
        "AvgLoss": 21.857068738986626,
        "PayoffRatio": null,
        "NetPnL": -43.71413747797325,
        "GrossPnL": -35.8022245011148,
        "GrossAfterSlippageBeforeFees": -37.78020167126256,
        "MaxDrawdown": null,
        "MaxDrawdownFraction": null,
        "MaxLosingStreak": 2,
        "MaxWinningStreak": 0,
        "Fees": 5.933935806710698,
        "Slippage": 1.977977170147761,
        "AvgHoldingSeconds": 3000.0
      },
      "60/5": {
        "CLOSED": 1,
        "Wins": 0,
        "Losses": 1,
        "BE": 0,
        "WinRate": 0.0,
        "ProfitFactor": 0.0,
        "Expectancy": -22.932000000000006,
        "AvgR": -1.0000000000000002,
        "MedianR": -1.0000000000000002,
        "AvgWin": null,
        "AvgLoss": 22.932000000000006,
        "PayoffRatio": null,
        "NetPnL": -22.932000000000006,
        "GrossPnL": -18.600368374766216,
        "GrossAfterSlippageBeforeFees": -19.68327572306343,
        "MaxDrawdown": null,
        "MaxDrawdownFraction": null,
        "MaxLosingStreak": 1,
        "MaxWinningStreak": 0,
        "Fees": 3.2487242769365725,
        "Slippage": 1.0829073482972134,
        "AvgHoldingSeconds": 2400.0
      },
      "15/5": {
        "CLOSED": 3,
        "Wins": 1,
        "Losses": 2,
        "BE": 0,
        "WinRate": 0.3333333333333333,
        "ProfitFactor": 0.6518563879207984,
        "Expectancy": -5.163811439131123,
        "AvgR": -0.15269500493967034,
        "MedianR": -1.0,
        "AvgWin": 29.005818482606635,
        "AvgLoss": 22.248626400000003,
        "PayoffRatio": 1.3037127758415967,
        "NetPnL": -15.49143431739337,
        "GrossPnL": -3.434679545811548,
        "GrossAfterSlippageBeforeFees": -6.448868135666384,
        "MaxDrawdown": null,
        "MaxDrawdownFraction": null,
        "MaxLosingStreak": 2,
        "MaxWinningStreak": 1,
        "Fees": 9.042566181726988,
        "Slippage": 3.0141885898548346,
        "AvgHoldingSeconds": 7800.0
      },
      "240/15": {
        "CLOSED": 5,
        "Wins": 0,
        "Losses": 5,
        "BE": 0,
        "WinRate": 0.0,
        "ProfitFactor": 0.0,
        "Expectancy": -20.254443526509583,
        "AvgR": -1.0,
        "MedianR": -1.0,
        "AvgWin": null,
        "AvgLoss": 20.254443526509583,
        "PayoffRatio": null,
        "NetPnL": -101.2722176325479,
        "GrossPnL": -79.33269618517421,
        "GrossAfterSlippageBeforeFees": -84.81757416703581,
        "MaxDrawdown": null,
        "MaxDrawdownFraction": null,
        "MaxLosingStreak": 5,
        "MaxWinningStreak": 0,
        "Fees": 16.454643465512092,
        "Slippage": 5.484877981861601,
        "AvgHoldingSeconds": 5760.0
      },
      "240/60": {
        "CLOSED": 1,
        "Wins": 0,
        "Losses": 1,
        "BE": 0,
        "WinRate": 0.0,
        "ProfitFactor": 0.0,
        "Expectancy": -20.728711712217606,
        "AvgR": -1.0,
        "MedianR": -1.0,
        "AvgWin": null,
        "AvgLoss": 20.728711712217606,
        "PayoffRatio": null,
        "NetPnL": -20.728711712217606,
        "GrossPnL": -17.980457694587788,
        "GrossAfterSlippageBeforeFees": -18.66752065958137,
        "MaxDrawdown": null,
        "MaxDrawdownFraction": null,
        "MaxLosingStreak": 1,
        "MaxWinningStreak": 0,
        "Fees": 2.061191052636236,
        "Slippage": 0.6870629649935849,
        "AvgHoldingSeconds": 26700.0
      },
      "240/5": {
        "CLOSED": 1,
        "Wins": 1,
        "Losses": 0,
        "BE": 0,
        "WinRate": 1.0,
        "ProfitFactor": null,
        "Expectancy": 3.7220674679593966,
        "AvgR": 0.1986467897841299,
        "MedianR": 0.1986467897841299,
        "AvgWin": 3.7220674679593966,
        "AvgLoss": null,
        "PayoffRatio": null,
        "NetPnL": 3.7220674679593966,
        "GrossPnL": 7.177580538155967,
        "GrossAfterSlippageBeforeFees": 6.313702055279461,
        "MaxDrawdown": null,
        "MaxDrawdownFraction": null,
        "MaxLosingStreak": 0,
        "MaxWinningStreak": 1,
        "Fees": 2.5916345873200646,
        "Slippage": 0.8638784828765051,
        "AvgHoldingSeconds": 600.0
      }
    }
  },
  "admission_decisions": {
    "VIRTUAL_LIMIT_PENDING": 460,
    "CANCEL_OPEN_OUTSIDE_SL_FTA": 95,
    "CANCEL_CONFIRMED_LTF_STRUCTURE_BROKEN": 156,
    "CANCEL_FLOW_DESTINATION_TESTED": 137,
    "ONE_SEQUENTIAL_ACCOUNT_BUSY": 187,
    "CANCEL_DEMAND_SUPPLY_SECOND_VISIT_NOT_FRESH": 4,
    "CANCEL_ISOLATED_VIRTUAL_BUDGET": 47,
    "CANCEL_COST_GEOMETRY": 3,
    "CANCEL_ACTIVE_HTF_STRUCTURE_BROKEN": 4
  },
  "primary_selection": "FIRST_50_CHRONOLOGICAL_CLOSED_ONE_SEQUENTIAL_ACCOUNT",
  "mode": "BACKTEST",
  "trade_entry_allowed": false,
  "one_position": true,
  "initial_equity": 1170.0,
  "final_cash": 968.8653764044496,
  "final_equity": 962.6638681496541,
  "funding": "UNAVAILABLE_NOT_MODELLED",
  "cohort": "BYBIT_2026_ALREADY_INSPECTED_DEVELOPMENT"
}
