test_ambiguous_range_episodes_are_resolved_without_reuse (test_work_regressions.WorkRegressions.test_ambiguous_range_episodes_are_resolved_without_reuse) ... FAIL
test_invalid_post_bos_impulse_rejects_geometry_without_crashing_mtf (test_work_regressions.WorkRegressions.test_invalid_post_bos_impulse_rejects_geometry_without_crashing_mtf) ... ERROR
test_later_opposite_opportunity_does_not_renumber_previous (test_work_regressions.WorkRegressions.test_later_opposite_opportunity_does_not_renumber_previous) ... FAIL
test_nonfinite_sfp_levels_are_rejected (test_work_regressions.WorkRegressions.test_nonfinite_sfp_levels_are_rejected) ... 
  test_nonfinite_sfp_levels_are_rejected (test_work_regressions.WorkRegressions.test_nonfinite_sfp_levels_are_rejected) (value=nan) ... FAIL
  test_nonfinite_sfp_levels_are_rejected (test_work_regressions.WorkRegressions.test_nonfinite_sfp_levels_are_rejected) (value=inf) ... FAIL
test_order_block_geometry_rejects_unclosed_or_nonadjacent_candles (test_work_regressions.WorkRegressions.test_order_block_geometry_rejects_unclosed_or_nonadjacent_candles) ... 
  test_order_block_geometry_rejects_unclosed_or_nonadjacent_candles (test_work_regressions.WorkRegressions.test_order_block_geometry_rejects_unclosed_or_nonadjacent_candles) (previous=Candle(open_time=datetime.datetime(2026, 1, 1, 0, 0, tzinfo=datetime.timezone.utc), close_time=datetime.datetime(2026, 1, 1, 0, 1, tzinfo=datetime.timezone.utc), open=100, high=108, low=99, close=105, is_closed=False), current=Candle(open_time=datetime.datetime(2026, 1, 1, 0, 1, tzinfo=datetime.timezone.utc), close_time=datetime.datetime(2026, 1, 1, 0, 2, tzinfo=datetime.timezone.utc), open=105, high=110, low=98, close=109, is_closed=True)) ... FAIL
  test_order_block_geometry_rejects_unclosed_or_nonadjacent_candles (test_work_regressions.WorkRegressions.test_order_block_geometry_rejects_unclosed_or_nonadjacent_candles) (previous=Candle(open_time=datetime.datetime(2026, 1, 1, 0, 0, tzinfo=datetime.timezone.utc), close_time=datetime.datetime(2026, 1, 1, 0, 1, tzinfo=datetime.timezone.utc), open=100, high=108, low=99, close=105, is_closed=True), current=Candle(open_time=datetime.datetime(2026, 1, 1, 0, 1, tzinfo=datetime.timezone.utc), close_time=datetime.datetime(2026, 1, 1, 0, 2, tzinfo=datetime.timezone.utc), open=105, high=110, low=98, close=109, is_closed=False)) ... FAIL
  test_order_block_geometry_rejects_unclosed_or_nonadjacent_candles (test_work_regressions.WorkRegressions.test_order_block_geometry_rejects_unclosed_or_nonadjacent_candles) (previous=Candle(open_time=datetime.datetime(2026, 1, 1, 0, 0, tzinfo=datetime.timezone.utc), close_time=datetime.datetime(2026, 1, 1, 0, 1, tzinfo=datetime.timezone.utc), open=100, high=108, low=99, close=105, is_closed=True), current=Candle(open_time=datetime.datetime(2026, 1, 1, 0, 1, 5, tzinfo=datetime.timezone.utc), close_time=datetime.datetime(2026, 1, 1, 0, 2, tzinfo=datetime.timezone.utc), open=105, high=110, low=98, close=109, is_closed=True)) ... FAIL
test_overlapping_history_is_rejected_by_both_engines (test_work_regressions.WorkRegressions.test_overlapping_history_is_rejected_by_both_engines) ... FAIL
test_range_rejects_future_events_in_external_base_report (test_work_regressions.WorkRegressions.test_range_rejects_future_events_in_external_base_report) ... FAIL
test_sfp_requires_immediate_next_candle (test_work_regressions.WorkRegressions.test_sfp_requires_immediate_next_candle) ... FAIL
test_unknown_direction_is_not_silently_treated_as_short (test_work_regressions.WorkRegressions.test_unknown_direction_is_not_silently_treated_as_short) ... 
  test_unknown_direction_is_not_silently_treated_as_short (test_work_regressions.WorkRegressions.test_unknown_direction_is_not_silently_treated_as_short) (operation=<function WorkRegressions.test_unknown_direction_is_not_silently_treated_as_short.<locals>.<lambda> at 0x7f4c4dfbd580>) ... FAIL
  test_unknown_direction_is_not_silently_treated_as_short (test_work_regressions.WorkRegressions.test_unknown_direction_is_not_silently_treated_as_short) (operation=<function WorkRegressions.test_unknown_direction_is_not_silently_treated_as_short.<locals>.<lambda> at 0x7f4c4dfbd4e0>) ... FAIL
  test_unknown_direction_is_not_silently_treated_as_short (test_work_regressions.WorkRegressions.test_unknown_direction_is_not_silently_treated_as_short) (operation=<function WorkRegressions.test_unknown_direction_is_not_silently_treated_as_short.<locals>.<lambda> at 0x7f4c4dfbd080>) ... FAIL

======================================================================
ERROR: test_invalid_post_bos_impulse_rejects_geometry_without_crashing_mtf (test_work_regressions.WorkRegressions.test_invalid_post_bos_impulse_rejects_geometry_without_crashing_mtf)
----------------------------------------------------------------------
Traceback (most recent call last):
  File "/workspace/crypto_bot_work/crypto_bot_phase1_4_18/tests/test_work_regressions.py", line 53, in test_invalid_post_bos_impulse_rejects_geometry_without_crashing_mtf
    rejected = _attach_entry_geometry((opp,), r)[0]
               ^^^^^^^^^^^^^^^^^^^^^^^^^^^^^^^^^
  File "/tmp/crypto_bot_original/src/crypto_bot/strategy/mtf_sfp.py", line 281, in _attach_entry_geometry
    context = derive_structural_impulse_context(
              ^^^^^^^^^^^^^^^^^^^^^^^^^^^^^^^^^^
  File "/tmp/crypto_bot_original/src/crypto_bot/strategy/trade_plan.py", line 270, in derive_structural_impulse_context
    zone = ote_entry_zone(
           ^^^^^^^^^^^^^^^
  File "/tmp/crypto_bot_original/src/crypto_bot/strategy/trade_plan.py", line 102, in ote_entry_zone
    raise TradePlanGeometryError("LONG OTE requires an upward impulse")
crypto_bot.strategy.trade_plan.TradePlanGeometryError: LONG OTE requires an upward impulse

======================================================================
FAIL: test_ambiguous_range_episodes_are_resolved_without_reuse (test_work_regressions.WorkRegressions.test_ambiguous_range_episodes_are_resolved_without_reuse)
----------------------------------------------------------------------
Traceback (most recent call last):
  File "/workspace/crypto_bot_work/crypto_bot_phase1_4_18/tests/test_work_regressions.py", line 88, in test_ambiguous_range_episodes_are_resolved_without_reuse
    self.assertTrue(all(ep.resolved_index == 7 for ep in r.sweep_episodes))
AssertionError: False is not true

======================================================================
FAIL: test_later_opposite_opportunity_does_not_renumber_previous (test_work_regressions.WorkRegressions.test_later_opposite_opportunity_does_not_renumber_previous)
----------------------------------------------------------------------
Traceback (most recent call last):
  File "/workspace/crypto_bot_work/crypto_bot_phase1_4_18/tests/test_work_regressions.py", line 100, in test_later_opposite_opportunity_does_not_renumber_previous
    self.assertEqual(before.opportunities[0], after.opportunities[0])
AssertionError: MtfOp[133 chars]tion.SHORT: 'short'>, ltf_bos_kind=<MarketEven[1221 chars]TRY') != MtfOp[133 chars]tion.LONG: 'long'>, ltf_bos_kind=<MarketEventK[1221 chars]TRY')

======================================================================
FAIL: test_nonfinite_sfp_levels_are_rejected (test_work_regressions.WorkRegressions.test_nonfinite_sfp_levels_are_rejected) (value=nan)
----------------------------------------------------------------------
Traceback (most recent call last):
  File "/workspace/crypto_bot_work/crypto_bot_phase1_4_18/tests/test_work_regressions.py", line 66, in test_nonfinite_sfp_levels_are_rejected
    with self.subTest(value=value), self.assertRaises(ValueError):
                                    ^^^^^^^^^^^^^^^^^^^^^^^^^^^^^
AssertionError: ValueError not raised

======================================================================
FAIL: test_nonfinite_sfp_levels_are_rejected (test_work_regressions.WorkRegressions.test_nonfinite_sfp_levels_are_rejected) (value=inf)
----------------------------------------------------------------------
Traceback (most recent call last):
  File "/workspace/crypto_bot_work/crypto_bot_phase1_4_18/tests/test_work_regressions.py", line 66, in test_nonfinite_sfp_levels_are_rejected
    with self.subTest(value=value), self.assertRaises(ValueError):
                                    ^^^^^^^^^^^^^^^^^^^^^^^^^^^^^
AssertionError: ValueError not raised

======================================================================
FAIL: test_order_block_geometry_rejects_unclosed_or_nonadjacent_candles (test_work_regressions.WorkRegressions.test_order_block_geometry_rejects_unclosed_or_nonadjacent_candles) (previous=Candle(open_time=datetime.datetime(2026, 1, 1, 0, 0, tzinfo=datetime.timezone.utc), close_time=datetime.datetime(2026, 1, 1, 0, 1, tzinfo=datetime.timezone.utc), open=100, high=108, low=99, close=105, is_closed=False), current=Candle(open_time=datetime.datetime(2026, 1, 1, 0, 1, tzinfo=datetime.timezone.utc), close_time=datetime.datetime(2026, 1, 1, 0, 2, tzinfo=datetime.timezone.utc), open=105, high=110, low=98, close=109, is_closed=True))
----------------------------------------------------------------------
Traceback (most recent call last):
  File "/workspace/crypto_bot_work/crypto_bot_phase1_4_18/tests/test_work_regressions.py", line 35, in test_order_block_geometry_rejects_unclosed_or_nonadjacent_candles
    with self.subTest(previous=previous, current=current), self.assertRaises(ValueError):
                                                           ^^^^^^^^^^^^^^^^^^^^^^^^^^^^^
AssertionError: ValueError not raised

======================================================================
FAIL: test_order_block_geometry_rejects_unclosed_or_nonadjacent_candles (test_work_regressions.WorkRegressions.test_order_block_geometry_rejects_unclosed_or_nonadjacent_candles) (previous=Candle(open_time=datetime.datetime(2026, 1, 1, 0, 0, tzinfo=datetime.timezone.utc), close_time=datetime.datetime(2026, 1, 1, 0, 1, tzinfo=datetime.timezone.utc), open=100, high=108, low=99, close=105, is_closed=True), current=Candle(open_time=datetime.datetime(2026, 1, 1, 0, 1, tzinfo=datetime.timezone.utc), close_time=datetime.datetime(2026, 1, 1, 0, 2, tzinfo=datetime.timezone.utc), open=105, high=110, low=98, close=109, is_closed=False))
----------------------------------------------------------------------
Traceback (most recent call last):
  File "/workspace/crypto_bot_work/crypto_bot_phase1_4_18/tests/test_work_regressions.py", line 35, in test_order_block_geometry_rejects_unclosed_or_nonadjacent_candles
    with self.subTest(previous=previous, current=current), self.assertRaises(ValueError):
                                                           ^^^^^^^^^^^^^^^^^^^^^^^^^^^^^
AssertionError: ValueError not raised

======================================================================
FAIL: test_order_block_geometry_rejects_unclosed_or_nonadjacent_candles (test_work_regressions.WorkRegressions.test_order_block_geometry_rejects_unclosed_or_nonadjacent_candles) (previous=Candle(open_time=datetime.datetime(2026, 1, 1, 0, 0, tzinfo=datetime.timezone.utc), close_time=datetime.datetime(2026, 1, 1, 0, 1, tzinfo=datetime.timezone.utc), open=100, high=108, low=99, close=105, is_closed=True), current=Candle(open_time=datetime.datetime(2026, 1, 1, 0, 1, 5, tzinfo=datetime.timezone.utc), close_time=datetime.datetime(2026, 1, 1, 0, 2, tzinfo=datetime.timezone.utc), open=105, high=110, low=98, close=109, is_closed=True))
----------------------------------------------------------------------
Traceback (most recent call last):
  File "/workspace/crypto_bot_work/crypto_bot_phase1_4_18/tests/test_work_regressions.py", line 35, in test_order_block_geometry_rejects_unclosed_or_nonadjacent_candles
    with self.subTest(previous=previous, current=current), self.assertRaises(ValueError):
                                                           ^^^^^^^^^^^^^^^^^^^^^^^^^^^^^
AssertionError: ValueError not raised

======================================================================
FAIL: test_overlapping_history_is_rejected_by_both_engines (test_work_regressions.WorkRegressions.test_overlapping_history_is_rejected_by_both_engines)
----------------------------------------------------------------------
Traceback (most recent call last):
  File "/workspace/crypto_bot_work/crypto_bot_phase1_4_18/tests/test_work_regressions.py", line 71, in test_overlapping_history_is_rejected_by_both_engines
    with self.assertRaises(MarketAnalysisError):
         ^^^^^^^^^^^^^^^^^^^^^^^^^^^^^^^^^^^^^^
AssertionError: MarketAnalysisError not raised

======================================================================
FAIL: test_range_rejects_future_events_in_external_base_report (test_work_regressions.WorkRegressions.test_range_rejects_future_events_in_external_base_report)
----------------------------------------------------------------------
Traceback (most recent call last):
  File "/workspace/crypto_bot_work/crypto_bot_phase1_4_18/tests/test_work_regressions.py", line 78, in test_range_rejects_future_events_in_external_base_report
    with self.assertRaises(RangeAnalysisError):
         ^^^^^^^^^^^^^^^^^^^^^^^^^^^^^^^^^^^^^
AssertionError: RangeAnalysisError not raised

======================================================================
FAIL: test_sfp_requires_immediate_next_candle (test_work_regressions.WorkRegressions.test_sfp_requires_immediate_next_candle)
----------------------------------------------------------------------
Traceback (most recent call last):
  File "/workspace/crypto_bot_work/crypto_bot_phase1_4_18/tests/test_work_regressions.py", line 62, in test_sfp_requires_immediate_next_candle
    self.assertFalse(detect_sfp(sweep, minute_c(4, 99, 100, 98, 99), 100, 'high').valid)
AssertionError: True is not false

======================================================================
FAIL: test_unknown_direction_is_not_silently_treated_as_short (test_work_regressions.WorkRegressions.test_unknown_direction_is_not_silently_treated_as_short) (operation=<function WorkRegressions.test_unknown_direction_is_not_silently_treated_as_short.<locals>.<lambda> at 0x7f4c4dfbd580>)
----------------------------------------------------------------------
Traceback (most recent call last):
  File "/workspace/crypto_bot_work/crypto_bot_phase1_4_18/tests/test_work_regressions.py", line 24, in test_unknown_direction_is_not_silently_treated_as_short
    with self.subTest(operation=operation), self.assertRaises(ValueError):
                                            ^^^^^^^^^^^^^^^^^^^^^^^^^^^^^
AssertionError: ValueError not raised

======================================================================
FAIL: test_unknown_direction_is_not_silently_treated_as_short (test_work_regressions.WorkRegressions.test_unknown_direction_is_not_silently_treated_as_short) (operation=<function WorkRegressions.test_unknown_direction_is_not_silently_treated_as_short.<locals>.<lambda> at 0x7f4c4dfbd4e0>)
----------------------------------------------------------------------
Traceback (most recent call last):
  File "/workspace/crypto_bot_work/crypto_bot_phase1_4_18/tests/test_work_regressions.py", line 24, in test_unknown_direction_is_not_silently_treated_as_short
    with self.subTest(operation=operation), self.assertRaises(ValueError):
                                            ^^^^^^^^^^^^^^^^^^^^^^^^^^^^^
AssertionError: ValueError not raised

======================================================================
FAIL: test_unknown_direction_is_not_silently_treated_as_short (test_work_regressions.WorkRegressions.test_unknown_direction_is_not_silently_treated_as_short) (operation=<function WorkRegressions.test_unknown_direction_is_not_silently_treated_as_short.<locals>.<lambda> at 0x7f4c4dfbd080>)
----------------------------------------------------------------------
Traceback (most recent call last):
  File "/workspace/crypto_bot_work/crypto_bot_phase1_4_18/tests/test_work_regressions.py", line 24, in test_unknown_direction_is_not_silently_treated_as_short
    with self.subTest(operation=operation), self.assertRaises(ValueError):
                                            ^^^^^^^^^^^^^^^^^^^^^^^^^^^^^
AssertionError: ValueError not raised

----------------------------------------------------------------------
Ran 9 tests in 0.011s

FAILED (failures=13, errors=1)
